Command line invocation:
    /Applications/Xcode.app/Contents/Developer/usr/bin/xcodebuild -project OpenPlane.xcodeproj -scheme OpenPlane -configuration Debug -derivedDataPath /tmp/openplane-chronological/tests -destination platform=macOS -parallel-testing-enabled NO PRODUCT_BUNDLE_IDENTIFIER=com.yalpani.openplane.tests "-only-testing:OpenPlaneTests/ChronologicalModeTests/testAllAppsLabelRemainsFixedWhileZooming" test

Build settings from command line:
    PRODUCT_BUNDLE_IDENTIFIER = com.yalpani.openplane.tests

2026-09-07 14:22:27.061 xcodebuild[68353:2122334] [MT] IDERunDestination: Supported platforms for the buildables in the current scheme is empty.
--- xcodebuild: WARNING: Using the first of multiple matching destinations:
{ platform:macOS, arch:arm64, id:00006020-0016685611C0C01E, name:My Mac }
{ platform:macOS, arch:x86_64, id:00006020-0016685611C0C01E, name:My Mac }
ComputePackagePrebuildTargetDependencyGraph

Prepare packages

CreateBuildRequest

SendProjectDescription

CreateBuildOperation

ComputeTargetDependencyGraph
note: Building targets in dependency order
note: Target dependency graph (2 targets)
    Target 'OpenPlaneTests' in project 'OpenPlane'
        ➜ Explicit dependency on target 'OpenPlane' in project 'OpenPlane'
    Target 'OpenPlane' in project 'OpenPlane' (no dependencies)

GatherProvisioningInputs

CreateBuildDescription

ClangStatCache /Applications/Xcode.app/Contents/Developer/Toolchains/XcodeDefault.xctoolchain/usr/bin/clang-stat-cache /Applications/Xcode.app/Contents/Developer/Platforms/MacOSX.platform/Developer/SDKs/MacOSX26.5.sdk /tmp/openplane-chronological/tests/SDKStatCaches.noindex/macosx26.5-25F70-e082c4a02f00227109f4ed75e425c832.sdkstatcache
    cd /Users/ayalpani/dev/_products/openplane/OpenPlane.xcodeproj
    /Applications/Xcode.app/Contents/Developer/Toolchains/XcodeDefault.xctoolchain/usr/bin/clang-stat-cache /Applications/Xcode.app/Contents/Developer/Platforms/MacOSX.platform/Developer/SDKs/MacOSX26.5.sdk -o /tmp/openplane-chronological/tests/SDKStatCaches.noindex/macosx26.5-25F70-e082c4a02f00227109f4ed75e425c832.sdkstatcache

SwiftDriver OpenPlaneTests normal arm64 com.apple.xcode.tools.swift.compiler (in target 'OpenPlaneTests' from project 'OpenPlane')
    cd /Users/ayalpani/dev/_products/openplane
    builtin-SwiftDriver -- /Applications/Xcode.app/Contents/Developer/Toolchains/XcodeDefault.xctoolchain/usr/bin/swiftc -module-name OpenPlaneTests -Onone @/tmp/openplane-chronological/tests/Build/Intermediates.noindex/OpenPlane.build/Debug/OpenPlaneTests.build/Objects-normal/arm64/OpenPlaneTests.SwiftFileList -DDEBUG -plugin-path /Applications/Xcode.app/Contents/Developer/Toolchains/XcodeDefault.xctoolchain/usr/lib/swift/host/plugins/testing -enable-experimental-feature DebugDescriptionMacro -sdk /Applications/Xcode.app/Contents/Developer/Platforms/MacOSX.platform/Developer/SDKs/MacOSX26.5.sdk -target arm64-apple-macos26.0 -g -module-cache-path /tmp/openplane-chronological/tests/ModuleCache.noindex -Xfrontend -serialize-debugging-options -profile-coverage-mapping -profile-generate -index-store-path /tmp/openplane-chronological/tests/Index.noindex/DataStore -Xcc -D_LIBCPP_HARDENING_MODE\=_LIBCPP_HARDENING_MODE_DEBUG -swift-version 6 -I /tmp/openplane-chronological/tests/Build/Products/Debug -Isystem /Applications/Xcode.app/Contents/Developer/Platforms/MacOSX.platform/Developer/usr/lib -F /tmp/openplane-chronological/tests/Build/Products/Debug -F /Applications/Xcode.app/Contents/Developer/Platforms/MacOSX.platform/Developer/Library/Frameworks -c -j12 -enable-batch-mode -incremental -Xcc -ivfsstatcache -Xcc /tmp/openplane-chronological/tests/SDKStatCaches.noindex/macosx26.5-25F70-e082c4a02f00227109f4ed75e425c832.sdkstatcache -output-file-map /tmp/openplane-chronological/tests/Build/Intermediates.noindex/OpenPlane.build/Debug/OpenPlaneTests.build/Objects-normal/arm64/OpenPlaneTests-OutputFileMap.json -use-frontend-parseable-output -save-temps -no-color-diagnostics -explicit-module-build -module-cache-path /tmp/openplane-chronological/tests/Build/Intermediates.noindex/SwiftExplicitPrecompiledModules -clang-scanner-module-cache-path /tmp/openplane-chronological/tests/ModuleCache.noindex -sdk-module-cache-path /tmp/openplane-chronological/tests/ModuleCache.noindex -serialize-diagnostics -emit-dependencies -emit-module -emit-module-path /tmp/openplane-chronological/tests/Build/Intermediates.noindex/OpenPlane.build/Debug/OpenPlaneTests.build/Objects-normal/arm64/OpenPlaneTests.swiftmodule -validate-clang-modules-once -clang-build-session-file /tmp/openplane-chronological/tests/ModuleCache.noindex/Session.modulevalidation -Xcc -I/tmp/openplane-chronological/tests/Build/Intermediates.noindex/OpenPlane.build/Debug/OpenPlaneTests.build/swift-overrides.hmap -emit-const-values -Xfrontend -const-gather-protocols-file -Xfrontend /tmp/openplane-chronological/tests/Build/Intermediates.noindex/OpenPlane.build/Debug/OpenPlaneTests.build/Objects-normal/arm64/OpenPlaneTests_const_extract_protocols.json -Xcc -iquote -Xcc /tmp/openplane-chronological/tests/Build/Intermediates.noindex/OpenPlane.build/Debug/OpenPlaneTests.build/OpenPlaneTests-generated-files.hmap -Xcc -I/tmp/openplane-chronological/tests/Build/Intermediates.noindex/OpenPlane.build/Debug/OpenPlaneTests.build/OpenPlaneTests-own-target-headers.hmap -Xcc -I/tmp/openplane-chronological/tests/Build/Intermediates.noindex/OpenPlane.build/Debug/OpenPlaneTests.build/OpenPlaneTests-all-target-headers.hmap -Xcc -iquote -Xcc /tmp/openplane-chronological/tests/Build/Intermediates.noindex/OpenPlane.build/Debug/OpenPlaneTests.build/OpenPlaneTests-project-headers.hmap -Xcc -I/tmp/openplane-chronological/tests/Build/Products/Debug/include -Xcc -I/tmp/openplane-chronological/tests/Build/Intermediates.noindex/OpenPlane.build/Debug/OpenPlaneTests.build/DerivedSources-normal/arm64 -Xcc -I/tmp/openplane-chronological/tests/Build/Intermediates.noindex/OpenPlane.build/Debug/OpenPlaneTests.build/DerivedSources/arm64 -Xcc -I/tmp/openplane-chronological/tests/Build/Intermediates.noindex/OpenPlane.build/Debug/OpenPlaneTests.build/DerivedSources -Xcc -DDEBUG\=1 -emit-objc-header -emit-objc-header-path /tmp/openplane-chronological/tests/Build/Intermediates.noindex/OpenPlane.build/Debug/OpenPlaneTests.build/Objects-normal/arm64/OpenPlaneTests-Swift.h -working-directory /Users/ayalpani/dev/_products/openplane -experimental-emit-module-separately -disable-cmo

SwiftEmitModule normal arm64 Emitting\ module\ for\ OpenPlaneTests (in target 'OpenPlaneTests' from project 'OpenPlane')

EmitSwiftModule normal arm64 (in target 'OpenPlaneTests' from project 'OpenPlane')
    cd /Users/ayalpani/dev/_products/openplane
    

SwiftCompile normal arm64 Compiling\ CanvasMathTests.swift /Users/ayalpani/dev/_products/openplane/OpenPlaneTests/CanvasMathTests.swift (in target 'OpenPlaneTests' from project 'OpenPlane')
SwiftCompile normal arm64 /Users/ayalpani/dev/_products/openplane/OpenPlaneTests/CanvasMathTests.swift (in target 'OpenPlaneTests' from project 'OpenPlane')
    cd /Users/ayalpani/dev/_products/openplane
    

SwiftDriverJobDiscovery normal arm64 Emitting module for OpenPlaneTests (in target 'OpenPlaneTests' from project 'OpenPlane')

SwiftDriver\ Compilation\ Requirements OpenPlaneTests normal arm64 com.apple.xcode.tools.swift.compiler (in target 'OpenPlaneTests' from project 'OpenPlane')
    cd /Users/ayalpani/dev/_products/openplane
    builtin-Swift-Compilation-Requirements -- /Applications/Xcode.app/Contents/Developer/Toolchains/XcodeDefault.xctoolchain/usr/bin/swiftc -module-name OpenPlaneTests -Onone @/tmp/openplane-chronological/tests/Build/Intermediates.noindex/OpenPlane.build/Debug/OpenPlaneTests.build/Objects-normal/arm64/OpenPlaneTests.SwiftFileList -DDEBUG -plugin-path /Applications/Xcode.app/Contents/Developer/Toolchains/XcodeDefault.xctoolchain/usr/lib/swift/host/plugins/testing -enable-experimental-feature DebugDescriptionMacro -sdk /Applications/Xcode.app/Contents/Developer/Platforms/MacOSX.platform/Developer/SDKs/MacOSX26.5.sdk -target arm64-apple-macos26.0 -g -module-cache-path /tmp/openplane-chronological/tests/ModuleCache.noindex -Xfrontend -serialize-debugging-options -profile-coverage-mapping -profile-generate -index-store-path /tmp/openplane-chronological/tests/Index.noindex/DataStore -Xcc -D_LIBCPP_HARDENING_MODE\=_LIBCPP_HARDENING_MODE_DEBUG -swift-version 6 -I /tmp/openplane-chronological/tests/Build/Products/Debug -Isystem /Applications/Xcode.app/Contents/Developer/Platforms/MacOSX.platform/Developer/usr/lib -F /tmp/openplane-chronological/tests/Build/Products/Debug -F /Applications/Xcode.app/Contents/Developer/Platforms/MacOSX.platform/Developer/Library/Frameworks -c -j12 -enable-batch-mode -incremental -Xcc -ivfsstatcache -Xcc /tmp/openplane-chronological/tests/SDKStatCaches.noindex/macosx26.5-25F70-e082c4a02f00227109f4ed75e425c832.sdkstatcache -output-file-map /tmp/openplane-chronological/tests/Build/Intermediates.noindex/OpenPlane.build/Debug/OpenPlaneTests.build/Objects-normal/arm64/OpenPlaneTests-OutputFileMap.json -use-frontend-parseable-output -save-temps -no-color-diagnostics -explicit-module-build -module-cache-path /tmp/openplane-chronological/tests/Build/Intermediates.noindex/SwiftExplicitPrecompiledModules -clang-scanner-module-cache-path /tmp/openplane-chronological/tests/ModuleCache.noindex -sdk-module-cache-path /tmp/openplane-chronological/tests/ModuleCache.noindex -serialize-diagnostics -emit-dependencies -emit-module -emit-module-path /tmp/openplane-chronological/tests/Build/Intermediates.noindex/OpenPlane.build/Debug/OpenPlaneTests.build/Objects-normal/arm64/OpenPlaneTests.swiftmodule -validate-clang-modules-once -clang-build-session-file /tmp/openplane-chronological/tests/ModuleCache.noindex/Session.modulevalidation -Xcc -I/tmp/openplane-chronological/tests/Build/Intermediates.noindex/OpenPlane.build/Debug/OpenPlaneTests.build/swift-overrides.hmap -emit-const-values -Xfrontend -const-gather-protocols-file -Xfrontend /tmp/openplane-chronological/tests/Build/Intermediates.noindex/OpenPlane.build/Debug/OpenPlaneTests.build/Objects-normal/arm64/OpenPlaneTests_const_extract_protocols.json -Xcc -iquote -Xcc /tmp/openplane-chronological/tests/Build/Intermediates.noindex/OpenPlane.build/Debug/OpenPlaneTests.build/OpenPlaneTests-generated-files.hmap -Xcc -I/tmp/openplane-chronological/tests/Build/Intermediates.noindex/OpenPlane.build/Debug/OpenPlaneTests.build/OpenPlaneTests-own-target-headers.hmap -Xcc -I/tmp/openplane-chronological/tests/Build/Intermediates.noindex/OpenPlane.build/Debug/OpenPlaneTests.build/OpenPlaneTests-all-target-headers.hmap -Xcc -iquote -Xcc /tmp/openplane-chronological/tests/Build/Intermediates.noindex/OpenPlane.build/Debug/OpenPlaneTests.build/OpenPlaneTests-project-headers.hmap -Xcc -I/tmp/openplane-chronological/tests/Build/Products/Debug/include -Xcc -I/tmp/openplane-chronological/tests/Build/Intermediates.noindex/OpenPlane.build/Debug/OpenPlaneTests.build/DerivedSources-normal/arm64 -Xcc -I/tmp/openplane-chronological/tests/Build/Intermediates.noindex/OpenPlane.build/Debug/OpenPlaneTests.build/DerivedSources/arm64 -Xcc -I/tmp/openplane-chronological/tests/Build/Intermediates.noindex/OpenPlane.build/Debug/OpenPlaneTests.build/DerivedSources -Xcc -DDEBUG\=1 -emit-objc-header -emit-objc-header-path /tmp/openplane-chronological/tests/Build/Intermediates.noindex/OpenPlane.build/Debug/OpenPlaneTests.build/Objects-normal/arm64/OpenPlaneTests-Swift.h -working-directory /Users/ayalpani/dev/_products/openplane -experimental-emit-module-separately -disable-cmo

Copy /tmp/openplane-chronological/tests/Build/Products/Debug/OpenPlaneTests.swiftmodule/Project/arm64-apple-macos.swiftsourceinfo /tmp/openplane-chronological/tests/Build/Intermediates.noindex/OpenPlane.build/Debug/OpenPlaneTests.build/Objects-normal/arm64/OpenPlaneTests.swiftsourceinfo (in target 'OpenPlaneTests' from project 'OpenPlane')
    cd /Users/ayalpani/dev/_products/openplane
    builtin-copy -exclude .DS_Store -exclude CVS -exclude .svn -exclude .git -exclude .hg -resolve-src-symlinks -rename /tmp/openplane-chronological/tests/Build/Intermediates.noindex/OpenPlane.build/Debug/OpenPlaneTests.build/Objects-normal/arm64/OpenPlaneTests.swiftsourceinfo /tmp/openplane-chronological/tests/Build/Products/Debug/OpenPlaneTests.swiftmodule/Project/arm64-apple-macos.swiftsourceinfo

Copy /tmp/openplane-chronological/tests/Build/Products/Debug/OpenPlaneTests.swiftmodule/arm64-apple-macos.abi.json /tmp/openplane-chronological/tests/Build/Intermediates.noindex/OpenPlane.build/Debug/OpenPlaneTests.build/Objects-normal/arm64/OpenPlaneTests.abi.json (in target 'OpenPlaneTests' from project 'OpenPlane')
    cd /Users/ayalpani/dev/_products/openplane
    builtin-copy -exclude .DS_Store -exclude CVS -exclude .svn -exclude .git -exclude .hg -resolve-src-symlinks -rename /tmp/openplane-chronological/tests/Build/Intermediates.noindex/OpenPlane.build/Debug/OpenPlaneTests.build/Objects-normal/arm64/OpenPlaneTests.abi.json /tmp/openplane-chronological/tests/Build/Products/Debug/OpenPlaneTests.swiftmodule/arm64-apple-macos.abi.json

SwiftDriverJobDiscovery normal arm64 Compiling CanvasMathTests.swift (in target 'OpenPlaneTests' from project 'OpenPlane')

SwiftDriver\ Compilation OpenPlaneTests normal arm64 com.apple.xcode.tools.swift.compiler (in target 'OpenPlaneTests' from project 'OpenPlane')
    cd /Users/ayalpani/dev/_products/openplane
    builtin-Swift-Compilation -- /Applications/Xcode.app/Contents/Developer/Toolchains/XcodeDefault.xctoolchain/usr/bin/swiftc -module-name OpenPlaneTests -Onone @/tmp/openplane-chronological/tests/Build/Intermediates.noindex/OpenPlane.build/Debug/OpenPlaneTests.build/Objects-normal/arm64/OpenPlaneTests.SwiftFileList -DDEBUG -plugin-path /Applications/Xcode.app/Contents/Developer/Toolchains/XcodeDefault.xctoolchain/usr/lib/swift/host/plugins/testing -enable-experimental-feature DebugDescriptionMacro -sdk /Applications/Xcode.app/Contents/Developer/Platforms/MacOSX.platform/Developer/SDKs/MacOSX26.5.sdk -target arm64-apple-macos26.0 -g -module-cache-path /tmp/openplane-chronological/tests/ModuleCache.noindex -Xfrontend -serialize-debugging-options -profile-coverage-mapping -profile-generate -index-store-path /tmp/openplane-chronological/tests/Index.noindex/DataStore -Xcc -D_LIBCPP_HARDENING_MODE\=_LIBCPP_HARDENING_MODE_DEBUG -swift-version 6 -I /tmp/openplane-chronological/tests/Build/Products/Debug -Isystem /Applications/Xcode.app/Contents/Developer/Platforms/MacOSX.platform/Developer/usr/lib -F /tmp/openplane-chronological/tests/Build/Products/Debug -F /Applications/Xcode.app/Contents/Developer/Platforms/MacOSX.platform/Developer/Library/Frameworks -c -j12 -enable-batch-mode -incremental -Xcc -ivfsstatcache -Xcc /tmp/openplane-chronological/tests/SDKStatCaches.noindex/macosx26.5-25F70-e082c4a02f00227109f4ed75e425c832.sdkstatcache -output-file-map /tmp/openplane-chronological/tests/Build/Intermediates.noindex/OpenPlane.build/Debug/OpenPlaneTests.build/Objects-normal/arm64/OpenPlaneTests-OutputFileMap.json -use-frontend-parseable-output -save-temps -no-color-diagnostics -explicit-module-build -module-cache-path /tmp/openplane-chronological/tests/Build/Intermediates.noindex/SwiftExplicitPrecompiledModules -clang-scanner-module-cache-path /tmp/openplane-chronological/tests/ModuleCache.noindex -sdk-module-cache-path /tmp/openplane-chronological/tests/ModuleCache.noindex -serialize-diagnostics -emit-dependencies -emit-module -emit-module-path /tmp/openplane-chronological/tests/Build/Intermediates.noindex/OpenPlane.build/Debug/OpenPlaneTests.build/Objects-normal/arm64/OpenPlaneTests.swiftmodule -validate-clang-modules-once -clang-build-session-file /tmp/openplane-chronological/tests/ModuleCache.noindex/Session.modulevalidation -Xcc -I/tmp/openplane-chronological/tests/Build/Intermediates.noindex/OpenPlane.build/Debug/OpenPlaneTests.build/swift-overrides.hmap -emit-const-values -Xfrontend -const-gather-protocols-file -Xfrontend /tmp/openplane-chronological/tests/Build/Intermediates.noindex/OpenPlane.build/Debug/OpenPlaneTests.build/Objects-normal/arm64/OpenPlaneTests_const_extract_protocols.json -Xcc -iquote -Xcc /tmp/openplane-chronological/tests/Build/Intermediates.noindex/OpenPlane.build/Debug/OpenPlaneTests.build/OpenPlaneTests-generated-files.hmap -Xcc -I/tmp/openplane-chronological/tests/Build/Intermediates.noindex/OpenPlane.build/Debug/OpenPlaneTests.build/OpenPlaneTests-own-target-headers.hmap -Xcc -I/tmp/openplane-chronological/tests/Build/Intermediates.noindex/OpenPlane.build/Debug/OpenPlaneTests.build/OpenPlaneTests-all-target-headers.hmap -Xcc -iquote -Xcc /tmp/openplane-chronological/tests/Build/Intermediates.noindex/OpenPlane.build/Debug/OpenPlaneTests.build/OpenPlaneTests-project-headers.hmap -Xcc -I/tmp/openplane-chronological/tests/Build/Products/Debug/include -Xcc -I/tmp/openplane-chronological/tests/Build/Intermediates.noindex/OpenPlane.build/Debug/OpenPlaneTests.build/DerivedSources-normal/arm64 -Xcc -I/tmp/openplane-chronological/tests/Build/Intermediates.noindex/OpenPlane.build/Debug/OpenPlaneTests.build/DerivedSources/arm64 -Xcc -I/tmp/openplane-chronological/tests/Build/Intermediates.noindex/OpenPlane.build/Debug/OpenPlaneTests.build/DerivedSources -Xcc -DDEBUG\=1 -emit-objc-header -emit-objc-header-path /tmp/openplane-chronological/tests/Build/Intermediates.noindex/OpenPlane.build/Debug/OpenPlaneTests.build/Objects-normal/arm64/OpenPlaneTests-Swift.h -working-directory /Users/ayalpani/dev/_products/openplane -experimental-emit-module-separately -disable-cmo

Ld /tmp/openplane-chronological/tests/Build/Products/Debug/OpenPlane.app/Contents/PlugIns/OpenPlaneTests.xctest/Contents/MacOS/OpenPlaneTests normal (in target 'OpenPlaneTests' from project 'OpenPlane')
    cd /Users/ayalpani/dev/_products/openplane
    /Applications/Xcode.app/Contents/Developer/Toolchains/XcodeDefault.xctoolchain/usr/bin/clang -Xlinker -reproducible -target arm64-apple-macos26.0 -bundle -isysroot /Applications/Xcode.app/Contents/Developer/Platforms/MacOSX.platform/Developer/SDKs/MacOSX26.5.sdk -O0 -L/tmp/openplane-chronological/tests/Build/Intermediates.noindex/EagerLinkingTBDs/Debug -L/tmp/openplane-chronological/tests/Build/Products/Debug -L/Applications/Xcode.app/Contents/Developer/Platforms/MacOSX.platform/Developer/usr/lib -F/tmp/openplane-chronological/tests/Build/Intermediates.noindex/EagerLinkingTBDs/Debug -F/tmp/openplane-chronological/tests/Build/Products/Debug -iframework /Applications/Xcode.app/Contents/Developer/Platforms/MacOSX.platform/Developer/Library/Frameworks -filelist /tmp/openplane-chronological/tests/Build/Intermediates.noindex/OpenPlane.build/Debug/OpenPlaneTests.build/Objects-normal/arm64/OpenPlaneTests.LinkFileList -Xlinker -rpath -Xlinker @loader_path/../Frameworks -Xlinker -rpath -Xlinker @executable_path/../Frameworks -bundle_loader /tmp/openplane-chronological/tests/Build/Products/Debug/OpenPlane.app/Contents/MacOS/OpenPlane -Xlinker -object_path_lto -Xlinker /tmp/openplane-chronological/tests/Build/Intermediates.noindex/OpenPlane.build/Debug/OpenPlaneTests.build/Objects-normal/arm64/OpenPlaneTests_lto.o -Xlinker -no_deduplicate -Xlinker -debug_variant -Xlinker -dependency_info -Xlinker /tmp/openplane-chronological/tests/Build/Intermediates.noindex/OpenPlane.build/Debug/OpenPlaneTests.build/Objects-normal/arm64/OpenPlaneTests_dependency_info.dat -fobjc-link-runtime -fprofile-instr-generate -L/Applications/Xcode.app/Contents/Developer/Toolchains/XcodeDefault.xctoolchain/usr/lib/swift/macosx -L/usr/lib/swift -Xlinker -add_ast_path -Xlinker /tmp/openplane-chronological/tests/Build/Intermediates.noindex/OpenPlane.build/Debug/OpenPlaneTests.build/Objects-normal/arm64/OpenPlaneTests.swiftmodule @/tmp/openplane-chronological/tests/Build/Intermediates.noindex/OpenPlane.build/Debug/OpenPlaneTests.build/Objects-normal/arm64/OpenPlaneTests-linker-args.resp -Xlinker -needed_framework -Xlinker XCTest -framework XCTest -Xlinker -needed-lXCTestSwiftSupport -lXCTestSwiftSupport -framework XCTest /tmp/openplane-chronological/tests/Build/Products/Debug/OpenPlane.app/Contents/MacOS/OpenPlane.debug.dylib -Xlinker -no_adhoc_codesign -o /tmp/openplane-chronological/tests/Build/Products/Debug/OpenPlane.app/Contents/PlugIns/OpenPlaneTests.xctest/Contents/MacOS/OpenPlaneTests

CopySwiftLibs /tmp/openplane-chronological/tests/Build/Products/Debug/OpenPlane.app/Contents/PlugIns/OpenPlaneTests.xctest (in target 'OpenPlaneTests' from project 'OpenPlane')
    cd /Users/ayalpani/dev/_products/openplane
    builtin-swiftStdLibTool --copy --verbose --sign - --scan-executable /tmp/openplane-chronological/tests/Build/Products/Debug/OpenPlane.app/Contents/PlugIns/OpenPlaneTests.xctest/Contents/MacOS/OpenPlaneTests --scan-folder /tmp/openplane-chronological/tests/Build/Products/Debug/OpenPlane.app/Contents/PlugIns/OpenPlaneTests.xctest/Contents/Frameworks --scan-folder /tmp/openplane-chronological/tests/Build/Products/Debug/OpenPlane.app/Contents/PlugIns/OpenPlaneTests.xctest/Contents/PlugIns --scan-folder /tmp/openplane-chronological/tests/Build/Products/Debug/OpenPlane.app/Contents/PlugIns/OpenPlaneTests.xctest/Contents/Library/SystemExtensions --scan-folder /tmp/openplane-chronological/tests/Build/Products/Debug/OpenPlane.app/Contents/PlugIns/OpenPlaneTests.xctest/Contents/Extensions --scan-folder /Applications/Xcode.app/Contents/Developer/Platforms/MacOSX.platform/Developer/SDKs/MacOSX26.5.sdk/System/Library/Frameworks/XCTest.framework --platform macosx --toolchain /Applications/Xcode.app/Contents/Developer/Toolchains/XcodeDefault.xctoolchain --destination /tmp/openplane-chronological/tests/Build/Products/Debug/OpenPlane.app/Contents/PlugIns/OpenPlaneTests.xctest/Contents/Frameworks --strip-bitcode --scan-executable /Applications/Xcode.app/Contents/Developer/Platforms/MacOSX.platform/Developer/usr/lib/libXCTestSwiftSupport.dylib --strip-bitcode-tool /Applications/Xcode.app/Contents/Developer/Toolchains/XcodeDefault.xctoolchain/usr/bin/bitcode_strip --emit-dependency-info /tmp/openplane-chronological/tests/Build/Intermediates.noindex/OpenPlane.build/Debug/OpenPlaneTests.build/SwiftStdLibToolInputDependencies.dep --filter-for-swift-os

ExtractAppIntentsMetadata (in target 'OpenPlaneTests' from project 'OpenPlane')
    cd /Users/ayalpani/dev/_products/openplane
    /Applications/Xcode.app/Contents/Developer/Toolchains/XcodeDefault.xctoolchain/usr/bin/appintentsmetadataprocessor --toolchain-dir /Applications/Xcode.app/Contents/Developer/Toolchains/XcodeDefault.xctoolchain --module-name OpenPlaneTests --sdk-root /Applications/Xcode.app/Contents/Developer/Platforms/MacOSX.platform/Developer/SDKs/MacOSX26.5.sdk --xcode-version 17F113 --platform-family macOS --deployment-target 26.0 --bundle-identifier com.yalpani.openplane.tests --output /tmp/openplane-chronological/tests/Build/Products/Debug/OpenPlane.app/Contents/PlugIns/OpenPlaneTests.xctest/Contents/Resources --target-triple arm64-apple-macos26.0 --binary-file /tmp/openplane-chronological/tests/Build/Products/Debug/OpenPlane.app/Contents/PlugIns/OpenPlaneTests.xctest/Contents/MacOS/OpenPlaneTests --dependency-file /tmp/openplane-chronological/tests/Build/Intermediates.noindex/OpenPlane.build/Debug/OpenPlaneTests.build/Objects-normal/arm64/OpenPlaneTests_dependency_info.dat --stringsdata-file /tmp/openplane-chronological/tests/Build/Intermediates.noindex/OpenPlane.build/Debug/OpenPlaneTests.build/Objects-normal/arm64/ExtractedAppShortcutsMetadata.stringsdata --source-file-list /tmp/openplane-chronological/tests/Build/Intermediates.noindex/OpenPlane.build/Debug/OpenPlaneTests.build/Objects-normal/arm64/OpenPlaneTests.SwiftFileList --metadata-file-list /tmp/openplane-chronological/tests/Build/Intermediates.noindex/OpenPlane.build/Debug/OpenPlaneTests.build/OpenPlaneTests.DependencyMetadataFileList --static-metadata-file-list /tmp/openplane-chronological/tests/Build/Intermediates.noindex/OpenPlane.build/Debug/OpenPlaneTests.build/OpenPlaneTests.DependencyStaticMetadataFileList --swift-const-vals-list /tmp/openplane-chronological/tests/Build/Intermediates.noindex/OpenPlane.build/Debug/OpenPlaneTests.build/Objects-normal/arm64/OpenPlaneTests.SwiftConstValuesFileList --compile-time-extraction --deployment-aware-processing --validate-assistant-intents --no-app-shortcuts-localization
2026-09-07 14:22:31.049 appintentsmetadataprocessor[68376:2122624] Starting appintentsmetadataprocessor export
2026-09-07 14:22:31.050 appintentsmetadataprocessor[68376:2122624] warning: Metadata extraction skipped. No AppIntents.framework dependency found.

CodeSign /tmp/openplane-chronological/tests/Build/Products/Debug/OpenPlane.app/Contents/PlugIns/OpenPlaneTests.xctest (in target 'OpenPlaneTests' from project 'OpenPlane')
    cd /Users/ayalpani/dev/_products/openplane
    
    Signing Identity:     "Sign to Run Locally"
    
    /usr/bin/codesign --force --sign - --timestamp\=none --generate-entitlement-der /tmp/openplane-chronological/tests/Build/Products/Debug/OpenPlane.app/Contents/PlugIns/OpenPlaneTests.xctest

CodeSign /tmp/openplane-chronological/tests/Build/Products/Debug/OpenPlane.app/Contents/MacOS/OpenPlane.debug.dylib (in target 'OpenPlane' from project 'OpenPlane')
    cd /Users/ayalpani/dev/_products/openplane
    
    Signing Identity:     "Apple Development: arash@yalpani.de (HWW447PPN9)"
    
    /usr/bin/codesign --force --sign FE0F0ABAB1006B294A5BD7EF23AAD0C7DF4296C7 --timestamp\=none --generate-entitlement-der /tmp/openplane-chronological/tests/Build/Products/Debug/OpenPlane.app/Contents/MacOS/OpenPlane.debug.dylib
/tmp/openplane-chronological/tests/Build/Products/Debug/OpenPlane.app/Contents/MacOS/OpenPlane.debug.dylib: replacing existing signature

CodeSign /tmp/openplane-chronological/tests/Build/Products/Debug/OpenPlane.app/Contents/MacOS/__preview.dylib (in target 'OpenPlane' from project 'OpenPlane')
    cd /Users/ayalpani/dev/_products/openplane
    
    Signing Identity:     "Apple Development: arash@yalpani.de (HWW447PPN9)"
    
    /usr/bin/codesign --force --sign FE0F0ABAB1006B294A5BD7EF23AAD0C7DF4296C7 --timestamp\=none --generate-entitlement-der /tmp/openplane-chronological/tests/Build/Products/Debug/OpenPlane.app/Contents/MacOS/__preview.dylib
/tmp/openplane-chronological/tests/Build/Products/Debug/OpenPlane.app/Contents/MacOS/__preview.dylib: replacing existing signature

CodeSign /tmp/openplane-chronological/tests/Build/Products/Debug/OpenPlane.app (in target 'OpenPlane' from project 'OpenPlane')
    cd /Users/ayalpani/dev/_products/openplane
    
    Signing Identity:     "Apple Development: arash@yalpani.de (HWW447PPN9)"
    
    /usr/bin/codesign --force --sign FE0F0ABAB1006B294A5BD7EF23AAD0C7DF4296C7 --entitlements /tmp/openplane-chronological/tests/Build/Intermediates.noindex/OpenPlane.build/Debug/OpenPlane.build/OpenPlane.app.xcent --timestamp\=none --generate-entitlement-der /tmp/openplane-chronological/tests/Build/Products/Debug/OpenPlane.app
/tmp/openplane-chronological/tests/Build/Products/Debug/OpenPlane.app: replacing existing signature

Validate /tmp/openplane-chronological/tests/Build/Products/Debug/OpenPlane.app (in target 'OpenPlane' from project 'OpenPlane')
    cd /Users/ayalpani/dev/_products/openplane
    builtin-validationUtility /tmp/openplane-chronological/tests/Build/Products/Debug/OpenPlane.app -no-validate-extension -infoplist-subpath Contents/Info.plist

RegisterWithLaunchServices /tmp/openplane-chronological/tests/Build/Products/Debug/OpenPlane.app (in target 'OpenPlane' from project 'OpenPlane')
    cd /Users/ayalpani/dev/_products/openplane
    /System/Library/Frameworks/CoreServices.framework/Versions/Current/Frameworks/LaunchServices.framework/Versions/Current/Support/lsregister -f -R -trusted /tmp/openplane-chronological/tests/Build/Products/Debug/OpenPlane.app

2026-09-07 14:22:31.985522+0200 OpenPlane[68382:2122682] ApplePersistenceIgnoreState: Existing state will not be touched. New state will be written to /var/folders/0b/k1jv3qb156l_p6wnvzh1csk00000gn/T/com.yalpani.openplane.tests.savedState
2026-09-07 14:22:32.131568+0200 OpenPlane[68382:2122704] [Common] Unable to obtain a task name port right for pid 613: (os/kern) failure (0x5)
Test Suite 'Selected tests' started at 2026-09-07 14:22:32.133.
Test Suite 'OpenPlaneTests.xctest' started at 2026-09-07 14:22:32.133.
Test Suite 'ChronologicalModeTests' started at 2026-09-07 14:22:32.133.
Test Case '-[OpenPlaneTests.ChronologicalModeTests testAllAppsLabelRemainsFixedWhileZooming]' started.
Test Case '-[OpenPlaneTests.ChronologicalModeTests testAllAppsLabelRemainsFixedWhileZooming]' passed (0.036 seconds).
Test Suite 'ChronologicalModeTests' passed at 2026-09-07 14:22:32.169.
	 Executed 1 test, with 0 failures (0 unexpected) in 0.036 (0.036) seconds
Test Suite 'OpenPlaneTests.xctest' passed at 2026-09-07 14:22:32.169.
	 Executed 1 test, with 0 failures (0 unexpected) in 0.036 (0.036) seconds
Test Suite 'Selected tests' passed at 2026-09-07 14:22:32.170.
	 Executed 1 test, with 0 failures (0 unexpected) in 0.036 (0.037) seconds
2026-09-07 14:22:32.463 xcodebuild[68353:2122334] [MT] IDETestOperationsObserverDebug: 1.216 elapsed -- Testing started completed.
2026-09-07 14:22:32.463 xcodebuild[68353:2122334] [MT] IDETestOperationsObserverDebug: 0.000 sec, +0.000 sec -- start
2026-09-07 14:22:32.463 xcodebuild[68353:2122334] [MT] IDETestOperationsObserverDebug: 1.216 sec, +1.216 sec -- end

Test session results, code coverage, and logs:
	/tmp/openplane-chronological/tests/Logs/Test/Test-OpenPlane-2026.09.07_14-22-27-+0200.xcresult

** TEST SUCCEEDED **

Testing started
