Command line invocation:
    /Applications/Xcode.app/Contents/Developer/usr/bin/xcodebuild -project OpenPlane.xcodeproj -scheme OpenPlane -configuration Release -derivedDataPath /tmp/openplane-tab-queue/build build

2026-09-06 01:57:27.212 xcodebuild[19535:1587052] [MT] IDERunDestination: Supported platforms for the buildables in the current scheme is empty.
--- xcodebuild: WARNING: Using the first of multiple matching destinations:
{ platform:macOS, arch:arm64, id:00006020-0016685611C0C01E, name:My Mac }
{ platform:macOS, arch:x86_64, id:00006020-0016685611C0C01E, name:My Mac }
{ platform:macOS, name:Any Mac }
ComputePackagePrebuildTargetDependencyGraph

Prepare packages

CreateBuildRequest

SendProjectDescription

CreateBuildOperation

ComputeTargetDependencyGraph
note: Building targets in dependency order
note: Target dependency graph (1 target)
    Target 'OpenPlane' in project 'OpenPlane' (no dependencies)

GatherProvisioningInputs

CreateBuildDescription

ExecuteExternalTool /Applications/Xcode.app/Contents/Developer/Toolchains/XcodeDefault.xctoolchain/usr/bin/clang -v -E -dM -isysroot /Applications/Xcode.app/Contents/Developer/Platforms/MacOSX.platform/Developer/SDKs/MacOSX26.5.sdk -x c -c /dev/null

ExecuteExternalTool /Applications/Xcode.app/Contents/Developer/usr/bin/actool --version --output-format xml1

ExecuteExternalTool /Applications/Xcode.app/Contents/Developer/Toolchains/XcodeDefault.xctoolchain/usr/bin/swiftc --version

ExecuteExternalTool /Applications/Xcode.app/Contents/Developer/Toolchains/XcodeDefault.xctoolchain/usr/bin/ld -version_details

Build description signature: 03ee08d8346fee6e9bbc468a38c76090
Build description path: /tmp/openplane-tab-queue/build/Build/Intermediates.noindex/XCBuildData/03ee08d8346fee6e9bbc468a38c76090.xcbuilddata
CreateBuildDirectory /tmp/openplane-tab-queue/build/Build/Products
    cd /Users/ayalpani/dev/_products/openplane/OpenPlane.xcodeproj
    builtin-create-build-directory /tmp/openplane-tab-queue/build/Build/Products

CreateBuildDirectory /tmp/openplane-tab-queue/build/Build/Intermediates.noindex
    cd /Users/ayalpani/dev/_products/openplane/OpenPlane.xcodeproj
    builtin-create-build-directory /tmp/openplane-tab-queue/build/Build/Intermediates.noindex

ClangStatCache /Applications/Xcode.app/Contents/Developer/Toolchains/XcodeDefault.xctoolchain/usr/bin/clang-stat-cache /Applications/Xcode.app/Contents/Developer/Platforms/MacOSX.platform/Developer/SDKs/MacOSX26.5.sdk /tmp/openplane-tab-queue/build/SDKStatCaches.noindex/macosx26.5-25F70-e082c4a02f00227109f4ed75e425c832.sdkstatcache
    cd /Users/ayalpani/dev/_products/openplane/OpenPlane.xcodeproj
    /Applications/Xcode.app/Contents/Developer/Toolchains/XcodeDefault.xctoolchain/usr/bin/clang-stat-cache /Applications/Xcode.app/Contents/Developer/Platforms/MacOSX.platform/Developer/SDKs/MacOSX26.5.sdk -o /tmp/openplane-tab-queue/build/SDKStatCaches.noindex/macosx26.5-25F70-e082c4a02f00227109f4ed75e425c832.sdkstatcache

CreateBuildDirectory /tmp/openplane-tab-queue/build/Build/Intermediates.noindex/SwiftExplicitPrecompiledModules
    cd /Users/ayalpani/dev/_products/openplane/OpenPlane.xcodeproj
    builtin-create-build-directory /tmp/openplane-tab-queue/build/Build/Intermediates.noindex/SwiftExplicitPrecompiledModules

CreateBuildDirectory /tmp/openplane-tab-queue/build/Build/Intermediates.noindex/ExplicitPrecompiledModules
    cd /Users/ayalpani/dev/_products/openplane/OpenPlane.xcodeproj
    builtin-create-build-directory /tmp/openplane-tab-queue/build/Build/Intermediates.noindex/ExplicitPrecompiledModules

CreateBuildDirectory /tmp/openplane-tab-queue/build/Build/Products/Release
    cd /Users/ayalpani/dev/_products/openplane/OpenPlane.xcodeproj
    builtin-create-build-directory /tmp/openplane-tab-queue/build/Build/Products/Release

CreateBuildDirectory /tmp/openplane-tab-queue/build/Build/Intermediates.noindex/EagerLinkingTBDs/Release
    cd /Users/ayalpani/dev/_products/openplane/OpenPlane.xcodeproj
    builtin-create-build-directory /tmp/openplane-tab-queue/build/Build/Intermediates.noindex/EagerLinkingTBDs/Release

WriteAuxiliaryFile /tmp/openplane-tab-queue/build/Build/Intermediates.noindex/OpenPlane.build/Release/OpenPlane-acf40ef4130912d87a120b6a244ec8a7-VFS/all-product-headers.yaml
    cd /Users/ayalpani/dev/_products/openplane/OpenPlane.xcodeproj
    write-file /tmp/openplane-tab-queue/build/Build/Intermediates.noindex/OpenPlane.build/Release/OpenPlane-acf40ef4130912d87a120b6a244ec8a7-VFS/all-product-headers.yaml

WriteAuxiliaryFile /tmp/openplane-tab-queue/build/Build/Intermediates.noindex/OpenPlane.build/Release/OpenPlane.build/OpenPlane-all-non-framework-target-headers.hmap (in target 'OpenPlane' from project 'OpenPlane')
    cd /Users/ayalpani/dev/_products/openplane
    write-file /tmp/openplane-tab-queue/build/Build/Intermediates.noindex/OpenPlane.build/Release/OpenPlane.build/OpenPlane-all-non-framework-target-headers.hmap

WriteAuxiliaryFile /tmp/openplane-tab-queue/build/Build/Intermediates.noindex/OpenPlane.build/Release/OpenPlane.build/OpenPlane.hmap (in target 'OpenPlane' from project 'OpenPlane')
    cd /Users/ayalpani/dev/_products/openplane
    write-file /tmp/openplane-tab-queue/build/Build/Intermediates.noindex/OpenPlane.build/Release/OpenPlane.build/OpenPlane.hmap

WriteAuxiliaryFile /tmp/openplane-tab-queue/build/Build/Intermediates.noindex/OpenPlane.build/Release/OpenPlane.build/OpenPlane-project-headers.hmap (in target 'OpenPlane' from project 'OpenPlane')
    cd /Users/ayalpani/dev/_products/openplane
    write-file /tmp/openplane-tab-queue/build/Build/Intermediates.noindex/OpenPlane.build/Release/OpenPlane.build/OpenPlane-project-headers.hmap

WriteAuxiliaryFile /tmp/openplane-tab-queue/build/Build/Intermediates.noindex/OpenPlane.build/Release/OpenPlane.build/OpenPlane-own-target-headers.hmap (in target 'OpenPlane' from project 'OpenPlane')
    cd /Users/ayalpani/dev/_products/openplane
    write-file /tmp/openplane-tab-queue/build/Build/Intermediates.noindex/OpenPlane.build/Release/OpenPlane.build/OpenPlane-own-target-headers.hmap

WriteAuxiliaryFile /tmp/openplane-tab-queue/build/Build/Intermediates.noindex/OpenPlane.build/Release/OpenPlane.build/OpenPlane-generated-files.hmap (in target 'OpenPlane' from project 'OpenPlane')
    cd /Users/ayalpani/dev/_products/openplane
    write-file /tmp/openplane-tab-queue/build/Build/Intermediates.noindex/OpenPlane.build/Release/OpenPlane.build/OpenPlane-generated-files.hmap

WriteAuxiliaryFile /tmp/openplane-tab-queue/build/Build/Intermediates.noindex/OpenPlane.build/Release/OpenPlane.build/OpenPlane-all-target-headers.hmap (in target 'OpenPlane' from project 'OpenPlane')
    cd /Users/ayalpani/dev/_products/openplane
    write-file /tmp/openplane-tab-queue/build/Build/Intermediates.noindex/OpenPlane.build/Release/OpenPlane.build/OpenPlane-all-target-headers.hmap

WriteAuxiliaryFile /tmp/openplane-tab-queue/build/Build/Intermediates.noindex/OpenPlane.build/Release/OpenPlane.build/OpenPlane.DependencyStaticMetadataFileList (in target 'OpenPlane' from project 'OpenPlane')
    cd /Users/ayalpani/dev/_products/openplane
    write-file /tmp/openplane-tab-queue/build/Build/Intermediates.noindex/OpenPlane.build/Release/OpenPlane.build/OpenPlane.DependencyStaticMetadataFileList

WriteAuxiliaryFile /tmp/openplane-tab-queue/build/Build/Intermediates.noindex/OpenPlane.build/Release/OpenPlane.build/Objects-normal/arm64/OpenPlane_const_extract_protocols.json (in target 'OpenPlane' from project 'OpenPlane')
    cd /Users/ayalpani/dev/_products/openplane
    write-file /tmp/openplane-tab-queue/build/Build/Intermediates.noindex/OpenPlane.build/Release/OpenPlane.build/Objects-normal/arm64/OpenPlane_const_extract_protocols.json

WriteAuxiliaryFile /tmp/openplane-tab-queue/build/Build/Intermediates.noindex/OpenPlane.build/Release/OpenPlane.build/Objects-normal/arm64/OpenPlane.SwiftFileList (in target 'OpenPlane' from project 'OpenPlane')
    cd /Users/ayalpani/dev/_products/openplane
    write-file /tmp/openplane-tab-queue/build/Build/Intermediates.noindex/OpenPlane.build/Release/OpenPlane.build/Objects-normal/arm64/OpenPlane.SwiftFileList

WriteAuxiliaryFile /tmp/openplane-tab-queue/build/Build/Intermediates.noindex/OpenPlane.build/Release/OpenPlane.build/Objects-normal/arm64/OpenPlane.SwiftConstValuesFileList (in target 'OpenPlane' from project 'OpenPlane')
    cd /Users/ayalpani/dev/_products/openplane
    write-file /tmp/openplane-tab-queue/build/Build/Intermediates.noindex/OpenPlane.build/Release/OpenPlane.build/Objects-normal/arm64/OpenPlane.SwiftConstValuesFileList

WriteAuxiliaryFile /tmp/openplane-tab-queue/build/Build/Intermediates.noindex/OpenPlane.build/Release/OpenPlane.build/Objects-normal/arm64/OpenPlane.LinkFileList (in target 'OpenPlane' from project 'OpenPlane')
    cd /Users/ayalpani/dev/_products/openplane
    write-file /tmp/openplane-tab-queue/build/Build/Intermediates.noindex/OpenPlane.build/Release/OpenPlane.build/Objects-normal/arm64/OpenPlane.LinkFileList

WriteAuxiliaryFile /tmp/openplane-tab-queue/build/Build/Intermediates.noindex/OpenPlane.build/Release/OpenPlane.build/OpenPlane.DependencyMetadataFileList (in target 'OpenPlane' from project 'OpenPlane')
    cd /Users/ayalpani/dev/_products/openplane
    write-file /tmp/openplane-tab-queue/build/Build/Intermediates.noindex/OpenPlane.build/Release/OpenPlane.build/OpenPlane.DependencyMetadataFileList

WriteAuxiliaryFile /tmp/openplane-tab-queue/build/Build/Intermediates.noindex/OpenPlane.build/Release/OpenPlane.build/Objects-normal/arm64/OpenPlane-OutputFileMap.json (in target 'OpenPlane' from project 'OpenPlane')
    cd /Users/ayalpani/dev/_products/openplane
    write-file /tmp/openplane-tab-queue/build/Build/Intermediates.noindex/OpenPlane.build/Release/OpenPlane.build/Objects-normal/arm64/OpenPlane-OutputFileMap.json

MkDir /tmp/openplane-tab-queue/build/Build/Products/Release/OpenPlane.app (in target 'OpenPlane' from project 'OpenPlane')
    cd /Users/ayalpani/dev/_products/openplane
    /bin/mkdir -p /tmp/openplane-tab-queue/build/Build/Products/Release/OpenPlane.app

WriteAuxiliaryFile /tmp/openplane-tab-queue/build/Build/Intermediates.noindex/OpenPlane.build/Release/OpenPlane.build/DerivedSources/Entitlements.plist (in target 'OpenPlane' from project 'OpenPlane')
    cd /Users/ayalpani/dev/_products/openplane
    write-file /tmp/openplane-tab-queue/build/Build/Intermediates.noindex/OpenPlane.build/Release/OpenPlane.build/DerivedSources/Entitlements.plist

MkDir /tmp/openplane-tab-queue/build/Build/Products/Release/OpenPlane.app/Contents/Resources (in target 'OpenPlane' from project 'OpenPlane')
    cd /Users/ayalpani/dev/_products/openplane
    /bin/mkdir -p /tmp/openplane-tab-queue/build/Build/Products/Release/OpenPlane.app/Contents/Resources

MkDir /tmp/openplane-tab-queue/build/Build/Products/Release/OpenPlane.app/Contents/MacOS (in target 'OpenPlane' from project 'OpenPlane')
    cd /Users/ayalpani/dev/_products/openplane
    /bin/mkdir -p /tmp/openplane-tab-queue/build/Build/Products/Release/OpenPlane.app/Contents/MacOS

MkDir /tmp/openplane-tab-queue/build/Build/Products/Release/OpenPlane.app/Contents (in target 'OpenPlane' from project 'OpenPlane')
    cd /Users/ayalpani/dev/_products/openplane
    /bin/mkdir -p /tmp/openplane-tab-queue/build/Build/Products/Release/OpenPlane.app/Contents

ProcessProductPackaging "" /tmp/openplane-tab-queue/build/Build/Intermediates.noindex/OpenPlane.build/Release/OpenPlane.build/OpenPlane.app.xcent (in target 'OpenPlane' from project 'OpenPlane')
    cd /Users/ayalpani/dev/_products/openplane
    
    Entitlements:
    
    {
    "com.apple.security.get-task-allow" = 1;
}
    
    builtin-productPackagingUtility -entitlements -format xml -o /tmp/openplane-tab-queue/build/Build/Intermediates.noindex/OpenPlane.build/Release/OpenPlane.build/OpenPlane.app.xcent

ProcessProductPackagingDER /tmp/openplane-tab-queue/build/Build/Intermediates.noindex/OpenPlane.build/Release/OpenPlane.build/OpenPlane.app.xcent /tmp/openplane-tab-queue/build/Build/Intermediates.noindex/OpenPlane.build/Release/OpenPlane.build/OpenPlane.app.xcent.der (in target 'OpenPlane' from project 'OpenPlane')
    cd /Users/ayalpani/dev/_products/openplane
    /usr/bin/derq query -f xml -i /tmp/openplane-tab-queue/build/Build/Intermediates.noindex/OpenPlane.build/Release/OpenPlane.build/OpenPlane.app.xcent -o /tmp/openplane-tab-queue/build/Build/Intermediates.noindex/OpenPlane.build/Release/OpenPlane.build/OpenPlane.app.xcent.der --raw

GenerateAssetSymbols /Users/ayalpani/dev/_products/openplane/OpenPlane/Assets.xcassets (in target 'OpenPlane' from project 'OpenPlane')
    cd /Users/ayalpani/dev/_products/openplane
    /Applications/Xcode.app/Contents/Developer/usr/bin/actool /Users/ayalpani/dev/_products/openplane/OpenPlane/Assets.xcassets --compile /tmp/openplane-tab-queue/build/Build/Products/Release/OpenPlane.app/Contents/Resources --output-format human-readable-text --notices --warnings --export-dependency-info /tmp/openplane-tab-queue/build/Build/Intermediates.noindex/OpenPlane.build/Release/OpenPlane.build/assetcatalog_dependencies --output-partial-info-plist /tmp/openplane-tab-queue/build/Build/Intermediates.noindex/OpenPlane.build/Release/OpenPlane.build/assetcatalog_generated_info.plist --app-icon AppIcon --enable-on-demand-resources NO --development-region en --target-device mac --minimum-deployment-target 26.0 --platform macosx --bundle-identifier com.yalpani.openplane.poc --generate-swift-asset-symbol-extensions NO --generate-swift-asset-symbols /tmp/openplane-tab-queue/build/Build/Intermediates.noindex/OpenPlane.build/Release/OpenPlane.build/DerivedSources/GeneratedAssetSymbols.swift --generate-objc-asset-symbols /tmp/openplane-tab-queue/build/Build/Intermediates.noindex/OpenPlane.build/Release/OpenPlane.build/DerivedSources/GeneratedAssetSymbols.h --generate-asset-symbol-index /tmp/openplane-tab-queue/build/Build/Intermediates.noindex/OpenPlane.build/Release/OpenPlane.build/DerivedSources/GeneratedAssetSymbols-Index.plist
/* com.apple.actool.compilation-results */
/tmp/openplane-tab-queue/build/Build/Intermediates.noindex/OpenPlane.build/Release/OpenPlane.build/DerivedSources/GeneratedAssetSymbols-Index.plist
/tmp/openplane-tab-queue/build/Build/Intermediates.noindex/OpenPlane.build/Release/OpenPlane.build/DerivedSources/GeneratedAssetSymbols.h
/tmp/openplane-tab-queue/build/Build/Intermediates.noindex/OpenPlane.build/Release/OpenPlane.build/DerivedSources/GeneratedAssetSymbols.swift


MkDir /tmp/openplane-tab-queue/build/Build/Intermediates.noindex/OpenPlane.build/Release/OpenPlane.build/assetcatalog_output/thinned (in target 'OpenPlane' from project 'OpenPlane')
    cd /Users/ayalpani/dev/_products/openplane
    /bin/mkdir -p /tmp/openplane-tab-queue/build/Build/Intermediates.noindex/OpenPlane.build/Release/OpenPlane.build/assetcatalog_output/thinned

MkDir /tmp/openplane-tab-queue/build/Build/Intermediates.noindex/OpenPlane.build/Release/OpenPlane.build/assetcatalog_output/unthinned (in target 'OpenPlane' from project 'OpenPlane')
    cd /Users/ayalpani/dev/_products/openplane
    /bin/mkdir -p /tmp/openplane-tab-queue/build/Build/Intermediates.noindex/OpenPlane.build/Release/OpenPlane.build/assetcatalog_output/unthinned

CompileAssetCatalogVariant thinned /tmp/openplane-tab-queue/build/Build/Products/Release/OpenPlane.app/Contents/Resources /Users/ayalpani/dev/_products/openplane/OpenPlane/Assets.xcassets (in target 'OpenPlane' from project 'OpenPlane')
    cd /Users/ayalpani/dev/_products/openplane
    /Applications/Xcode.app/Contents/Developer/usr/bin/actool /Users/ayalpani/dev/_products/openplane/OpenPlane/Assets.xcassets --compile /tmp/openplane-tab-queue/build/Build/Intermediates.noindex/OpenPlane.build/Release/OpenPlane.build/assetcatalog_output/thinned --output-format human-readable-text --notices --warnings --export-dependency-info /tmp/openplane-tab-queue/build/Build/Intermediates.noindex/OpenPlane.build/Release/OpenPlane.build/assetcatalog_dependencies_thinned --output-partial-info-plist /tmp/openplane-tab-queue/build/Build/Intermediates.noindex/OpenPlane.build/Release/OpenPlane.build/assetcatalog_generated_info.plist_thinned --app-icon AppIcon --enable-on-demand-resources NO --development-region en --target-device mac --minimum-deployment-target 26.0 --platform macosx
/* com.apple.actool.compilation-results */
/tmp/openplane-tab-queue/build/Build/Intermediates.noindex/OpenPlane.build/Release/OpenPlane.build/assetcatalog_generated_info.plist_thinned
/tmp/openplane-tab-queue/build/Build/Intermediates.noindex/OpenPlane.build/Release/OpenPlane.build/assetcatalog_output/thinned/AppIcon.icns
/tmp/openplane-tab-queue/build/Build/Intermediates.noindex/OpenPlane.build/Release/OpenPlane.build/assetcatalog_output/thinned/Assets.car


LinkAssetCatalog /Users/ayalpani/dev/_products/openplane/OpenPlane/Assets.xcassets (in target 'OpenPlane' from project 'OpenPlane')
    cd /Users/ayalpani/dev/_products/openplane
    builtin-linkAssetCatalog --thinned /tmp/openplane-tab-queue/build/Build/Intermediates.noindex/OpenPlane.build/Release/OpenPlane.build/assetcatalog_output/thinned --thinned-dependencies /tmp/openplane-tab-queue/build/Build/Intermediates.noindex/OpenPlane.build/Release/OpenPlane.build/assetcatalog_dependencies_thinned --thinned-info-plist-content /tmp/openplane-tab-queue/build/Build/Intermediates.noindex/OpenPlane.build/Release/OpenPlane.build/assetcatalog_generated_info.plist_thinned --unthinned /tmp/openplane-tab-queue/build/Build/Intermediates.noindex/OpenPlane.build/Release/OpenPlane.build/assetcatalog_output/unthinned --unthinned-dependencies /tmp/openplane-tab-queue/build/Build/Intermediates.noindex/OpenPlane.build/Release/OpenPlane.build/assetcatalog_dependencies_unthinned --unthinned-info-plist-content /tmp/openplane-tab-queue/build/Build/Intermediates.noindex/OpenPlane.build/Release/OpenPlane.build/assetcatalog_generated_info.plist_unthinned --output /tmp/openplane-tab-queue/build/Build/Products/Release/OpenPlane.app/Contents/Resources --plist-output /tmp/openplane-tab-queue/build/Build/Intermediates.noindex/OpenPlane.build/Release/OpenPlane.build/assetcatalog_generated_info.plist
note: Emplaced /tmp/openplane-tab-queue/build/Build/Products/Release/OpenPlane.app/Contents/Resources/AppIcon.icns (in target 'OpenPlane' from project 'OpenPlane')
note: Emplaced /tmp/openplane-tab-queue/build/Build/Products/Release/OpenPlane.app/Contents/Resources/Assets.car (in target 'OpenPlane' from project 'OpenPlane')

ProcessInfoPlistFile /tmp/openplane-tab-queue/build/Build/Products/Release/OpenPlane.app/Contents/Info.plist /Users/ayalpani/dev/_products/openplane/OpenPlane/Info.plist (in target 'OpenPlane' from project 'OpenPlane')
    cd /Users/ayalpani/dev/_products/openplane
    builtin-infoPlistUtility /Users/ayalpani/dev/_products/openplane/OpenPlane/Info.plist -producttype com.apple.product-type.application -genpkginfo /tmp/openplane-tab-queue/build/Build/Products/Release/OpenPlane.app/Contents/PkgInfo -expandbuildsettings -platform macosx -additionalcontentfile /tmp/openplane-tab-queue/build/Build/Intermediates.noindex/OpenPlane.build/Release/OpenPlane.build/assetcatalog_generated_info.plist -o /tmp/openplane-tab-queue/build/Build/Products/Release/OpenPlane.app/Contents/Info.plist

SwiftDriver OpenPlane normal arm64 com.apple.xcode.tools.swift.compiler (in target 'OpenPlane' from project 'OpenPlane')
    cd /Users/ayalpani/dev/_products/openplane
    builtin-SwiftDriver -- /Applications/Xcode.app/Contents/Developer/Toolchains/XcodeDefault.xctoolchain/usr/bin/swiftc -module-name OpenPlane -O -whole-module-optimization @/tmp/openplane-tab-queue/build/Build/Intermediates.noindex/OpenPlane.build/Release/OpenPlane.build/Objects-normal/arm64/OpenPlane.SwiftFileList -enable-experimental-feature DebugDescriptionMacro -sdk /Applications/Xcode.app/Contents/Developer/Platforms/MacOSX.platform/Developer/SDKs/MacOSX26.5.sdk -target arm64-apple-macos26.0 -g -module-cache-path /tmp/openplane-tab-queue/build/ModuleCache.noindex -Xfrontend -serialize-debugging-options -profile-coverage-mapping -profile-generate -swift-version 6 -I /tmp/openplane-tab-queue/build/Build/Products/Release -F /tmp/openplane-tab-queue/build/Build/Products/Release -emit-localized-strings -emit-localized-strings-path /tmp/openplane-tab-queue/build/Build/Intermediates.noindex/OpenPlane.build/Release/OpenPlane.build/Objects-normal/arm64 -c -num-threads 12 -Xcc -ivfsstatcache -Xcc /tmp/openplane-tab-queue/build/SDKStatCaches.noindex/macosx26.5-25F70-e082c4a02f00227109f4ed75e425c832.sdkstatcache -output-file-map /tmp/openplane-tab-queue/build/Build/Intermediates.noindex/OpenPlane.build/Release/OpenPlane.build/Objects-normal/arm64/OpenPlane-OutputFileMap.json -use-frontend-parseable-output -save-temps -no-color-diagnostics -explicit-module-build -module-cache-path /tmp/openplane-tab-queue/build/Build/Intermediates.noindex/SwiftExplicitPrecompiledModules -clang-scanner-module-cache-path /tmp/openplane-tab-queue/build/ModuleCache.noindex -sdk-module-cache-path /tmp/openplane-tab-queue/build/ModuleCache.noindex -serialize-diagnostics -emit-dependencies -emit-module -emit-module-path /tmp/openplane-tab-queue/build/Build/Intermediates.noindex/OpenPlane.build/Release/OpenPlane.build/Objects-normal/arm64/OpenPlane.swiftmodule -validate-clang-modules-once -clang-build-session-file /tmp/openplane-tab-queue/build/ModuleCache.noindex/Session.modulevalidation -Xcc -I/tmp/openplane-tab-queue/build/Build/Intermediates.noindex/OpenPlane.build/Release/OpenPlane.build/swift-overrides.hmap -emit-const-values -Xfrontend -const-gather-protocols-file -Xfrontend /tmp/openplane-tab-queue/build/Build/Intermediates.noindex/OpenPlane.build/Release/OpenPlane.build/Objects-normal/arm64/OpenPlane_const_extract_protocols.json -Xcc -iquote -Xcc /tmp/openplane-tab-queue/build/Build/Intermediates.noindex/OpenPlane.build/Release/OpenPlane.build/OpenPlane-generated-files.hmap -Xcc -I/tmp/openplane-tab-queue/build/Build/Intermediates.noindex/OpenPlane.build/Release/OpenPlane.build/OpenPlane-own-target-headers.hmap -Xcc -I/tmp/openplane-tab-queue/build/Build/Intermediates.noindex/OpenPlane.build/Release/OpenPlane.build/OpenPlane-all-target-headers.hmap -Xcc -iquote -Xcc /tmp/openplane-tab-queue/build/Build/Intermediates.noindex/OpenPlane.build/Release/OpenPlane.build/OpenPlane-project-headers.hmap -Xcc -I/tmp/openplane-tab-queue/build/Build/Products/Release/include -Xcc -I/tmp/openplane-tab-queue/build/Build/Intermediates.noindex/OpenPlane.build/Release/OpenPlane.build/DerivedSources-normal/arm64 -Xcc -I/tmp/openplane-tab-queue/build/Build/Intermediates.noindex/OpenPlane.build/Release/OpenPlane.build/DerivedSources/arm64 -Xcc -I/tmp/openplane-tab-queue/build/Build/Intermediates.noindex/OpenPlane.build/Release/OpenPlane.build/DerivedSources -emit-objc-header -emit-objc-header-path /tmp/openplane-tab-queue/build/Build/Intermediates.noindex/OpenPlane.build/Release/OpenPlane.build/Objects-normal/arm64/OpenPlane-Swift.h -working-directory /Users/ayalpani/dev/_products/openplane -no-emit-module-separately-wmo

SwiftDriver\ Compilation OpenPlane normal arm64 com.apple.xcode.tools.swift.compiler (in target 'OpenPlane' from project 'OpenPlane')
    cd /Users/ayalpani/dev/_products/openplane
    builtin-Swift-Compilation -- /Applications/Xcode.app/Contents/Developer/Toolchains/XcodeDefault.xctoolchain/usr/bin/swiftc -module-name OpenPlane -O -whole-module-optimization @/tmp/openplane-tab-queue/build/Build/Intermediates.noindex/OpenPlane.build/Release/OpenPlane.build/Objects-normal/arm64/OpenPlane.SwiftFileList -enable-experimental-feature DebugDescriptionMacro -sdk /Applications/Xcode.app/Contents/Developer/Platforms/MacOSX.platform/Developer/SDKs/MacOSX26.5.sdk -target arm64-apple-macos26.0 -g -module-cache-path /tmp/openplane-tab-queue/build/ModuleCache.noindex -Xfrontend -serialize-debugging-options -profile-coverage-mapping -profile-generate -swift-version 6 -I /tmp/openplane-tab-queue/build/Build/Products/Release -F /tmp/openplane-tab-queue/build/Build/Products/Release -emit-localized-strings -emit-localized-strings-path /tmp/openplane-tab-queue/build/Build/Intermediates.noindex/OpenPlane.build/Release/OpenPlane.build/Objects-normal/arm64 -c -num-threads 12 -Xcc -ivfsstatcache -Xcc /tmp/openplane-tab-queue/build/SDKStatCaches.noindex/macosx26.5-25F70-e082c4a02f00227109f4ed75e425c832.sdkstatcache -output-file-map /tmp/openplane-tab-queue/build/Build/Intermediates.noindex/OpenPlane.build/Release/OpenPlane.build/Objects-normal/arm64/OpenPlane-OutputFileMap.json -use-frontend-parseable-output -save-temps -no-color-diagnostics -explicit-module-build -module-cache-path /tmp/openplane-tab-queue/build/Build/Intermediates.noindex/SwiftExplicitPrecompiledModules -clang-scanner-module-cache-path /tmp/openplane-tab-queue/build/ModuleCache.noindex -sdk-module-cache-path /tmp/openplane-tab-queue/build/ModuleCache.noindex -serialize-diagnostics -emit-dependencies -emit-module -emit-module-path /tmp/openplane-tab-queue/build/Build/Intermediates.noindex/OpenPlane.build/Release/OpenPlane.build/Objects-normal/arm64/OpenPlane.swiftmodule -validate-clang-modules-once -clang-build-session-file /tmp/openplane-tab-queue/build/ModuleCache.noindex/Session.modulevalidation -Xcc -I/tmp/openplane-tab-queue/build/Build/Intermediates.noindex/OpenPlane.build/Release/OpenPlane.build/swift-overrides.hmap -emit-const-values -Xfrontend -const-gather-protocols-file -Xfrontend /tmp/openplane-tab-queue/build/Build/Intermediates.noindex/OpenPlane.build/Release/OpenPlane.build/Objects-normal/arm64/OpenPlane_const_extract_protocols.json -Xcc -iquote -Xcc /tmp/openplane-tab-queue/build/Build/Intermediates.noindex/OpenPlane.build/Release/OpenPlane.build/OpenPlane-generated-files.hmap -Xcc -I/tmp/openplane-tab-queue/build/Build/Intermediates.noindex/OpenPlane.build/Release/OpenPlane.build/OpenPlane-own-target-headers.hmap -Xcc -I/tmp/openplane-tab-queue/build/Build/Intermediates.noindex/OpenPlane.build/Release/OpenPlane.build/OpenPlane-all-target-headers.hmap -Xcc -iquote -Xcc /tmp/openplane-tab-queue/build/Build/Intermediates.noindex/OpenPlane.build/Release/OpenPlane.build/OpenPlane-project-headers.hmap -Xcc -I/tmp/openplane-tab-queue/build/Build/Products/Release/include -Xcc -I/tmp/openplane-tab-queue/build/Build/Intermediates.noindex/OpenPlane.build/Release/OpenPlane.build/DerivedSources-normal/arm64 -Xcc -I/tmp/openplane-tab-queue/build/Build/Intermediates.noindex/OpenPlane.build/Release/OpenPlane.build/DerivedSources/arm64 -Xcc -I/tmp/openplane-tab-queue/build/Build/Intermediates.noindex/OpenPlane.build/Release/OpenPlane.build/DerivedSources -emit-objc-header -emit-objc-header-path /tmp/openplane-tab-queue/build/Build/Intermediates.noindex/OpenPlane.build/Release/OpenPlane.build/Objects-normal/arm64/OpenPlane-Swift.h -working-directory /Users/ayalpani/dev/_products/openplane -no-emit-module-separately-wmo

SwiftExplicitDependencyGeneratePcm arm64 /tmp/openplane-tab-queue/build/ModuleCache.noindex/SwiftShims-AFP00MY952GUWWE8IUSPR4MN8.pcm

SwiftExplicitDependencyGeneratePcm arm64 /tmp/openplane-tab-queue/build/ModuleCache.noindex/_Builtin_stdarg-B017OKJR7934M1CNX66KDE1J8.pcm

SwiftExplicitDependencyGeneratePcm arm64 /tmp/openplane-tab-queue/build/ModuleCache.noindex/ptrcheck-N6G81H92SXVA4WITFOPK3D6B.pcm

SwiftExplicitDependencyGeneratePcm arm64 /tmp/openplane-tab-queue/build/ModuleCache.noindex/DeveloperToolsSupport-6E3Y3624DO1B3ZMA3BP4AYRPC.pcm

SwiftExplicitDependencyGeneratePcm arm64 /tmp/openplane-tab-queue/build/ModuleCache.noindex/ptrauth-DZ444UTE9AZC0OHUU7OGEBABN.pcm

SwiftExplicitDependencyGeneratePcm arm64 /tmp/openplane-tab-queue/build/ModuleCache.noindex/_Builtin_stddef-ESGH5DVU95MMLH4FLVT8B07R1.pcm

SwiftExplicitDependencyGeneratePcm arm64 /tmp/openplane-tab-queue/build/ModuleCache.noindex/_Builtin_stdbool-7Y8R46CEEGWKCQDGCEQ36WSZV.pcm

SwiftExplicitDependencyGeneratePcm arm64 /tmp/openplane-tab-queue/build/ModuleCache.noindex/_Builtin_float-99WVHEBQX2OZZ507YN2OCSH4.pcm

SwiftExplicitDependencyGeneratePcm arm64 /tmp/openplane-tab-queue/build/ModuleCache.noindex/_SwiftConcurrencyShims-3FOLVBJAIHB39URRINU7D1RA.pcm

SwiftExplicitDependencyGeneratePcm arm64 /tmp/openplane-tab-queue/build/ModuleCache.noindex/_AvailabilityInternal-5LTVNHE51IHWO5N9V2H3B8IYL.pcm

SwiftExplicitDependencyGeneratePcm arm64 /tmp/openplane-tab-queue/build/ModuleCache.noindex/_DarwinFoundation1-8D4OZIWHOLJWTZ4YIUNF92SPN.pcm

SwiftExplicitDependencyGeneratePcm arm64 /tmp/openplane-tab-queue/build/ModuleCache.noindex/_Builtin_limits-EEVYGT1VNSGO4KYNV3D7VSKNX.pcm

SwiftExplicitDependencyGeneratePcm arm64 /tmp/openplane-tab-queue/build/ModuleCache.noindex/_DarwinFoundation2-7ZKS8RYEW3XCE2IOA33CCS9T.pcm

SwiftExplicitDependencyGeneratePcm arm64 /tmp/openplane-tab-queue/build/ModuleCache.noindex/_Builtin_stdint-E9NUETV5RLY4CUCRG3R0JQWCQ.pcm

SwiftExplicitDependencyGeneratePcm arm64 /tmp/openplane-tab-queue/build/ModuleCache.noindex/_Builtin_tgmath-BV2AWSFN19H4K47SKGWW23YXX.pcm

SwiftExplicitDependencyGeneratePcm arm64 /tmp/openplane-tab-queue/build/ModuleCache.noindex/sys_types-G6XI0ETLQK4KBCOFSTOXZHNA.pcm

SwiftExplicitDependencyGeneratePcm arm64 /tmp/openplane-tab-queue/build/ModuleCache.noindex/_Builtin_stdatomic-9HIC415RW25E8M017UXVSARV7.pcm

SwiftExplicitDependencyGeneratePcm arm64 /tmp/openplane-tab-queue/build/ModuleCache.noindex/OpenGL-375098Z66Z1SRE9DMXFTKCTAP.pcm

SwiftExplicitDependencyGeneratePcm arm64 /tmp/openplane-tab-queue/build/ModuleCache.noindex/libDER-3VEVUCRFOEZQBPTPNOCQL6C02.pcm

SwiftExplicitDependencyGeneratePcm arm64 /tmp/openplane-tab-queue/build/ModuleCache.noindex/_DarwinFoundation3-CTKIP1LYE1K4U1IMUVLNLVB81.pcm

SwiftExplicitDependencyGeneratePcm arm64 /tmp/openplane-tab-queue/build/ModuleCache.noindex/_Builtin_intrinsics-785RSAE4L69N6NTD5WSREOBNP.pcm

SwiftExplicitDependencyGeneratePcm arm64 /tmp/openplane-tab-queue/build/ModuleCache.noindex/_Builtin_inttypes-35GYS1Y66N5E6T7241G7V90JC.pcm

SwiftExplicitDependencyGeneratePcm arm64 /tmp/openplane-tab-queue/build/ModuleCache.noindex/Darwin-BKACSWUAJY8H28NC27F2ZNZXT.pcm

SwiftExplicitDependencyGeneratePcm arm64 /tmp/openplane-tab-queue/build/ModuleCache.noindex/simd-3STFJ3X6HAI22VNVNHR6RK7R7.pcm

SwiftExplicitDependencyGeneratePcm arm64 /tmp/openplane-tab-queue/build/ModuleCache.noindex/CUPS-7KXFFJYGM0PMWWOXV1DTN0K0U.pcm

SwiftExplicitDependencyGeneratePcm arm64 /tmp/openplane-tab-queue/build/ModuleCache.noindex/libkern-23XT4QV58AMOMLY8BVHEHUN18.pcm

SwiftExplicitDependencyGeneratePcm arm64 /tmp/openplane-tab-queue/build/ModuleCache.noindex/launch-D5B87AVF80FY43XRVSIVFDRO.pcm

SwiftExplicitDependencyGeneratePcm arm64 /tmp/openplane-tab-queue/build/ModuleCache.noindex/MachO-1KUXDJ826PBLL10K4OCGYI0B2.pcm

SwiftExplicitDependencyGeneratePcm arm64 /tmp/openplane-tab-queue/build/ModuleCache.noindex/ObjectiveC-F0EMTP3ESPMSLK77EMASEKXPJ.pcm

SwiftExplicitDependencyGeneratePcm arm64 /tmp/openplane-tab-queue/build/ModuleCache.noindex/Spatial-1KMMHJXG5DOCNJQC3KS2HNWYB.pcm

SwiftExplicitDependencyGeneratePcm arm64 /tmp/openplane-tab-queue/build/ModuleCache.noindex/os_object-56JCTMUMHI5VAOV3ID34EHWII.pcm

SwiftExplicitDependencyGeneratePcm arm64 /tmp/openplane-tab-queue/build/ModuleCache.noindex/os_workgroup-CG7S9A6BSMAL1KH2HATHMLLUX.pcm

SwiftExplicitDependencyGeneratePcm arm64 /tmp/openplane-tab-queue/build/ModuleCache.noindex/Dispatch-2J1C1AM7OLH2N2E7W8XUVIRC5.pcm

SwiftExplicitDependencyGeneratePcm arm64 /tmp/openplane-tab-queue/build/ModuleCache.noindex/XPC-258JNVCN0WEVM1W666SPUSA7J.pcm

SwiftExplicitDependencyGeneratePcm arm64 /tmp/openplane-tab-queue/build/ModuleCache.noindex/CoreFoundation-Z603M33FMQ1JUIWX77D08C3L.pcm

SwiftExplicitDependencyGeneratePcm arm64 /tmp/openplane-tab-queue/build/ModuleCache.noindex/os-U6ZBDB36UTBZIUN7ZCXDD1DG.pcm

SwiftExplicitDependencyGeneratePcm arm64 /tmp/openplane-tab-queue/build/ModuleCache.noindex/CFNetwork-8PMQK7MG85KZ64SJHP1BNXAF2.pcm

SwiftExplicitDependencyGeneratePcm arm64 /tmp/openplane-tab-queue/build/ModuleCache.noindex/ColorSync-DFPJ1KV722YYSQ6RXR3TQLLWE.pcm

SwiftExplicitDependencyGeneratePcm arm64 /tmp/openplane-tab-queue/build/ModuleCache.noindex/CoreAudioTypes-5W7S39PGISWSP1VNZ1TPFEQ1J.pcm

SwiftExplicitDependencyGeneratePcm arm64 /tmp/openplane-tab-queue/build/ModuleCache.noindex/Security-DGJD3Q4CIXVWCMRDI879F1A61.pcm

SwiftExplicitDependencyGeneratePcm arm64 /tmp/openplane-tab-queue/build/ModuleCache.noindex/IOKit-4ND7QTWTF7RJE02ZHCEERA9O.pcm

SwiftExplicitDependencyGeneratePcm arm64 /tmp/openplane-tab-queue/build/ModuleCache.noindex/CoreGraphics-D12U1TOPI18L9EZOQZY0EJRF9.pcm

SwiftExplicitDependencyGeneratePcm arm64 /tmp/openplane-tab-queue/build/ModuleCache.noindex/DiskArbitration-BJI57GBQUITYDJKKMEUPKKNYD.pcm

SwiftExplicitDependencyGeneratePcm arm64 /tmp/openplane-tab-queue/build/ModuleCache.noindex/CoreServices-68NSS2PFWYFO9V1Y4KMZR7349.pcm

SwiftExplicitDependencyGeneratePcm arm64 /tmp/openplane-tab-queue/build/ModuleCache.noindex/ImageIO-4G0JD8B1OGCFJGRV2URWBUMB6.pcm

SwiftExplicitDependencyGeneratePcm arm64 /tmp/openplane-tab-queue/build/ModuleCache.noindex/CoreText-DR6B3OK5DQKX857J6PSZFTDA.pcm

SwiftExplicitDependencyGeneratePcm arm64 /tmp/openplane-tab-queue/build/ModuleCache.noindex/Foundation-87E3OA7KZCN7XQJDKKNE97F1I.pcm

SwiftExplicitDependencyGeneratePcm arm64 /tmp/openplane-tab-queue/build/ModuleCache.noindex/Accessibility-EVZ4SFGWOW61UPCN6LDRN40ES.pcm

SwiftExplicitDependencyGeneratePcm arm64 /tmp/openplane-tab-queue/build/ModuleCache.noindex/CoreMIDI-6B98604GR4CJITRR4WPZ1EN4U.pcm

SwiftExplicitDependencyGeneratePcm arm64 /tmp/openplane-tab-queue/build/ModuleCache.noindex/ApplicationServices-2GAU4YG0G5U1ZLKS1AHP9QZNY.pcm

SwiftExplicitDependencyGeneratePcm arm64 /tmp/openplane-tab-queue/build/ModuleCache.noindex/CoreTransferable-2SY8ULR2JGBCHBQ9V5V9AAC85.pcm

SwiftExplicitDependencyGeneratePcm arm64 /tmp/openplane-tab-queue/build/ModuleCache.noindex/OSLog-33QT3SVJ5HCGS9BSCX0CA7TYV.pcm

SwiftExplicitDependencyGeneratePcm arm64 /tmp/openplane-tab-queue/build/ModuleCache.noindex/IOSurface-95M7A7A0CLKFOU6UTDDYKCGY.pcm

SwiftExplicitDependencyGeneratePcm arm64 /tmp/openplane-tab-queue/build/ModuleCache.noindex/CoreData-D86I809ZHVFLPA7LFS7UADYUO.pcm

SwiftExplicitDependencyGeneratePcm arm64 /tmp/openplane-tab-queue/build/ModuleCache.noindex/ServiceManagement-D6RCKVZJV6RA086WAP4L378CV.pcm

SwiftExplicitDependencyGeneratePcm arm64 /tmp/openplane-tab-queue/build/ModuleCache.noindex/DataDetection-1C2SCTPITEMDSQBAAXRTQTW4D.pcm

SwiftExplicitDependencyGeneratePcm arm64 /tmp/openplane-tab-queue/build/ModuleCache.noindex/CoreAudio-13AEX3CPT610A9WXP5DQQ2V8D.pcm

SwiftExplicitDependencyGeneratePcm arm64 /tmp/openplane-tab-queue/build/ModuleCache.noindex/UniformTypeIdentifiers-DZ6NC6RIJMR5EP5I00IP8HXWU.pcm

SwiftExplicitDependencyGeneratePcm arm64 /tmp/openplane-tab-queue/build/ModuleCache.noindex/Symbols-CR04L0R4Z4VNTS7J3VYGTXOHI.pcm

SwiftExplicitDependencyGeneratePcm arm64 /tmp/openplane-tab-queue/build/ModuleCache.noindex/Metal-D42EGGYAB86J8U5BXWBSRRGED.pcm

SwiftExplicitDependencyGeneratePcm arm64 /tmp/openplane-tab-queue/build/ModuleCache.noindex/Carbon-3REDD480U3J508K51WUV1DFGJ.pcm

SwiftExplicitDependencyGeneratePcm arm64 /tmp/openplane-tab-queue/build/ModuleCache.noindex/CoreVideo-1VY9XPRRCX040EMC7IT5F8N9G.pcm

SwiftExplicitDependencyGeneratePcm arm64 /tmp/openplane-tab-queue/build/ModuleCache.noindex/AudioToolbox-5MJO8NCSTVZMFK097XK4H3BIL.pcm

SwiftExplicitDependencyGeneratePcm arm64 /tmp/openplane-tab-queue/build/ModuleCache.noindex/QuartzCore-22KWU0IUYAVNMO2X4O0LG3MUM.pcm

SwiftExplicitDependencyGeneratePcm arm64 /tmp/openplane-tab-queue/build/ModuleCache.noindex/CoreMedia-5KS2ZRQPITGXJVUN2ER6V96U2.pcm

SwiftExplicitDependencyGeneratePcm arm64 /tmp/openplane-tab-queue/build/ModuleCache.noindex/CoreImage-DWRUY6H4444E4R6RUI34F9KSI.pcm

SwiftExplicitDependencyGeneratePcm arm64 /tmp/openplane-tab-queue/build/ModuleCache.noindex/SwiftUICore-3HYRNLY2MON2YG84KAMW785B9.pcm

SwiftExplicitDependencyGeneratePcm arm64 /tmp/openplane-tab-queue/build/ModuleCache.noindex/MediaToolbox-1G2ECF4IA8GGWCP4CSFE6VC72.pcm

SwiftExplicitDependencyGeneratePcm arm64 /tmp/openplane-tab-queue/build/ModuleCache.noindex/AVFAudio-5WES9Z85ZBGHXIIQWDAACFU1T.pcm

SwiftExplicitDependencyGeneratePcm arm64 /tmp/openplane-tab-queue/build/ModuleCache.noindex/AppKit-63KGR8RU95DOFQGY75Y4BO6UG.pcm

SwiftExplicitDependencyGeneratePcm arm64 /tmp/openplane-tab-queue/build/ModuleCache.noindex/AVFoundation-879M970Q5IMEA6G1SCSZG4Y4O.pcm

SwiftExplicitDependencyGeneratePcm arm64 /tmp/openplane-tab-queue/build/ModuleCache.noindex/ScreenCaptureKit-KQXYZM10C44F983P2RXU6G8W.pcm

SwiftCompile normal arm64 Compiling\ OpenPlaneApp.swift,\ AppDelegate.swift,\ CanvasModel.swift,\ CanvasView.swift,\ WindowService.swift,\ PermissionView.swift,\ GeneratedAssetSymbols.swift /Users/ayalpani/dev/_products/openplane/OpenPlane/OpenPlaneApp.swift /Users/ayalpani/dev/_products/openplane/OpenPlane/AppDelegate.swift /Users/ayalpani/dev/_products/openplane/OpenPlane/CanvasModel.swift /Users/ayalpani/dev/_products/openplane/OpenPlane/CanvasView.swift /Users/ayalpani/dev/_products/openplane/OpenPlane/WindowService.swift /Users/ayalpani/dev/_products/openplane/OpenPlane/PermissionView.swift /tmp/openplane-tab-queue/build/Build/Intermediates.noindex/OpenPlane.build/Release/OpenPlane.build/DerivedSources/GeneratedAssetSymbols.swift /Applications/Xcode.app/Contents/Developer/Toolchains/XcodeDefault.xctoolchain/usr/lib/swift/macosx/prebuilt-modules/26.5/Accessibility.swiftmodule/arm64e-apple-macos.swiftmodule /Applications/Xcode.app/Contents/Developer/Toolchains/XcodeDefault.xctoolchain/usr/lib/swift/macosx/prebuilt-modules/26.5/AppKit.swiftmodule/arm64e-apple-macos.swiftmodule /Applications/Xcode.app/Contents/Developer/Toolchains/XcodeDefault.xctoolchain/usr/lib/swift/macosx/prebuilt-modules/26.5/CoreAudio.swiftmodule/arm64e-apple-macos.swiftmodule /Applications/Xcode.app/Contents/Developer/Toolchains/XcodeDefault.xctoolchain/usr/lib/swift/macosx/prebuilt-modules/26.5/Dispatch.swiftmodule/arm64e-apple-macos.swiftmodule /Applications/Xcode.app/Contents/Developer/Toolchains/XcodeDefault.xctoolchain/usr/lib/swift/macosx/prebuilt-modules/26.5/_DarwinFoundation3.swiftmodule/arm64e-apple-macos.swiftmodule /Applications/Xcode.app/Contents/Developer/Toolchains/XcodeDefault.xctoolchain/usr/lib/swift/macosx/prebuilt-modules/26.5/CoreMIDI.swiftmodule/arm64e-apple-macos.swiftmodule /Applications/Xcode.app/Contents/Developer/Toolchains/XcodeDefault.xctoolchain/usr/lib/swift/macosx/prebuilt-modules/26.5/DataDetection.swiftmodule/arm64e-apple-macos.swiftmodule /Applications/Xcode.app/Contents/Developer/Toolchains/XcodeDefault.xctoolchain/usr/lib/swift/macosx/prebuilt-modules/26.5/Foundation.swiftmodule/arm64e-apple-macos.swiftmodule /Applications/Xcode.app/Contents/Developer/Toolchains/XcodeDefault.xctoolchain/usr/lib/swift/macosx/prebuilt-modules/26.5/XPC.swiftmodule/arm64e-apple-macos.swiftmodule /Applications/Xcode.app/Contents/Developer/Toolchains/XcodeDefault.xctoolchain/usr/lib/swift/macosx/prebuilt-modules/26.5/CoreFoundation.swiftmodule/arm64e-apple-macos.swiftmodule /Applications/Xcode.app/Contents/Developer/Toolchains/XcodeDefault.xctoolchain/usr/lib/swift/macosx/prebuilt-modules/26.5/ObjectiveC.swiftmodule/arm64e-apple-macos.swiftmodule /Applications/Xcode.app/Contents/Developer/Toolchains/XcodeDefault.xctoolchain/usr/lib/swift/macosx/prebuilt-modules/26.5/System.swiftmodule/arm64e-apple-macos.swiftmodule /Applications/Xcode.app/Contents/Developer/Toolchains/XcodeDefault.xctoolchain/usr/lib/swift/macosx/prebuilt-modules/26.5/Swift.swiftmodule/arm64e-apple-macos.swiftmodule /Applications/Xcode.app/Contents/Developer/Toolchains/XcodeDefault.xctoolchain/usr/lib/swift/macosx/prebuilt-modules/26.5/CoreTransferable.swiftmodule/arm64e-apple-macos.swiftmodule /Applications/Xcode.app/Contents/Developer/Toolchains/XcodeDefault.xctoolchain/usr/lib/swift/macosx/prebuilt-modules/26.5/CoreText.swiftmodule/arm64e-apple-macos.swiftmodule /Applications/Xcode.app/Contents/Developer/Toolchains/XcodeDefault.xctoolchain/usr/lib/swift/macosx/prebuilt-modules/26.5/_StringProcessing.swiftmodule/arm64e-apple-macos.swiftmodule /Applications/Xcode.app/Contents/Developer/Toolchains/XcodeDefault.xctoolchain/usr/lib/swift/macosx/prebuilt-modules/26.5/Synchronization.swiftmodule/arm64e-apple-macos.swiftmodule /Applications/Xcode.app/Contents/Developer/Toolchains/XcodeDefault.xctoolchain/usr/lib/swift/macosx/prebuilt-modules/26.5/AVFoundation.swiftmodule/arm64e-apple-macos.swiftmodule /Applications/Xcode.app/Contents/Developer/Toolchains/XcodeDefault.xctoolchain/usr/lib/swift/macosx/prebuilt-modules/26.5/AudioToolbox.swiftmodule/arm64e-apple-macos.swiftmodule /Applications/Xcode.app/Contents/Developer/Toolchains/XcodeDefault.xctoolchain/usr/lib/swift/macosx/prebuilt-modules/26.5/Darwin.swiftmodule/arm64e-apple-macos.swiftmodule /Applications/Xcode.app/Contents/Developer/Toolchains/XcodeDefault.xctoolchain/usr/lib/swift/macosx/prebuilt-modules/26.5/Metal.swiftmodule/arm64e-apple-macos.swiftmodule /Applications/Xcode.app/Contents/Developer/Toolchains/XcodeDefault.xctoolchain/usr/lib/swift/macosx/prebuilt-modules/26.5/os.swiftmodule/arm64e-apple-macos.swiftmodule /Applications/Xcode.app/Contents/Developer/Toolchains/XcodeDefault.xctoolchain/usr/lib/swift/macosx/prebuilt-modules/26.5/_Builtin_float.swiftmodule/arm64e-apple-macos.swiftmodule /Applications/Xcode.app/Contents/Developer/Toolchains/XcodeDefault.xctoolchain/usr/lib/swift/macosx/prebuilt-modules/26.5/_DarwinFoundation1.swiftmodule/arm64e-apple-macos.swiftmodule /Applications/Xcode.app/Contents/Developer/Toolchains/XcodeDefault.xctoolchain/usr/lib/swift/macosx/prebuilt-modules/26.5/OSLog.swiftmodule/arm64e-apple-macos.swiftmodule /Applications/Xcode.app/Contents/Developer/Toolchains/XcodeDefault.xctoolchain/usr/lib/swift/macosx/prebuilt-modules/26.5/IOKit.swiftmodule/arm64e-apple-macos.swiftmodule /Applications/Xcode.app/Contents/Developer/Toolchains/XcodeDefault.xctoolchain/usr/lib/swift/macosx/prebuilt-modules/26.5/CoreGraphics.swiftmodule/arm64e-apple-macos.swiftmodule /Applications/Xcode.app/Contents/Developer/Toolchains/XcodeDefault.xctoolchain/usr/lib/swift/macosx/prebuilt-modules/26.5/DeveloperToolsSupport.swiftmodule/arm64e-apple-macos.swiftmodule /Applications/Xcode.app/Contents/Developer/Toolchains/XcodeDefault.xctoolchain/usr/lib/swift/macosx/prebuilt-modules/26.5/AVFAudio.swiftmodule/arm64e-apple-macos.swiftmodule /Applications/Xcode.app/Contents/Developer/Toolchains/XcodeDefault.xctoolchain/usr/lib/swift/macosx/prebuilt-modules/26.5/Combine.swiftmodule/arm64e-apple-macos.swiftmodule /Applications/Xcode.app/Contents/Developer/Toolchains/XcodeDefault.xctoolchain/usr/lib/swift/macosx/prebuilt-modules/26.5/CoreData.swiftmodule/arm64e-apple-macos.swiftmodule /Applications/Xcode.app/Contents/Developer/Toolchains/XcodeDefault.xctoolchain/usr/lib/swift/macosx/prebuilt-modules/26.5/_Concurrency.swiftmodule/arm64e-apple-macos.swiftmodule /Applications/Xcode.app/Contents/Developer/Toolchains/XcodeDefault.xctoolchain/usr/lib/swift/macosx/prebuilt-modules/26.5/Spatial.swiftmodule/arm64e-apple-macos.swiftmodule /Applications/Xcode.app/Contents/Developer/Toolchains/XcodeDefault.xctoolchain/usr/lib/swift/macosx/prebuilt-modules/26.5/QuartzCore.swiftmodule/arm64e-apple-macos.swiftmodule /Applications/Xcode.app/Contents/Developer/Toolchains/XcodeDefault.xctoolchain/usr/lib/swift/macosx/prebuilt-modules/26.5/CoreVideo.swiftmodule/arm64e-apple-macos.swiftmodule /Applications/Xcode.app/Contents/Developer/Toolchains/XcodeDefault.xctoolchain/usr/lib/swift/macosx/prebuilt-modules/26.5/Symbols.swiftmodule/arm64e-apple-macos.swiftmodule /Applications/Xcode.app/Contents/Developer/Toolchains/XcodeDefault.xctoolchain/usr/lib/swift/macosx/prebuilt-modules/26.5/ScreenCaptureKit.swiftmodule/arm64e-apple-macos.swiftmodule /Applications/Xcode.app/Contents/Developer/Toolchains/XcodeDefault.xctoolchain/usr/lib/swift/macosx/prebuilt-modules/26.5/simd.swiftmodule/arm64e-apple-macos.swiftmodule /Applications/Xcode.app/Contents/Developer/Toolchains/XcodeDefault.xctoolchain/usr/lib/swift/macosx/prebuilt-modules/26.5/SwiftUICore.swiftmodule/arm64e-apple-macos.swiftmodule /Applications/Xcode.app/Contents/Developer/Toolchains/XcodeDefault.xctoolchain/usr/lib/swift/macosx/prebuilt-modules/26.5/_DarwinFoundation2.swiftmodule/arm64e-apple-macos.swiftmodule /Applications/Xcode.app/Contents/Developer/Toolchains/XcodeDefault.xctoolchain/usr/lib/swift/macosx/prebuilt-modules/26.5/CoreMedia.swiftmodule/arm64e-apple-macos.swiftmodule /Applications/Xcode.app/Contents/Developer/Toolchains/XcodeDefault.xctoolchain/usr/lib/swift/macosx/prebuilt-modules/26.5/UniformTypeIdentifiers.swiftmodule/arm64e-apple-macos.swiftmodule /Applications/Xcode.app/Contents/Developer/Toolchains/XcodeDefault.xctoolchain/usr/lib/swift/macosx/prebuilt-modules/26.5/CoreImage.swiftmodule/arm64e-apple-macos.swiftmodule /Applications/Xcode.app/Contents/Developer/Toolchains/XcodeDefault.xctoolchain/usr/lib/swift/macosx/prebuilt-modules/26.5/Observation.swiftmodule/arm64e-apple-macos.swiftmodule /tmp/openplane-tab-queue/build/ModuleCache.noindex/SwiftUICore-3HYRNLY2MON2YG84KAMW785B9.pcm /tmp/openplane-tab-queue/build/ModuleCache.noindex/AudioToolbox-5MJO8NCSTVZMFK097XK4H3BIL.pcm /tmp/openplane-tab-queue/build/ModuleCache.noindex/ApplicationServices-2GAU4YG0G5U1ZLKS1AHP9QZNY.pcm /tmp/openplane-tab-queue/build/ModuleCache.noindex/DiskArbitration-BJI57GBQUITYDJKKMEUPKKNYD.pcm /tmp/openplane-tab-queue/build/ModuleCache.noindex/CoreServices-68NSS2PFWYFO9V1Y4KMZR7349.pcm /tmp/openplane-tab-queue/build/ModuleCache.noindex/CoreGraphics-D12U1TOPI18L9EZOQZY0EJRF9.pcm /tmp/openplane-tab-queue/build/ModuleCache.noindex/launch-D5B87AVF80FY43XRVSIVFDRO.pcm /tmp/openplane-tab-queue/build/ModuleCache.noindex/_Builtin_stdarg-B017OKJR7934M1CNX66KDE1J8.pcm /tmp/openplane-tab-queue/build/ModuleCache.noindex/_Builtin_float-99WVHEBQX2OZZ507YN2OCSH4.pcm /tmp/openplane-tab-queue/build/ModuleCache.noindex/CoreTransferable-2SY8ULR2JGBCHBQ9V5V9AAC85.pcm /tmp/openplane-tab-queue/build/ModuleCache.noindex/CoreImage-DWRUY6H4444E4R6RUI34F9KSI.pcm /tmp/openplane-tab-queue/build/ModuleCache.noindex/Foundation-87E3OA7KZCN7XQJDKKNE97F1I.pcm /tmp/openplane-tab-queue/build/ModuleCache.noindex/os-U6ZBDB36UTBZIUN7ZCXDD1DG.pcm /tmp/openplane-tab-queue/build/ModuleCache.noindex/sys_types-G6XI0ETLQK4KBCOFSTOXZHNA.pcm /tmp/openplane-tab-queue/build/ModuleCache.noindex/_SwiftConcurrencyShims-3FOLVBJAIHB39URRINU7D1RA.pcm /tmp/openplane-tab-queue/build/ModuleCache.noindex/AVFoundation-879M970Q5IMEA6G1SCSZG4Y4O.pcm /tmp/openplane-tab-queue/build/ModuleCache.noindex/os_workgroup-CG7S9A6BSMAL1KH2HATHMLLUX.pcm /tmp/openplane-tab-queue/build/ModuleCache.noindex/ScreenCaptureKit-KQXYZM10C44F983P2RXU6G8W.pcm /tmp/openplane-tab-queue/build/ModuleCache.noindex/_Builtin_inttypes-35GYS1Y66N5E6T7241G7V90JC.pcm /tmp/openplane-tab-queue/build/ModuleCache.noindex/libDER-3VEVUCRFOEZQBPTPNOCQL6C02.pcm /tmp/openplane-tab-queue/build/ModuleCache.noindex/_DarwinFoundation3-CTKIP1LYE1K4U1IMUVLNLVB81.pcm /tmp/openplane-tab-queue/build/ModuleCache.noindex/UniformTypeIdentifiers-DZ6NC6RIJMR5EP5I00IP8HXWU.pcm /tmp/openplane-tab-queue/build/ModuleCache.noindex/CoreMedia-5KS2ZRQPITGXJVUN2ER6V96U2.pcm /tmp/openplane-tab-queue/build/ModuleCache.noindex/ServiceManagement-D6RCKVZJV6RA086WAP4L378CV.pcm /tmp/openplane-tab-queue/build/ModuleCache.noindex/SwiftShims-AFP00MY952GUWWE8IUSPR4MN8.pcm /tmp/openplane-tab-queue/build/ModuleCache.noindex/_DarwinFoundation1-8D4OZIWHOLJWTZ4YIUNF92SPN.pcm /tmp/openplane-tab-queue/build/ModuleCache.noindex/CUPS-7KXFFJYGM0PMWWOXV1DTN0K0U.pcm /tmp/openplane-tab-queue/build/ModuleCache.noindex/CoreText-DR6B3OK5DQKX857J6PSZFTDA.pcm /tmp/openplane-tab-queue/build/ModuleCache.noindex/DataDetection-1C2SCTPITEMDSQBAAXRTQTW4D.pcm /tmp/openplane-tab-queue/build/ModuleCache.noindex/_AvailabilityInternal-5LTVNHE51IHWO5N9V2H3B8IYL.pcm /tmp/openplane-tab-queue/build/ModuleCache.noindex/Metal-D42EGGYAB86J8U5BXWBSRRGED.pcm /tmp/openplane-tab-queue/build/ModuleCache.noindex/CoreMIDI-6B98604GR4CJITRR4WPZ1EN4U.pcm /tmp/openplane-tab-queue/build/ModuleCache.noindex/_Builtin_intrinsics-785RSAE4L69N6NTD5WSREOBNP.pcm /tmp/openplane-tab-queue/build/ModuleCache.noindex/ColorSync-DFPJ1KV722YYSQ6RXR3TQLLWE.pcm /tmp/openplane-tab-queue/build/ModuleCache.noindex/Accessibility-EVZ4SFGWOW61UPCN6LDRN40ES.pcm /tmp/openplane-tab-queue/build/ModuleCache.noindex/CFNetwork-8PMQK7MG85KZ64SJHP1BNXAF2.pcm /tmp/openplane-tab-queue/build/ModuleCache.noindex/CoreVideo-1VY9XPRRCX040EMC7IT5F8N9G.pcm /tmp/openplane-tab-queue/build/ModuleCache.noindex/ObjectiveC-F0EMTP3ESPMSLK77EMASEKXPJ.pcm /tmp/openplane-tab-queue/build/ModuleCache.noindex/IOKit-4ND7QTWTF7RJE02ZHCEERA9O.pcm /tmp/openplane-tab-queue/build/ModuleCache.noindex/Spatial-1KMMHJXG5DOCNJQC3KS2HNWYB.pcm /tmp/openplane-tab-queue/build/ModuleCache.noindex/Symbols-CR04L0R4Z4VNTS7J3VYGTXOHI.pcm /tmp/openplane-tab-queue/build/ModuleCache.noindex/_Builtin_limits-EEVYGT1VNSGO4KYNV3D7VSKNX.pcm /tmp/openplane-tab-queue/build/ModuleCache.noindex/Dispatch-2J1C1AM7OLH2N2E7W8XUVIRC5.pcm /tmp/openplane-tab-queue/build/ModuleCache.noindex/MachO-1KUXDJ826PBLL10K4OCGYI0B2.pcm /tmp/openplane-tab-queue/build/ModuleCache.noindex/CoreData-D86I809ZHVFLPA7LFS7UADYUO.pcm /tmp/openplane-tab-queue/build/ModuleCache.noindex/AVFAudio-5WES9Z85ZBGHXIIQWDAACFU1T.pcm /tmp/openplane-tab-queue/build/ModuleCache.noindex/os_object-56JCTMUMHI5VAOV3ID34EHWII.pcm /tmp/openplane-tab-queue/build/ModuleCache.noindex/AppKit-63KGR8RU95DOFQGY75Y4BO6UG.pcm /tmp/openplane-tab-queue/build/ModuleCache.noindex/_Builtin_stdint-E9NUETV5RLY4CUCRG3R0JQWCQ.pcm /tmp/openplane-tab-queue/build/ModuleCache.noindex/CoreAudioTypes-5W7S39PGISWSP1VNZ1TPFEQ1J.pcm /tmp/openplane-tab-queue/build/ModuleCache.noindex/XPC-258JNVCN0WEVM1W666SPUSA7J.pcm /tmp/openplane-tab-queue/build/ModuleCache.noindex/DeveloperToolsSupport-6E3Y3624DO1B3ZMA3BP4AYRPC.pcm /tmp/openplane-tab-queue/build/ModuleCache.noindex/ImageIO-4G0JD8B1OGCFJGRV2URWBUMB6.pcm /tmp/openplane-tab-queue/build/ModuleCache.noindex/Darwin-BKACSWUAJY8H28NC27F2ZNZXT.pcm /tmp/openplane-tab-queue/build/ModuleCache.noindex/Security-DGJD3Q4CIXVWCMRDI879F1A61.pcm /tmp/openplane-tab-queue/build/ModuleCache.noindex/QuartzCore-22KWU0IUYAVNMO2X4O0LG3MUM.pcm /tmp/openplane-tab-queue/build/ModuleCache.noindex/_DarwinFoundation2-7ZKS8RYEW3XCE2IOA33CCS9T.pcm /tmp/openplane-tab-queue/build/ModuleCache.noindex/_Builtin_stdbool-7Y8R46CEEGWKCQDGCEQ36WSZV.pcm /tmp/openplane-tab-queue/build/ModuleCache.noindex/ptrauth-DZ444UTE9AZC0OHUU7OGEBABN.pcm /tmp/openplane-tab-queue/build/ModuleCache.noindex/MediaToolbox-1G2ECF4IA8GGWCP4CSFE6VC72.pcm /tmp/openplane-tab-queue/build/ModuleCache.noindex/CoreAudio-13AEX3CPT610A9WXP5DQQ2V8D.pcm /tmp/openplane-tab-queue/build/ModuleCache.noindex/_Builtin_stdatomic-9HIC415RW25E8M017UXVSARV7.pcm /tmp/openplane-tab-queue/build/ModuleCache.noindex/_Builtin_tgmath-BV2AWSFN19H4K47SKGWW23YXX.pcm /tmp/openplane-tab-queue/build/ModuleCache.noindex/OSLog-33QT3SVJ5HCGS9BSCX0CA7TYV.pcm /tmp/openplane-tab-queue/build/ModuleCache.noindex/CoreFoundation-Z603M33FMQ1JUIWX77D08C3L.pcm /tmp/openplane-tab-queue/build/ModuleCache.noindex/Carbon-3REDD480U3J508K51WUV1DFGJ.pcm /tmp/openplane-tab-queue/build/ModuleCache.noindex/libkern-23XT4QV58AMOMLY8BVHEHUN18.pcm /tmp/openplane-tab-queue/build/ModuleCache.noindex/IOSurface-95M7A7A0CLKFOU6UTDDYKCGY.pcm /tmp/openplane-tab-queue/build/ModuleCache.noindex/simd-3STFJ3X6HAI22VNVNHR6RK7R7.pcm /tmp/openplane-tab-queue/build/ModuleCache.noindex/OpenGL-375098Z66Z1SRE9DMXFTKCTAP.pcm /tmp/openplane-tab-queue/build/ModuleCache.noindex/ptrcheck-N6G81H92SXVA4WITFOPK3D6B.pcm /tmp/openplane-tab-queue/build/ModuleCache.noindex/_Builtin_stddef-ESGH5DVU95MMLH4FLVT8B07R1.pcm /tmp/openplane-tab-queue/build/Build/Intermediates.noindex/OpenPlane.build/Release/OpenPlane.build/Objects-normal/arm64/OpenPlane-dependencies-1.json (in target 'OpenPlane' from project 'OpenPlane')

CompileSwift normal arm64 (in target 'OpenPlane' from project 'OpenPlane')
    cd /Users/ayalpani/dev/_products/openplane
    
/Users/ayalpani/dev/_products/openplane/OpenPlane/CanvasView.swift:1495:46: error: extraneous argument label 'id:' in call
        let target = self.desktopPages.select(id: self.desktopPages.pages[nextIndex].id) ?? self.camera
                                             ^~~~~
                                              

Failed frontend command:
/Applications/Xcode.app/Contents/Developer/Toolchains/XcodeDefault.xctoolchain/usr/bin/swift-frontend -frontend -c /Users/ayalpani/dev/_products/openplane/OpenPlane/OpenPlaneApp.swift /Users/ayalpani/dev/_products/openplane/OpenPlane/AppDelegate.swift /Users/ayalpani/dev/_products/openplane/OpenPlane/CanvasModel.swift /Users/ayalpani/dev/_products/openplane/OpenPlane/CanvasView.swift /Users/ayalpani/dev/_products/openplane/OpenPlane/WindowService.swift /Users/ayalpani/dev/_products/openplane/OpenPlane/PermissionView.swift /tmp/openplane-tab-queue/build/Build/Intermediates.noindex/OpenPlane.build/Release/OpenPlane.build/DerivedSources/GeneratedAssetSymbols.swift -supplementary-output-file-map /tmp/openplane-tab-queue/build/Build/Intermediates.noindex/OpenPlane.build/Release/OpenPlane.build/Objects-normal/arm64/supplementaryOutputs-1 -emit-localized-strings -emit-localized-strings-path /tmp/openplane-tab-queue/build/Build/Intermediates.noindex/OpenPlane.build/Release/OpenPlane.build/Objects-normal/arm64 -target arm64-apple-macos26.0 -module-can-import-version DeveloperToolsSupport 23.40.26 23.40.26 -load-resolved-plugin /Applications/Xcode.app/Contents/Developer/Platforms/MacOSX.platform/Developer/usr/lib/swift/host/plugins/libFoundationMacros.dylib\#/Applications/Xcode.app/Contents/Developer/Platforms/MacOSX.platform/Developer/usr/bin/swift-plugin-server\#FoundationMacros -load-resolved-plugin /Applications/Xcode.app/Contents/Developer/Platforms/MacOSX.platform/Developer/usr/lib/swift/host/plugins/libObservationMacros.dylib\#/Applications/Xcode.app/Contents/Developer/Platforms/MacOSX.platform/Developer/usr/bin/swift-plugin-server\#ObservationMacros -load-resolved-plugin /Applications/Xcode.app/Contents/Developer/Platforms/MacOSX.platform/Developer/usr/lib/swift/host/plugins/libPreviewsMacros.dylib\#/Applications/Xcode.app/Contents/Developer/Platforms/MacOSX.platform/Developer/usr/bin/swift-plugin-server\#PreviewsMacros -load-resolved-plugin /Applications/Xcode.app/Contents/Developer/Platforms/MacOSX.platform/Developer/usr/lib/swift/host/plugins/libSwiftMacros.dylib\#/Applications/Xcode.app/Contents/Developer/Platforms/MacOSX.platform/Developer/usr/bin/swift-plugin-server\#SwiftMacros -load-resolved-plugin /Applications/Xcode.app/Contents/Developer/Platforms/MacOSX.platform/Developer/usr/lib/swift/host/plugins/libSwiftUIMacros.dylib\#/Applications/Xcode.app/Contents/Developer/Platforms/MacOSX.platform/Developer/usr/bin/swift-plugin-server\#SwiftUIMacros -disable-implicit-swift-modules -Xcc -fno-implicit-modules -Xcc -fno-implicit-module-maps -explicit-swift-module-map-file /tmp/openplane-tab-queue/build/Build/Intermediates.noindex/OpenPlane.build/Release/OpenPlane.build/Objects-normal/arm64/OpenPlane-dependencies-1.json -debug-module-path /tmp/openplane-tab-queue/build/Build/Intermediates.noindex/OpenPlane.build/Release/OpenPlane.build/Objects-normal/arm64/OpenPlane.swiftmodule -Xllvm -aarch64-use-tbi -enable-objc-interop -stack-check -sdk /Applications/Xcode.app/Contents/Developer/Platforms/MacOSX.platform/Developer/SDKs/MacOSX26.5.sdk -I /tmp/openplane-tab-queue/build/Build/Products/Release -F /tmp/openplane-tab-queue/build/Build/Products/Release -no-color-diagnostics -Xcc -fno-color-diagnostics -g -debug-info-format\=dwarf -dwarf-version\=5 -module-cache-path /tmp/openplane-tab-queue/build/Build/Intermediates.noindex/SwiftExplicitPrecompiledModules -profile-generate -profile-coverage-mapping -swift-version 6 -O -serialize-debugging-options -const-gather-protocols-file /tmp/openplane-tab-queue/build/Build/Intermediates.noindex/OpenPlane.build/Release/OpenPlane.build/Objects-normal/arm64/OpenPlane_const_extract_protocols.json -enable-experimental-feature DebugDescriptionMacro -empty-abi-descriptor -validate-clang-modules-once -clang-build-session-file /tmp/openplane-tab-queue/build/ModuleCache.noindex/Session.modulevalidation -Xcc -working-directory -Xcc /Users/ayalpani/dev/_products/openplane -file-compilation-dir /Users/ayalpani/dev/_products/openplane -Xcc -ivfsstatcache -Xcc /tmp/openplane-tab-queue/build/SDKStatCaches.noindex/macosx26.5-25F70-e082c4a02f00227109f4ed75e425c832.sdkstatcache -Xcc -I/tmp/openplane-tab-queue/build/Build/Intermediates.noindex/OpenPlane.build/Release/OpenPlane.build/swift-overrides.hmap -Xcc -iquote -Xcc /tmp/openplane-tab-queue/build/Build/Intermediates.noindex/OpenPlane.build/Release/OpenPlane.build/OpenPlane-generated-files.hmap -Xcc -I/tmp/openplane-tab-queue/build/Build/Intermediates.noindex/OpenPlane.build/Release/OpenPlane.build/OpenPlane-own-target-headers.hmap -Xcc -I/tmp/openplane-tab-queue/build/Build/Intermediates.noindex/OpenPlane.build/Release/OpenPlane.build/OpenPlane-all-target-headers.hmap -Xcc -iquote -Xcc /tmp/openplane-tab-queue/build/Build/Intermediates.noindex/OpenPlane.build/Release/OpenPlane.build/OpenPlane-project-headers.hmap -Xcc -I/tmp/openplane-tab-queue/build/Build/Products/Release/include -Xcc -I/tmp/openplane-tab-queue/build/Build/Intermediates.noindex/OpenPlane.build/Release/OpenPlane.build/DerivedSources-normal/arm64 -Xcc -I/tmp/openplane-tab-queue/build/Build/Intermediates.noindex/OpenPlane.build/Release/OpenPlane.build/DerivedSources/arm64 -Xcc -I/tmp/openplane-tab-queue/build/Build/Intermediates.noindex/OpenPlane.build/Release/OpenPlane.build/DerivedSources -no-auto-bridging-header-chaining -module-name OpenPlane -frontend-parseable-output -disable-clang-spi -clang-target arm64-apple-macos26.5 -target-sdk-version 26.5 -target-sdk-name macosx26.5 -in-process-plugin-server-path /Applications/Xcode.app/Contents/Developer/Toolchains/XcodeDefault.xctoolchain/usr/lib/swift/host/libSwiftInProcPluginServer.dylib -enable-default-cmo -num-threads 12 -o /tmp/openplane-tab-queue/build/Build/Intermediates.noindex/OpenPlane.build/Release/OpenPlane.build/Objects-normal/arm64/OpenPlaneApp.o -o /tmp/openplane-tab-queue/build/Build/Intermediates.noindex/OpenPlane.build/Release/OpenPlane.build/Objects-normal/arm64/AppDelegate.o -o /tmp/openplane-tab-queue/build/Build/Intermediates.noindex/OpenPlane.build/Release/OpenPlane.build/Objects-normal/arm64/CanvasModel.o -o /tmp/openplane-tab-queue/build/Build/Intermediates.noindex/OpenPlane.build/Release/OpenPlane.build/Objects-normal/arm64/CanvasView.o -o /tmp/openplane-tab-queue/build/Build/Intermediates.noindex/OpenPlane.build/Release/OpenPlane.build/Objects-normal/arm64/WindowService.o -o /tmp/openplane-tab-queue/build/Build/Intermediates.noindex/OpenPlane.build/Release/OpenPlane.build/Objects-normal/arm64/PermissionView.o -o /tmp/openplane-tab-queue/build/Build/Intermediates.noindex/OpenPlane.build/Release/OpenPlane.build/Objects-normal/arm64/GeneratedAssetSymbols.o -index-unit-output-path /OpenPlane.build/Release/OpenPlane.build/Objects-normal/arm64/OpenPlaneApp.o -index-unit-output-path /OpenPlane.build/Release/OpenPlane.build/Objects-normal/arm64/AppDelegate.o -index-unit-output-path /OpenPlane.build/Release/OpenPlane.build/Objects-normal/arm64/CanvasModel.o -index-unit-output-path /OpenPlane.build/Release/OpenPlane.build/Objects-normal/arm64/CanvasView.o -index-unit-output-path /OpenPlane.build/Release/OpenPlane.build/Objects-normal/arm64/WindowService.o -index-unit-output-path /OpenPlane.build/Release/OpenPlane.build/Objects-normal/arm64/PermissionView.o -index-unit-output-path /OpenPlane.build/Release/OpenPlane.build/Objects-normal/arm64/GeneratedAssetSymbols.o
** BUILD FAILED **


The following build commands failed:
	CompileSwift normal arm64 (in target 'OpenPlane' from project 'OpenPlane')
	SwiftCompile normal arm64 Compiling\ OpenPlaneApp.swift,\ AppDelegate.swift,\ CanvasModel.swift,\ CanvasView.swift,\ WindowService.swift,\ PermissionView.swift,\ GeneratedAssetSymbols.swift /Users/ayalpani/dev/_products/openplane/OpenPlane/OpenPlaneApp.swift /Users/ayalpani/dev/_products/openplane/OpenPlane/AppDelegate.swift /Users/ayalpani/dev/_products/openplane/OpenPlane/CanvasModel.swift /Users/ayalpani/dev/_products/openplane/OpenPlane/CanvasView.swift /Users/ayalpani/dev/_products/openplane/OpenPlane/WindowService.swift /Users/ayalpani/dev/_products/openplane/OpenPlane/PermissionView.swift /tmp/openplane-tab-queue/build/Build/Intermediates.noindex/OpenPlane.build/Release/OpenPlane.build/DerivedSources/GeneratedAssetSymbols.swift /Applications/Xcode.app/Contents/Developer/Toolchains/XcodeDefault.xctoolchain/usr/lib/swift/macosx/prebuilt-modules/26.5/Accessibility.swiftmodule/arm64e-apple-macos.swiftmodule /Applications/Xcode.app/Contents/Developer/Toolchains/XcodeDefault.xctoolchain/usr/lib/swift/macosx/prebuilt-modules/26.5/AppKit.swiftmodule/arm64e-apple-macos.swiftmodule /Applications/Xcode.app/Contents/Developer/Toolchains/XcodeDefault.xctoolchain/usr/lib/swift/macosx/prebuilt-modules/26.5/CoreAudio.swiftmodule/arm64e-apple-macos.swiftmodule /Applications/Xcode.app/Contents/Developer/Toolchains/XcodeDefault.xctoolchain/usr/lib/swift/macosx/prebuilt-modules/26.5/Dispatch.swiftmodule/arm64e-apple-macos.swiftmodule /Applications/Xcode.app/Contents/Developer/Toolchains/XcodeDefault.xctoolchain/usr/lib/swift/macosx/prebuilt-modules/26.5/_DarwinFoundation3.swiftmodule/arm64e-apple-macos.swiftmodule /Applications/Xcode.app/Contents/Developer/Toolchains/XcodeDefault.xctoolchain/usr/lib/swift/macosx/prebuilt-modules/26.5/CoreMIDI.swiftmodule/arm64e-apple-macos.swiftmodule /Applications/Xcode.app/Contents/Developer/Toolchains/XcodeDefault.xctoolchain/usr/lib/swift/macosx/prebuilt-modules/26.5/DataDetection.swiftmodule/arm64e-apple-macos.swiftmodule /Applications/Xcode.app/Contents/Developer/Toolchains/XcodeDefault.xctoolchain/usr/lib/swift/macosx/prebuilt-modules/26.5/Foundation.swiftmodule/arm64e-apple-macos.swiftmodule /Applications/Xcode.app/Contents/Developer/Toolchains/XcodeDefault.xctoolchain/usr/lib/swift/macosx/prebuilt-modules/26.5/XPC.swiftmodule/arm64e-apple-macos.swiftmodule /Applications/Xcode.app/Contents/Developer/Toolchains/XcodeDefault.xctoolchain/usr/lib/swift/macosx/prebuilt-modules/26.5/CoreFoundation.swiftmodule/arm64e-apple-macos.swiftmodule /Applications/Xcode.app/Contents/Developer/Toolchains/XcodeDefault.xctoolchain/usr/lib/swift/macosx/prebuilt-modules/26.5/ObjectiveC.swiftmodule/arm64e-apple-macos.swiftmodule /Applications/Xcode.app/Contents/Developer/Toolchains/XcodeDefault.xctoolchain/usr/lib/swift/macosx/prebuilt-modules/26.5/System.swiftmodule/arm64e-apple-macos.swiftmodule /Applications/Xcode.app/Contents/Developer/Toolchains/XcodeDefault.xctoolchain/usr/lib/swift/macosx/prebuilt-modules/26.5/Swift.swiftmodule/arm64e-apple-macos.swiftmodule /Applications/Xcode.app/Contents/Developer/Toolchains/XcodeDefault.xctoolchain/usr/lib/swift/macosx/prebuilt-modules/26.5/CoreTransferable.swiftmodule/arm64e-apple-macos.swiftmodule /Applications/Xcode.app/Contents/Developer/Toolchains/XcodeDefault.xctoolchain/usr/lib/swift/macosx/prebuilt-modules/26.5/CoreText.swiftmodule/arm64e-apple-macos.swiftmodule /Applications/Xcode.app/Contents/Developer/Toolchains/XcodeDefault.xctoolchain/usr/lib/swift/macosx/prebuilt-modules/26.5/_StringProcessing.swiftmodule/arm64e-apple-macos.swiftmodule /Applications/Xcode.app/Contents/Developer/Toolchains/XcodeDefault.xctoolchain/usr/lib/swift/macosx/prebuilt-modules/26.5/Synchronization.swiftmodule/arm64e-apple-macos.swiftmodule /Applications/Xcode.app/Contents/Developer/Toolchains/XcodeDefault.xctoolchain/usr/lib/swift/macosx/prebuilt-modules/26.5/AVFoundation.swiftmodule/arm64e-apple-macos.swiftmodule /Applications/Xcode.app/Contents/Developer/Toolchains/XcodeDefault.xctoolchain/usr/lib/swift/macosx/prebuilt-modules/26.5/AudioToolbox.swiftmodule/arm64e-apple-macos.swiftmodule /Applications/Xcode.app/Contents/Developer/Toolchains/XcodeDefault.xctoolchain/usr/lib/swift/macosx/prebuilt-modules/26.5/Darwin.swiftmodule/arm64e-apple-macos.swiftmodule /Applications/Xcode.app/Contents/Developer/Toolchains/XcodeDefault.xctoolchain/usr/lib/swift/macosx/prebuilt-modules/26.5/Metal.swiftmodule/arm64e-apple-macos.swiftmodule /Applications/Xcode.app/Contents/Developer/Toolchains/XcodeDefault.xctoolchain/usr/lib/swift/macosx/prebuilt-modules/26.5/os.swiftmodule/arm64e-apple-macos.swiftmodule /Applications/Xcode.app/Contents/Developer/Toolchains/XcodeDefault.xctoolchain/usr/lib/swift/macosx/prebuilt-modules/26.5/_Builtin_float.swiftmodule/arm64e-apple-macos.swiftmodule /Applications/Xcode.app/Contents/Developer/Toolchains/XcodeDefault.xctoolchain/usr/lib/swift/macosx/prebuilt-modules/26.5/_DarwinFoundation1.swiftmodule/arm64e-apple-macos.swiftmodule /Applications/Xcode.app/Contents/Developer/Toolchains/XcodeDefault.xctoolchain/usr/lib/swift/macosx/prebuilt-modules/26.5/OSLog.swiftmodule/arm64e-apple-macos.swiftmodule /Applications/Xcode.app/Contents/Developer/Toolchains/XcodeDefault.xctoolchain/usr/lib/swift/macosx/prebuilt-modules/26.5/IOKit.swiftmodule/arm64e-apple-macos.swiftmodule /Applications/Xcode.app/Contents/Developer/Toolchains/XcodeDefault.xctoolchain/usr/lib/swift/macosx/prebuilt-modules/26.5/CoreGraphics.swiftmodule/arm64e-apple-macos.swiftmodule /Applications/Xcode.app/Contents/Developer/Toolchains/XcodeDefault.xctoolchain/usr/lib/swift/macosx/prebuilt-modules/26.5/DeveloperToolsSupport.swiftmodule/arm64e-apple-macos.swiftmodule /Applications/Xcode.app/Contents/Developer/Toolchains/XcodeDefault.xctoolchain/usr/lib/swift/macosx/prebuilt-modules/26.5/AVFAudio.swiftmodule/arm64e-apple-macos.swiftmodule /Applications/Xcode.app/Contents/Developer/Toolchains/XcodeDefault.xctoolchain/usr/lib/swift/macosx/prebuilt-modules/26.5/Combine.swiftmodule/arm64e-apple-macos.swiftmodule /Applications/Xcode.app/Contents/Developer/Toolchains/XcodeDefault.xctoolchain/usr/lib/swift/macosx/prebuilt-modules/26.5/CoreData.swiftmodule/arm64e-apple-macos.swiftmodule /Applications/Xcode.app/Contents/Developer/Toolchains/XcodeDefault.xctoolchain/usr/lib/swift/macosx/prebuilt-modules/26.5/_Concurrency.swiftmodule/arm64e-apple-macos.swiftmodule /Applications/Xcode.app/Contents/Developer/Toolchains/XcodeDefault.xctoolchain/usr/lib/swift/macosx/prebuilt-modules/26.5/Spatial.swiftmodule/arm64e-apple-macos.swiftmodule /Applications/Xcode.app/Contents/Developer/Toolchains/XcodeDefault.xctoolchain/usr/lib/swift/macosx/prebuilt-modules/26.5/QuartzCore.swiftmodule/arm64e-apple-macos.swiftmodule /Applications/Xcode.app/Contents/Developer/Toolchains/XcodeDefault.xctoolchain/usr/lib/swift/macosx/prebuilt-modules/26.5/CoreVideo.swiftmodule/arm64e-apple-macos.swiftmodule /Applications/Xcode.app/Contents/Developer/Toolchains/XcodeDefault.xctoolchain/usr/lib/swift/macosx/prebuilt-modules/26.5/Symbols.swiftmodule/arm64e-apple-macos.swiftmodule /Applications/Xcode.app/Contents/Developer/Toolchains/XcodeDefault.xctoolchain/usr/lib/swift/macosx/prebuilt-modules/26.5/ScreenCaptureKit.swiftmodule/arm64e-apple-macos.swiftmodule /Applications/Xcode.app/Contents/Developer/Toolchains/XcodeDefault.xctoolchain/usr/lib/swift/macosx/prebuilt-modules/26.5/simd.swiftmodule/arm64e-apple-macos.swiftmodule /Applications/Xcode.app/Contents/Developer/Toolchains/XcodeDefault.xctoolchain/usr/lib/swift/macosx/prebuilt-modules/26.5/SwiftUICore.swiftmodule/arm64e-apple-macos.swiftmodule /Applications/Xcode.app/Contents/Developer/Toolchains/XcodeDefault.xctoolchain/usr/lib/swift/macosx/prebuilt-modules/26.5/_DarwinFoundation2.swiftmodule/arm64e-apple-macos.swiftmodule /Applications/Xcode.app/Contents/Developer/Toolchains/XcodeDefault.xctoolchain/usr/lib/swift/macosx/prebuilt-modules/26.5/CoreMedia.swiftmodule/arm64e-apple-macos.swiftmodule /Applications/Xcode.app/Contents/Developer/Toolchains/XcodeDefault.xctoolchain/usr/lib/swift/macosx/prebuilt-modules/26.5/UniformTypeIdentifiers.swiftmodule/arm64e-apple-macos.swiftmodule /Applications/Xcode.app/Contents/Developer/Toolchains/XcodeDefault.xctoolchain/usr/lib/swift/macosx/prebuilt-modules/26.5/CoreImage.swiftmodule/arm64e-apple-macos.swiftmodule /Applications/Xcode.app/Contents/Developer/Toolchains/XcodeDefault.xctoolchain/usr/lib/swift/macosx/prebuilt-modules/26.5/Observation.swiftmodule/arm64e-apple-macos.swiftmodule /tmp/openplane-tab-queue/build/ModuleCache.noindex/SwiftUICore-3HYRNLY2MON2YG84KAMW785B9.pcm /tmp/openplane-tab-queue/build/ModuleCache.noindex/AudioToolbox-5MJO8NCSTVZMFK097XK4H3BIL.pcm /tmp/openplane-tab-queue/build/ModuleCache.noindex/ApplicationServices-2GAU4YG0G5U1ZLKS1AHP9QZNY.pcm /tmp/openplane-tab-queue/build/ModuleCache.noindex/DiskArbitration-BJI57GBQUITYDJKKMEUPKKNYD.pcm /tmp/openplane-tab-queue/build/ModuleCache.noindex/CoreServices-68NSS2PFWYFO9V1Y4KMZR7349.pcm /tmp/openplane-tab-queue/build/ModuleCache.noindex/CoreGraphics-D12U1TOPI18L9EZOQZY0EJRF9.pcm /tmp/openplane-tab-queue/build/ModuleCache.noindex/launch-D5B87AVF80FY43XRVSIVFDRO.pcm /tmp/openplane-tab-queue/build/ModuleCache.noindex/_Builtin_stdarg-B017OKJR7934M1CNX66KDE1J8.pcm /tmp/openplane-tab-queue/build/ModuleCache.noindex/_Builtin_float-99WVHEBQX2OZZ507YN2OCSH4.pcm /tmp/openplane-tab-queue/build/ModuleCache.noindex/CoreTransferable-2SY8ULR2JGBCHBQ9V5V9AAC85.pcm /tmp/openplane-tab-queue/build/ModuleCache.noindex/CoreImage-DWRUY6H4444E4R6RUI34F9KSI.pcm /tmp/openplane-tab-queue/build/ModuleCache.noindex/Foundation-87E3OA7KZCN7XQJDKKNE97F1I.pcm /tmp/openplane-tab-queue/build/ModuleCache.noindex/os-U6ZBDB36UTBZIUN7ZCXDD1DG.pcm /tmp/openplane-tab-queue/build/ModuleCache.noindex/sys_types-G6XI0ETLQK4KBCOFSTOXZHNA.pcm /tmp/openplane-tab-queue/build/ModuleCache.noindex/_SwiftConcurrencyShims-3FOLVBJAIHB39URRINU7D1RA.pcm /tmp/openplane-tab-queue/build/ModuleCache.noindex/AVFoundation-879M970Q5IMEA6G1SCSZG4Y4O.pcm /tmp/openplane-tab-queue/build/ModuleCache.noindex/os_workgroup-CG7S9A6BSMAL1KH2HATHMLLUX.pcm /tmp/openplane-tab-queue/build/ModuleCache.noindex/ScreenCaptureKit-KQXYZM10C44F983P2RXU6G8W.pcm /tmp/openplane-tab-queue/build/ModuleCache.noindex/_Builtin_inttypes-35GYS1Y66N5E6T7241G7V90JC.pcm /tmp/openplane-tab-queue/build/ModuleCache.noindex/libDER-3VEVUCRFOEZQBPTPNOCQL6C02.pcm /tmp/openplane-tab-queue/build/ModuleCache.noindex/_DarwinFoundation3-CTKIP1LYE1K4U1IMUVLNLVB81.pcm /tmp/openplane-tab-queue/build/ModuleCache.noindex/UniformTypeIdentifiers-DZ6NC6RIJMR5EP5I00IP8HXWU.pcm /tmp/openplane-tab-queue/build/ModuleCache.noindex/CoreMedia-5KS2ZRQPITGXJVUN2ER6V96U2.pcm /tmp/openplane-tab-queue/build/ModuleCache.noindex/ServiceManagement-D6RCKVZJV6RA086WAP4L378CV.pcm /tmp/openplane-tab-queue/build/ModuleCache.noindex/SwiftShims-AFP00MY952GUWWE8IUSPR4MN8.pcm /tmp/openplane-tab-queue/build/ModuleCache.noindex/_DarwinFoundation1-8D4OZIWHOLJWTZ4YIUNF92SPN.pcm /tmp/openplane-tab-queue/build/ModuleCache.noindex/CUPS-7KXFFJYGM0PMWWOXV1DTN0K0U.pcm /tmp/openplane-tab-queue/build/ModuleCache.noindex/CoreText-DR6B3OK5DQKX857J6PSZFTDA.pcm /tmp/openplane-tab-queue/build/ModuleCache.noindex/DataDetection-1C2SCTPITEMDSQBAAXRTQTW4D.pcm /tmp/openplane-tab-queue/build/ModuleCache.noindex/_AvailabilityInternal-5LTVNHE51IHWO5N9V2H3B8IYL.pcm /tmp/openplane-tab-queue/build/ModuleCache.noindex/Metal-D42EGGYAB86J8U5BXWBSRRGED.pcm /tmp/openplane-tab-queue/build/ModuleCache.noindex/CoreMIDI-6B98604GR4CJITRR4WPZ1EN4U.pcm /tmp/openplane-tab-queue/build/ModuleCache.noindex/_Builtin_intrinsics-785RSAE4L69N6NTD5WSREOBNP.pcm /tmp/openplane-tab-queue/build/ModuleCache.noindex/ColorSync-DFPJ1KV722YYSQ6RXR3TQLLWE.pcm /tmp/openplane-tab-queue/build/ModuleCache.noindex/Accessibility-EVZ4SFGWOW61UPCN6LDRN40ES.pcm /tmp/openplane-tab-queue/build/ModuleCache.noindex/CFNetwork-8PMQK7MG85KZ64SJHP1BNXAF2.pcm /tmp/openplane-tab-queue/build/ModuleCache.noindex/CoreVideo-1VY9XPRRCX040EMC7IT5F8N9G.pcm /tmp/openplane-tab-queue/build/ModuleCache.noindex/ObjectiveC-F0EMTP3ESPMSLK77EMASEKXPJ.pcm /tmp/openplane-tab-queue/build/ModuleCache.noindex/IOKit-4ND7QTWTF7RJE02ZHCEERA9O.pcm /tmp/openplane-tab-queue/build/ModuleCache.noindex/Spatial-1KMMHJXG5DOCNJQC3KS2HNWYB.pcm /tmp/openplane-tab-queue/build/ModuleCache.noindex/Symbols-CR04L0R4Z4VNTS7J3VYGTXOHI.pcm /tmp/openplane-tab-queue/build/ModuleCache.noindex/_Builtin_limits-EEVYGT1VNSGO4KYNV3D7VSKNX.pcm /tmp/openplane-tab-queue/build/ModuleCache.noindex/Dispatch-2J1C1AM7OLH2N2E7W8XUVIRC5.pcm /tmp/openplane-tab-queue/build/ModuleCache.noindex/MachO-1KUXDJ826PBLL10K4OCGYI0B2.pcm /tmp/openplane-tab-queue/build/ModuleCache.noindex/CoreData-D86I809ZHVFLPA7LFS7UADYUO.pcm /tmp/openplane-tab-queue/build/ModuleCache.noindex/AVFAudio-5WES9Z85ZBGHXIIQWDAACFU1T.pcm /tmp/openplane-tab-queue/build/ModuleCache.noindex/os_object-56JCTMUMHI5VAOV3ID34EHWII.pcm /tmp/openplane-tab-queue/build/ModuleCache.noindex/AppKit-63KGR8RU95DOFQGY75Y4BO6UG.pcm /tmp/openplane-tab-queue/build/ModuleCache.noindex/_Builtin_stdint-E9NUETV5RLY4CUCRG3R0JQWCQ.pcm /tmp/openplane-tab-queue/build/ModuleCache.noindex/CoreAudioTypes-5W7S39PGISWSP1VNZ1TPFEQ1J.pcm /tmp/openplane-tab-queue/build/ModuleCache.noindex/XPC-258JNVCN0WEVM1W666SPUSA7J.pcm /tmp/openplane-tab-queue/build/ModuleCache.noindex/DeveloperToolsSupport-6E3Y3624DO1B3ZMA3BP4AYRPC.pcm /tmp/openplane-tab-queue/build/ModuleCache.noindex/ImageIO-4G0JD8B1OGCFJGRV2URWBUMB6.pcm /tmp/openplane-tab-queue/build/ModuleCache.noindex/Darwin-BKACSWUAJY8H28NC27F2ZNZXT.pcm /tmp/openplane-tab-queue/build/ModuleCache.noindex/Security-DGJD3Q4CIXVWCMRDI879F1A61.pcm /tmp/openplane-tab-queue/build/ModuleCache.noindex/QuartzCore-22KWU0IUYAVNMO2X4O0LG3MUM.pcm /tmp/openplane-tab-queue/build/ModuleCache.noindex/_DarwinFoundation2-7ZKS8RYEW3XCE2IOA33CCS9T.pcm /tmp/openplane-tab-queue/build/ModuleCache.noindex/_Builtin_stdbool-7Y8R46CEEGWKCQDGCEQ36WSZV.pcm /tmp/openplane-tab-queue/build/ModuleCache.noindex/ptrauth-DZ444UTE9AZC0OHUU7OGEBABN.pcm /tmp/openplane-tab-queue/build/ModuleCache.noindex/MediaToolbox-1G2ECF4IA8GGWCP4CSFE6VC72.pcm /tmp/openplane-tab-queue/build/ModuleCache.noindex/CoreAudio-13AEX3CPT610A9WXP5DQQ2V8D.pcm /tmp/openplane-tab-queue/build/ModuleCache.noindex/_Builtin_stdatomic-9HIC415RW25E8M017UXVSARV7.pcm /tmp/openplane-tab-queue/build/ModuleCache.noindex/_Builtin_tgmath-BV2AWSFN19H4K47SKGWW23YXX.pcm /tmp/openplane-tab-queue/build/ModuleCache.noindex/OSLog-33QT3SVJ5HCGS9BSCX0CA7TYV.pcm /tmp/openplane-tab-queue/build/ModuleCache.noindex/CoreFoundation-Z603M33FMQ1JUIWX77D08C3L.pcm /tmp/openplane-tab-queue/build/ModuleCache.noindex/Carbon-3REDD480U3J508K51WUV1DFGJ.pcm /tmp/openplane-tab-queue/build/ModuleCache.noindex/libkern-23XT4QV58AMOMLY8BVHEHUN18.pcm /tmp/openplane-tab-queue/build/ModuleCache.noindex/IOSurface-95M7A7A0CLKFOU6UTDDYKCGY.pcm /tmp/openplane-tab-queue/build/ModuleCache.noindex/simd-3STFJ3X6HAI22VNVNHR6RK7R7.pcm /tmp/openplane-tab-queue/build/ModuleCache.noindex/OpenGL-375098Z66Z1SRE9DMXFTKCTAP.pcm /tmp/openplane-tab-queue/build/ModuleCache.noindex/ptrcheck-N6G81H92SXVA4WITFOPK3D6B.pcm /tmp/openplane-tab-queue/build/ModuleCache.noindex/_Builtin_stddef-ESGH5DVU95MMLH4FLVT8B07R1.pcm /tmp/openplane-tab-queue/build/Build/Intermediates.noindex/OpenPlane.build/Release/OpenPlane.build/Objects-normal/arm64/OpenPlane-dependencies-1.json (in target 'OpenPlane' from project 'OpenPlane')
	Building project OpenPlane with scheme OpenPlane and configuration Release
(3 failures)
