Command line invocation:
    /Applications/Xcode.app/Contents/Developer/usr/bin/xcodebuild -project OpenPlane.xcodeproj -scheme OpenPlane -configuration Release -derivedDataPath /tmp/openplane-grid/build build

2026-09-06 00:59:35.946 xcodebuild[4863:1445066] [MT] IDERunDestination: Supported platforms for the buildables in the current scheme is empty.
--- xcodebuild: WARNING: Using the first of multiple matching destinations:
{ platform:macOS, arch:arm64, id:00006020-0016685611C0C01E, name:My Mac }
{ platform:macOS, arch:x86_64, id:00006020-0016685611C0C01E, name:My Mac }
{ platform:macOS, name:Any Mac }
ComputePackagePrebuildTargetDependencyGraph

Prepare packages

CreateBuildRequest

SendProjectDescription

CreateBuildOperation

ComputeTargetDependencyGraph
note: Building targets in dependency order
note: Target dependency graph (1 target)
    Target 'OpenPlane' in project 'OpenPlane' (no dependencies)

GatherProvisioningInputs

CreateBuildDescription

ExecuteExternalTool /Applications/Xcode.app/Contents/Developer/Toolchains/XcodeDefault.xctoolchain/usr/bin/clang -v -E -dM -isysroot /Applications/Xcode.app/Contents/Developer/Platforms/MacOSX.platform/Developer/SDKs/MacOSX26.5.sdk -x c -c /dev/null

ExecuteExternalTool /Applications/Xcode.app/Contents/Developer/usr/bin/actool --version --output-format xml1

ExecuteExternalTool /Applications/Xcode.app/Contents/Developer/Toolchains/XcodeDefault.xctoolchain/usr/bin/swiftc --version

ExecuteExternalTool /Applications/Xcode.app/Contents/Developer/Toolchains/XcodeDefault.xctoolchain/usr/bin/ld -version_details

Build description signature: a845a28f97a7e6f6a9e06c812dc4e7a4
Build description path: /tmp/openplane-grid/build/Build/Intermediates.noindex/XCBuildData/a845a28f97a7e6f6a9e06c812dc4e7a4.xcbuilddata
CreateBuildDirectory /tmp/openplane-grid/build/Build/Products
    cd /Users/ayalpani/dev/_products/openplane/OpenPlane.xcodeproj
    builtin-create-build-directory /tmp/openplane-grid/build/Build/Products

CreateBuildDirectory /tmp/openplane-grid/build/Build/Intermediates.noindex
    cd /Users/ayalpani/dev/_products/openplane/OpenPlane.xcodeproj
    builtin-create-build-directory /tmp/openplane-grid/build/Build/Intermediates.noindex

ClangStatCache /Applications/Xcode.app/Contents/Developer/Toolchains/XcodeDefault.xctoolchain/usr/bin/clang-stat-cache /Applications/Xcode.app/Contents/Developer/Platforms/MacOSX.platform/Developer/SDKs/MacOSX26.5.sdk /tmp/openplane-grid/build/SDKStatCaches.noindex/macosx26.5-25F70-e082c4a02f00227109f4ed75e425c832.sdkstatcache
    cd /Users/ayalpani/dev/_products/openplane/OpenPlane.xcodeproj
    /Applications/Xcode.app/Contents/Developer/Toolchains/XcodeDefault.xctoolchain/usr/bin/clang-stat-cache /Applications/Xcode.app/Contents/Developer/Platforms/MacOSX.platform/Developer/SDKs/MacOSX26.5.sdk -o /tmp/openplane-grid/build/SDKStatCaches.noindex/macosx26.5-25F70-e082c4a02f00227109f4ed75e425c832.sdkstatcache

CreateBuildDirectory /tmp/openplane-grid/build/Build/Intermediates.noindex/SwiftExplicitPrecompiledModules
    cd /Users/ayalpani/dev/_products/openplane/OpenPlane.xcodeproj
    builtin-create-build-directory /tmp/openplane-grid/build/Build/Intermediates.noindex/SwiftExplicitPrecompiledModules

CreateBuildDirectory /tmp/openplane-grid/build/Build/Intermediates.noindex/ExplicitPrecompiledModules
    cd /Users/ayalpani/dev/_products/openplane/OpenPlane.xcodeproj
    builtin-create-build-directory /tmp/openplane-grid/build/Build/Intermediates.noindex/ExplicitPrecompiledModules

CreateBuildDirectory /tmp/openplane-grid/build/Build/Products/Release
    cd /Users/ayalpani/dev/_products/openplane/OpenPlane.xcodeproj
    builtin-create-build-directory /tmp/openplane-grid/build/Build/Products/Release

CreateBuildDirectory /tmp/openplane-grid/build/Build/Intermediates.noindex/EagerLinkingTBDs/Release
    cd /Users/ayalpani/dev/_products/openplane/OpenPlane.xcodeproj
    builtin-create-build-directory /tmp/openplane-grid/build/Build/Intermediates.noindex/EagerLinkingTBDs/Release

WriteAuxiliaryFile /tmp/openplane-grid/build/Build/Intermediates.noindex/OpenPlane.build/Release/OpenPlane-acf40ef4130912d87a120b6a244ec8a7-VFS/all-product-headers.yaml
    cd /Users/ayalpani/dev/_products/openplane/OpenPlane.xcodeproj
    write-file /tmp/openplane-grid/build/Build/Intermediates.noindex/OpenPlane.build/Release/OpenPlane-acf40ef4130912d87a120b6a244ec8a7-VFS/all-product-headers.yaml

WriteAuxiliaryFile /tmp/openplane-grid/build/Build/Intermediates.noindex/OpenPlane.build/Release/OpenPlane.build/OpenPlane.hmap (in target 'OpenPlane' from project 'OpenPlane')
    cd /Users/ayalpani/dev/_products/openplane
    write-file /tmp/openplane-grid/build/Build/Intermediates.noindex/OpenPlane.build/Release/OpenPlane.build/OpenPlane.hmap

WriteAuxiliaryFile /tmp/openplane-grid/build/Build/Intermediates.noindex/OpenPlane.build/Release/OpenPlane.build/OpenPlane-project-headers.hmap (in target 'OpenPlane' from project 'OpenPlane')
    cd /Users/ayalpani/dev/_products/openplane
    write-file /tmp/openplane-grid/build/Build/Intermediates.noindex/OpenPlane.build/Release/OpenPlane.build/OpenPlane-project-headers.hmap

WriteAuxiliaryFile /tmp/openplane-grid/build/Build/Intermediates.noindex/OpenPlane.build/Release/OpenPlane.build/OpenPlane-own-target-headers.hmap (in target 'OpenPlane' from project 'OpenPlane')
    cd /Users/ayalpani/dev/_products/openplane
    write-file /tmp/openplane-grid/build/Build/Intermediates.noindex/OpenPlane.build/Release/OpenPlane.build/OpenPlane-own-target-headers.hmap

WriteAuxiliaryFile /tmp/openplane-grid/build/Build/Intermediates.noindex/OpenPlane.build/Release/OpenPlane.build/OpenPlane-generated-files.hmap (in target 'OpenPlane' from project 'OpenPlane')
    cd /Users/ayalpani/dev/_products/openplane
    write-file /tmp/openplane-grid/build/Build/Intermediates.noindex/OpenPlane.build/Release/OpenPlane.build/OpenPlane-generated-files.hmap

WriteAuxiliaryFile /tmp/openplane-grid/build/Build/Intermediates.noindex/OpenPlane.build/Release/OpenPlane.build/OpenPlane-all-non-framework-target-headers.hmap (in target 'OpenPlane' from project 'OpenPlane')
    cd /Users/ayalpani/dev/_products/openplane
    write-file /tmp/openplane-grid/build/Build/Intermediates.noindex/OpenPlane.build/Release/OpenPlane.build/OpenPlane-all-non-framework-target-headers.hmap

WriteAuxiliaryFile /tmp/openplane-grid/build/Build/Intermediates.noindex/OpenPlane.build/Release/OpenPlane.build/OpenPlane.DependencyStaticMetadataFileList (in target 'OpenPlane' from project 'OpenPlane')
    cd /Users/ayalpani/dev/_products/openplane
    write-file /tmp/openplane-grid/build/Build/Intermediates.noindex/OpenPlane.build/Release/OpenPlane.build/OpenPlane.DependencyStaticMetadataFileList

WriteAuxiliaryFile /tmp/openplane-grid/build/Build/Intermediates.noindex/OpenPlane.build/Release/OpenPlane.build/OpenPlane-all-target-headers.hmap (in target 'OpenPlane' from project 'OpenPlane')
    cd /Users/ayalpani/dev/_products/openplane
    write-file /tmp/openplane-grid/build/Build/Intermediates.noindex/OpenPlane.build/Release/OpenPlane.build/OpenPlane-all-target-headers.hmap

WriteAuxiliaryFile /tmp/openplane-grid/build/Build/Intermediates.noindex/OpenPlane.build/Release/OpenPlane.build/OpenPlane.DependencyMetadataFileList (in target 'OpenPlane' from project 'OpenPlane')
    cd /Users/ayalpani/dev/_products/openplane
    write-file /tmp/openplane-grid/build/Build/Intermediates.noindex/OpenPlane.build/Release/OpenPlane.build/OpenPlane.DependencyMetadataFileList

WriteAuxiliaryFile /tmp/openplane-grid/build/Build/Intermediates.noindex/OpenPlane.build/Release/OpenPlane.build/Objects-normal/arm64/OpenPlane.SwiftFileList (in target 'OpenPlane' from project 'OpenPlane')
    cd /Users/ayalpani/dev/_products/openplane
    write-file /tmp/openplane-grid/build/Build/Intermediates.noindex/OpenPlane.build/Release/OpenPlane.build/Objects-normal/arm64/OpenPlane.SwiftFileList

WriteAuxiliaryFile /tmp/openplane-grid/build/Build/Intermediates.noindex/OpenPlane.build/Release/OpenPlane.build/Objects-normal/arm64/OpenPlane.LinkFileList (in target 'OpenPlane' from project 'OpenPlane')
    cd /Users/ayalpani/dev/_products/openplane
    write-file /tmp/openplane-grid/build/Build/Intermediates.noindex/OpenPlane.build/Release/OpenPlane.build/Objects-normal/arm64/OpenPlane.LinkFileList

WriteAuxiliaryFile /tmp/openplane-grid/build/Build/Intermediates.noindex/OpenPlane.build/Release/OpenPlane.build/Objects-normal/arm64/OpenPlane_const_extract_protocols.json (in target 'OpenPlane' from project 'OpenPlane')
    cd /Users/ayalpani/dev/_products/openplane
    write-file /tmp/openplane-grid/build/Build/Intermediates.noindex/OpenPlane.build/Release/OpenPlane.build/Objects-normal/arm64/OpenPlane_const_extract_protocols.json

WriteAuxiliaryFile /tmp/openplane-grid/build/Build/Intermediates.noindex/OpenPlane.build/Release/OpenPlane.build/Objects-normal/arm64/OpenPlane.SwiftConstValuesFileList (in target 'OpenPlane' from project 'OpenPlane')
    cd /Users/ayalpani/dev/_products/openplane
    write-file /tmp/openplane-grid/build/Build/Intermediates.noindex/OpenPlane.build/Release/OpenPlane.build/Objects-normal/arm64/OpenPlane.SwiftConstValuesFileList

WriteAuxiliaryFile /tmp/openplane-grid/build/Build/Intermediates.noindex/OpenPlane.build/Release/OpenPlane.build/Objects-normal/arm64/OpenPlane-OutputFileMap.json (in target 'OpenPlane' from project 'OpenPlane')
    cd /Users/ayalpani/dev/_products/openplane
    write-file /tmp/openplane-grid/build/Build/Intermediates.noindex/OpenPlane.build/Release/OpenPlane.build/Objects-normal/arm64/OpenPlane-OutputFileMap.json

MkDir /tmp/openplane-grid/build/Build/Products/Release/OpenPlane.app/Contents (in target 'OpenPlane' from project 'OpenPlane')
    cd /Users/ayalpani/dev/_products/openplane
    /bin/mkdir -p /tmp/openplane-grid/build/Build/Products/Release/OpenPlane.app/Contents

WriteAuxiliaryFile /tmp/openplane-grid/build/Build/Intermediates.noindex/OpenPlane.build/Release/OpenPlane.build/DerivedSources/Entitlements.plist (in target 'OpenPlane' from project 'OpenPlane')
    cd /Users/ayalpani/dev/_products/openplane
    write-file /tmp/openplane-grid/build/Build/Intermediates.noindex/OpenPlane.build/Release/OpenPlane.build/DerivedSources/Entitlements.plist

MkDir /tmp/openplane-grid/build/Build/Products/Release/OpenPlane.app/Contents/MacOS (in target 'OpenPlane' from project 'OpenPlane')
    cd /Users/ayalpani/dev/_products/openplane
    /bin/mkdir -p /tmp/openplane-grid/build/Build/Products/Release/OpenPlane.app/Contents/MacOS

MkDir /tmp/openplane-grid/build/Build/Products/Release/OpenPlane.app/Contents/Resources (in target 'OpenPlane' from project 'OpenPlane')
    cd /Users/ayalpani/dev/_products/openplane
    /bin/mkdir -p /tmp/openplane-grid/build/Build/Products/Release/OpenPlane.app/Contents/Resources

MkDir /tmp/openplane-grid/build/Build/Products/Release/OpenPlane.app (in target 'OpenPlane' from project 'OpenPlane')
    cd /Users/ayalpani/dev/_products/openplane
    /bin/mkdir -p /tmp/openplane-grid/build/Build/Products/Release/OpenPlane.app

ProcessProductPackaging "" /tmp/openplane-grid/build/Build/Intermediates.noindex/OpenPlane.build/Release/OpenPlane.build/OpenPlane.app.xcent (in target 'OpenPlane' from project 'OpenPlane')
    cd /Users/ayalpani/dev/_products/openplane
    
    Entitlements:
    
    {
    "com.apple.security.get-task-allow" = 1;
}
    
    builtin-productPackagingUtility -entitlements -format xml -o /tmp/openplane-grid/build/Build/Intermediates.noindex/OpenPlane.build/Release/OpenPlane.build/OpenPlane.app.xcent

ProcessProductPackagingDER /tmp/openplane-grid/build/Build/Intermediates.noindex/OpenPlane.build/Release/OpenPlane.build/OpenPlane.app.xcent /tmp/openplane-grid/build/Build/Intermediates.noindex/OpenPlane.build/Release/OpenPlane.build/OpenPlane.app.xcent.der (in target 'OpenPlane' from project 'OpenPlane')
    cd /Users/ayalpani/dev/_products/openplane
    /usr/bin/derq query -f xml -i /tmp/openplane-grid/build/Build/Intermediates.noindex/OpenPlane.build/Release/OpenPlane.build/OpenPlane.app.xcent -o /tmp/openplane-grid/build/Build/Intermediates.noindex/OpenPlane.build/Release/OpenPlane.build/OpenPlane.app.xcent.der --raw

GenerateAssetSymbols /Users/ayalpani/dev/_products/openplane/OpenPlane/Assets.xcassets (in target 'OpenPlane' from project 'OpenPlane')
    cd /Users/ayalpani/dev/_products/openplane
    /Applications/Xcode.app/Contents/Developer/usr/bin/actool /Users/ayalpani/dev/_products/openplane/OpenPlane/Assets.xcassets --compile /tmp/openplane-grid/build/Build/Products/Release/OpenPlane.app/Contents/Resources --output-format human-readable-text --notices --warnings --export-dependency-info /tmp/openplane-grid/build/Build/Intermediates.noindex/OpenPlane.build/Release/OpenPlane.build/assetcatalog_dependencies --output-partial-info-plist /tmp/openplane-grid/build/Build/Intermediates.noindex/OpenPlane.build/Release/OpenPlane.build/assetcatalog_generated_info.plist --app-icon AppIcon --enable-on-demand-resources NO --development-region en --target-device mac --minimum-deployment-target 26.0 --platform macosx --bundle-identifier com.yalpani.openplane.poc --generate-swift-asset-symbol-extensions NO --generate-swift-asset-symbols /tmp/openplane-grid/build/Build/Intermediates.noindex/OpenPlane.build/Release/OpenPlane.build/DerivedSources/GeneratedAssetSymbols.swift --generate-objc-asset-symbols /tmp/openplane-grid/build/Build/Intermediates.noindex/OpenPlane.build/Release/OpenPlane.build/DerivedSources/GeneratedAssetSymbols.h --generate-asset-symbol-index /tmp/openplane-grid/build/Build/Intermediates.noindex/OpenPlane.build/Release/OpenPlane.build/DerivedSources/GeneratedAssetSymbols-Index.plist
/* com.apple.actool.compilation-results */
/tmp/openplane-grid/build/Build/Intermediates.noindex/OpenPlane.build/Release/OpenPlane.build/DerivedSources/GeneratedAssetSymbols-Index.plist
/tmp/openplane-grid/build/Build/Intermediates.noindex/OpenPlane.build/Release/OpenPlane.build/DerivedSources/GeneratedAssetSymbols.h
/tmp/openplane-grid/build/Build/Intermediates.noindex/OpenPlane.build/Release/OpenPlane.build/DerivedSources/GeneratedAssetSymbols.swift


MkDir /tmp/openplane-grid/build/Build/Intermediates.noindex/OpenPlane.build/Release/OpenPlane.build/assetcatalog_output/thinned (in target 'OpenPlane' from project 'OpenPlane')
    cd /Users/ayalpani/dev/_products/openplane
    /bin/mkdir -p /tmp/openplane-grid/build/Build/Intermediates.noindex/OpenPlane.build/Release/OpenPlane.build/assetcatalog_output/thinned

MkDir /tmp/openplane-grid/build/Build/Intermediates.noindex/OpenPlane.build/Release/OpenPlane.build/assetcatalog_output/unthinned (in target 'OpenPlane' from project 'OpenPlane')
    cd /Users/ayalpani/dev/_products/openplane
    /bin/mkdir -p /tmp/openplane-grid/build/Build/Intermediates.noindex/OpenPlane.build/Release/OpenPlane.build/assetcatalog_output/unthinned

CompileAssetCatalogVariant thinned /tmp/openplane-grid/build/Build/Products/Release/OpenPlane.app/Contents/Resources /Users/ayalpani/dev/_products/openplane/OpenPlane/Assets.xcassets (in target 'OpenPlane' from project 'OpenPlane')
    cd /Users/ayalpani/dev/_products/openplane
    /Applications/Xcode.app/Contents/Developer/usr/bin/actool /Users/ayalpani/dev/_products/openplane/OpenPlane/Assets.xcassets --compile /tmp/openplane-grid/build/Build/Intermediates.noindex/OpenPlane.build/Release/OpenPlane.build/assetcatalog_output/thinned --output-format human-readable-text --notices --warnings --export-dependency-info /tmp/openplane-grid/build/Build/Intermediates.noindex/OpenPlane.build/Release/OpenPlane.build/assetcatalog_dependencies_thinned --output-partial-info-plist /tmp/openplane-grid/build/Build/Intermediates.noindex/OpenPlane.build/Release/OpenPlane.build/assetcatalog_generated_info.plist_thinned --app-icon AppIcon --enable-on-demand-resources NO --development-region en --target-device mac --minimum-deployment-target 26.0 --platform macosx
/* com.apple.actool.compilation-results */
/tmp/openplane-grid/build/Build/Intermediates.noindex/OpenPlane.build/Release/OpenPlane.build/assetcatalog_generated_info.plist_thinned
/tmp/openplane-grid/build/Build/Intermediates.noindex/OpenPlane.build/Release/OpenPlane.build/assetcatalog_output/thinned/AppIcon.icns
/tmp/openplane-grid/build/Build/Intermediates.noindex/OpenPlane.build/Release/OpenPlane.build/assetcatalog_output/thinned/Assets.car


LinkAssetCatalog /Users/ayalpani/dev/_products/openplane/OpenPlane/Assets.xcassets (in target 'OpenPlane' from project 'OpenPlane')
    cd /Users/ayalpani/dev/_products/openplane
    builtin-linkAssetCatalog --thinned /tmp/openplane-grid/build/Build/Intermediates.noindex/OpenPlane.build/Release/OpenPlane.build/assetcatalog_output/thinned --thinned-dependencies /tmp/openplane-grid/build/Build/Intermediates.noindex/OpenPlane.build/Release/OpenPlane.build/assetcatalog_dependencies_thinned --thinned-info-plist-content /tmp/openplane-grid/build/Build/Intermediates.noindex/OpenPlane.build/Release/OpenPlane.build/assetcatalog_generated_info.plist_thinned --unthinned /tmp/openplane-grid/build/Build/Intermediates.noindex/OpenPlane.build/Release/OpenPlane.build/assetcatalog_output/unthinned --unthinned-dependencies /tmp/openplane-grid/build/Build/Intermediates.noindex/OpenPlane.build/Release/OpenPlane.build/assetcatalog_dependencies_unthinned --unthinned-info-plist-content /tmp/openplane-grid/build/Build/Intermediates.noindex/OpenPlane.build/Release/OpenPlane.build/assetcatalog_generated_info.plist_unthinned --output /tmp/openplane-grid/build/Build/Products/Release/OpenPlane.app/Contents/Resources --plist-output /tmp/openplane-grid/build/Build/Intermediates.noindex/OpenPlane.build/Release/OpenPlane.build/assetcatalog_generated_info.plist
note: Emplaced /tmp/openplane-grid/build/Build/Products/Release/OpenPlane.app/Contents/Resources/AppIcon.icns (in target 'OpenPlane' from project 'OpenPlane')
note: Emplaced /tmp/openplane-grid/build/Build/Products/Release/OpenPlane.app/Contents/Resources/Assets.car (in target 'OpenPlane' from project 'OpenPlane')

ProcessInfoPlistFile /tmp/openplane-grid/build/Build/Products/Release/OpenPlane.app/Contents/Info.plist /Users/ayalpani/dev/_products/openplane/OpenPlane/Info.plist (in target 'OpenPlane' from project 'OpenPlane')
    cd /Users/ayalpani/dev/_products/openplane
    builtin-infoPlistUtility /Users/ayalpani/dev/_products/openplane/OpenPlane/Info.plist -producttype com.apple.product-type.application -genpkginfo /tmp/openplane-grid/build/Build/Products/Release/OpenPlane.app/Contents/PkgInfo -expandbuildsettings -platform macosx -additionalcontentfile /tmp/openplane-grid/build/Build/Intermediates.noindex/OpenPlane.build/Release/OpenPlane.build/assetcatalog_generated_info.plist -o /tmp/openplane-grid/build/Build/Products/Release/OpenPlane.app/Contents/Info.plist

SwiftDriver OpenPlane normal arm64 com.apple.xcode.tools.swift.compiler (in target 'OpenPlane' from project 'OpenPlane')
    cd /Users/ayalpani/dev/_products/openplane
    builtin-SwiftDriver -- /Applications/Xcode.app/Contents/Developer/Toolchains/XcodeDefault.xctoolchain/usr/bin/swiftc -module-name OpenPlane -O -whole-module-optimization @/tmp/openplane-grid/build/Build/Intermediates.noindex/OpenPlane.build/Release/OpenPlane.build/Objects-normal/arm64/OpenPlane.SwiftFileList -enable-experimental-feature DebugDescriptionMacro -sdk /Applications/Xcode.app/Contents/Developer/Platforms/MacOSX.platform/Developer/SDKs/MacOSX26.5.sdk -target arm64-apple-macos26.0 -g -module-cache-path /tmp/openplane-grid/build/ModuleCache.noindex -Xfrontend -serialize-debugging-options -profile-coverage-mapping -profile-generate -swift-version 6 -I /tmp/openplane-grid/build/Build/Products/Release -F /tmp/openplane-grid/build/Build/Products/Release -emit-localized-strings -emit-localized-strings-path /tmp/openplane-grid/build/Build/Intermediates.noindex/OpenPlane.build/Release/OpenPlane.build/Objects-normal/arm64 -c -num-threads 12 -Xcc -ivfsstatcache -Xcc /tmp/openplane-grid/build/SDKStatCaches.noindex/macosx26.5-25F70-e082c4a02f00227109f4ed75e425c832.sdkstatcache -output-file-map /tmp/openplane-grid/build/Build/Intermediates.noindex/OpenPlane.build/Release/OpenPlane.build/Objects-normal/arm64/OpenPlane-OutputFileMap.json -use-frontend-parseable-output -save-temps -no-color-diagnostics -explicit-module-build -module-cache-path /tmp/openplane-grid/build/Build/Intermediates.noindex/SwiftExplicitPrecompiledModules -clang-scanner-module-cache-path /tmp/openplane-grid/build/ModuleCache.noindex -sdk-module-cache-path /tmp/openplane-grid/build/ModuleCache.noindex -serialize-diagnostics -emit-dependencies -emit-module -emit-module-path /tmp/openplane-grid/build/Build/Intermediates.noindex/OpenPlane.build/Release/OpenPlane.build/Objects-normal/arm64/OpenPlane.swiftmodule -validate-clang-modules-once -clang-build-session-file /tmp/openplane-grid/build/ModuleCache.noindex/Session.modulevalidation -Xcc -I/tmp/openplane-grid/build/Build/Intermediates.noindex/OpenPlane.build/Release/OpenPlane.build/swift-overrides.hmap -emit-const-values -Xfrontend -const-gather-protocols-file -Xfrontend /tmp/openplane-grid/build/Build/Intermediates.noindex/OpenPlane.build/Release/OpenPlane.build/Objects-normal/arm64/OpenPlane_const_extract_protocols.json -Xcc -iquote -Xcc /tmp/openplane-grid/build/Build/Intermediates.noindex/OpenPlane.build/Release/OpenPlane.build/OpenPlane-generated-files.hmap -Xcc -I/tmp/openplane-grid/build/Build/Intermediates.noindex/OpenPlane.build/Release/OpenPlane.build/OpenPlane-own-target-headers.hmap -Xcc -I/tmp/openplane-grid/build/Build/Intermediates.noindex/OpenPlane.build/Release/OpenPlane.build/OpenPlane-all-target-headers.hmap -Xcc -iquote -Xcc /tmp/openplane-grid/build/Build/Intermediates.noindex/OpenPlane.build/Release/OpenPlane.build/OpenPlane-project-headers.hmap -Xcc -I/tmp/openplane-grid/build/Build/Products/Release/include -Xcc -I/tmp/openplane-grid/build/Build/Intermediates.noindex/OpenPlane.build/Release/OpenPlane.build/DerivedSources-normal/arm64 -Xcc -I/tmp/openplane-grid/build/Build/Intermediates.noindex/OpenPlane.build/Release/OpenPlane.build/DerivedSources/arm64 -Xcc -I/tmp/openplane-grid/build/Build/Intermediates.noindex/OpenPlane.build/Release/OpenPlane.build/DerivedSources -emit-objc-header -emit-objc-header-path /tmp/openplane-grid/build/Build/Intermediates.noindex/OpenPlane.build/Release/OpenPlane.build/Objects-normal/arm64/OpenPlane-Swift.h -working-directory /Users/ayalpani/dev/_products/openplane -no-emit-module-separately-wmo

SwiftDriver\ Compilation OpenPlane normal arm64 com.apple.xcode.tools.swift.compiler (in target 'OpenPlane' from project 'OpenPlane')
    cd /Users/ayalpani/dev/_products/openplane
    builtin-Swift-Compilation -- /Applications/Xcode.app/Contents/Developer/Toolchains/XcodeDefault.xctoolchain/usr/bin/swiftc -module-name OpenPlane -O -whole-module-optimization @/tmp/openplane-grid/build/Build/Intermediates.noindex/OpenPlane.build/Release/OpenPlane.build/Objects-normal/arm64/OpenPlane.SwiftFileList -enable-experimental-feature DebugDescriptionMacro -sdk /Applications/Xcode.app/Contents/Developer/Platforms/MacOSX.platform/Developer/SDKs/MacOSX26.5.sdk -target arm64-apple-macos26.0 -g -module-cache-path /tmp/openplane-grid/build/ModuleCache.noindex -Xfrontend -serialize-debugging-options -profile-coverage-mapping -profile-generate -swift-version 6 -I /tmp/openplane-grid/build/Build/Products/Release -F /tmp/openplane-grid/build/Build/Products/Release -emit-localized-strings -emit-localized-strings-path /tmp/openplane-grid/build/Build/Intermediates.noindex/OpenPlane.build/Release/OpenPlane.build/Objects-normal/arm64 -c -num-threads 12 -Xcc -ivfsstatcache -Xcc /tmp/openplane-grid/build/SDKStatCaches.noindex/macosx26.5-25F70-e082c4a02f00227109f4ed75e425c832.sdkstatcache -output-file-map /tmp/openplane-grid/build/Build/Intermediates.noindex/OpenPlane.build/Release/OpenPlane.build/Objects-normal/arm64/OpenPlane-OutputFileMap.json -use-frontend-parseable-output -save-temps -no-color-diagnostics -explicit-module-build -module-cache-path /tmp/openplane-grid/build/Build/Intermediates.noindex/SwiftExplicitPrecompiledModules -clang-scanner-module-cache-path /tmp/openplane-grid/build/ModuleCache.noindex -sdk-module-cache-path /tmp/openplane-grid/build/ModuleCache.noindex -serialize-diagnostics -emit-dependencies -emit-module -emit-module-path /tmp/openplane-grid/build/Build/Intermediates.noindex/OpenPlane.build/Release/OpenPlane.build/Objects-normal/arm64/OpenPlane.swiftmodule -validate-clang-modules-once -clang-build-session-file /tmp/openplane-grid/build/ModuleCache.noindex/Session.modulevalidation -Xcc -I/tmp/openplane-grid/build/Build/Intermediates.noindex/OpenPlane.build/Release/OpenPlane.build/swift-overrides.hmap -emit-const-values -Xfrontend -const-gather-protocols-file -Xfrontend /tmp/openplane-grid/build/Build/Intermediates.noindex/OpenPlane.build/Release/OpenPlane.build/Objects-normal/arm64/OpenPlane_const_extract_protocols.json -Xcc -iquote -Xcc /tmp/openplane-grid/build/Build/Intermediates.noindex/OpenPlane.build/Release/OpenPlane.build/OpenPlane-generated-files.hmap -Xcc -I/tmp/openplane-grid/build/Build/Intermediates.noindex/OpenPlane.build/Release/OpenPlane.build/OpenPlane-own-target-headers.hmap -Xcc -I/tmp/openplane-grid/build/Build/Intermediates.noindex/OpenPlane.build/Release/OpenPlane.build/OpenPlane-all-target-headers.hmap -Xcc -iquote -Xcc /tmp/openplane-grid/build/Build/Intermediates.noindex/OpenPlane.build/Release/OpenPlane.build/OpenPlane-project-headers.hmap -Xcc -I/tmp/openplane-grid/build/Build/Products/Release/include -Xcc -I/tmp/openplane-grid/build/Build/Intermediates.noindex/OpenPlane.build/Release/OpenPlane.build/DerivedSources-normal/arm64 -Xcc -I/tmp/openplane-grid/build/Build/Intermediates.noindex/OpenPlane.build/Release/OpenPlane.build/DerivedSources/arm64 -Xcc -I/tmp/openplane-grid/build/Build/Intermediates.noindex/OpenPlane.build/Release/OpenPlane.build/DerivedSources -emit-objc-header -emit-objc-header-path /tmp/openplane-grid/build/Build/Intermediates.noindex/OpenPlane.build/Release/OpenPlane.build/Objects-normal/arm64/OpenPlane-Swift.h -working-directory /Users/ayalpani/dev/_products/openplane -no-emit-module-separately-wmo

SwiftExplicitDependencyGeneratePcm arm64 /tmp/openplane-grid/build/ModuleCache.noindex/_Builtin_float-56005Q8BSXMM59ALP3ZZ2OYBK.pcm

SwiftExplicitDependencyGeneratePcm arm64 /tmp/openplane-grid/build/ModuleCache.noindex/ptrcheck-3XU1BP2FBNWHZMB6PQ5OGVR8Z.pcm

SwiftExplicitDependencyGeneratePcm arm64 /tmp/openplane-grid/build/ModuleCache.noindex/_SwiftConcurrencyShims-AS0C65LLHIO1VEP0E093PKEDQ.pcm

SwiftExplicitDependencyGeneratePcm arm64 /tmp/openplane-grid/build/ModuleCache.noindex/_AvailabilityInternal-E6HUJM3LE8M431Z6APNDNBGAR.pcm

SwiftExplicitDependencyGeneratePcm arm64 /tmp/openplane-grid/build/ModuleCache.noindex/ptrauth-8VMRQ4ETT4LND4TUTT2DYH8K0.pcm

SwiftExplicitDependencyGeneratePcm arm64 /tmp/openplane-grid/build/ModuleCache.noindex/_Builtin_stddef-ELTCQFE50DF72SUEO2AND267A.pcm

SwiftExplicitDependencyGeneratePcm arm64 /tmp/openplane-grid/build/ModuleCache.noindex/_Builtin_stdbool-139QCJD9EYCAGTGMQAOAC3MTL.pcm

SwiftExplicitDependencyGeneratePcm arm64 /tmp/openplane-grid/build/ModuleCache.noindex/SwiftShims-34XOX4ILJFRLI3MJ0EXC5S531.pcm

SwiftExplicitDependencyGeneratePcm arm64 /tmp/openplane-grid/build/ModuleCache.noindex/_Builtin_stdarg-1H4A1IB6AG6JX9EVZVE7EET1S.pcm

SwiftExplicitDependencyGeneratePcm arm64 /tmp/openplane-grid/build/ModuleCache.noindex/DeveloperToolsSupport-CLV8NA8DQ1I1CJMEKWBKHWSH7.pcm

SwiftExplicitDependencyGeneratePcm arm64 /tmp/openplane-grid/build/ModuleCache.noindex/_DarwinFoundation1-24LJWC0CGY5HGH3XZJHNGZZQ4.pcm

SwiftExplicitDependencyGeneratePcm arm64 /tmp/openplane-grid/build/ModuleCache.noindex/_Builtin_limits-6WHI18XOEB4EB4Y4PG653QJJK.pcm

SwiftExplicitDependencyGeneratePcm arm64 /tmp/openplane-grid/build/ModuleCache.noindex/_DarwinFoundation2-D0GZP1VWJGY24VBV10L046UY5.pcm

SwiftExplicitDependencyGeneratePcm arm64 /tmp/openplane-grid/build/ModuleCache.noindex/_Builtin_stdint-CE7M2WBPW7WGR995ES7XSAE8S.pcm

SwiftExplicitDependencyGeneratePcm arm64 /tmp/openplane-grid/build/ModuleCache.noindex/_Builtin_tgmath-BCODLRIDDU9WNJ0VS1F8SL4DX.pcm

SwiftExplicitDependencyGeneratePcm arm64 /tmp/openplane-grid/build/ModuleCache.noindex/sys_types-BE8B07NZOTA1L32BK1O3OL63D.pcm

SwiftExplicitDependencyGeneratePcm arm64 /tmp/openplane-grid/build/ModuleCache.noindex/_Builtin_intrinsics-8J4KU9DHGS9T8Q40HGUHDADUT.pcm

SwiftExplicitDependencyGeneratePcm arm64 /tmp/openplane-grid/build/ModuleCache.noindex/OpenGL-382LWO1KFPE157CFAV01PYWHB.pcm

SwiftExplicitDependencyGeneratePcm arm64 /tmp/openplane-grid/build/ModuleCache.noindex/_DarwinFoundation3-57N1QLO9TT4U14WXDGMMZ5C28.pcm

SwiftExplicitDependencyGeneratePcm arm64 /tmp/openplane-grid/build/ModuleCache.noindex/_Builtin_stdatomic-8K26U2PSNWRPDD5E7D2BCCRCM.pcm

SwiftExplicitDependencyGeneratePcm arm64 /tmp/openplane-grid/build/ModuleCache.noindex/libDER-84LES2K6SJRMSPMC0RPCRQ2R2.pcm

SwiftExplicitDependencyGeneratePcm arm64 /tmp/openplane-grid/build/ModuleCache.noindex/_Builtin_inttypes-ZUIQBSBX0BFKUTJVJFIQYYDI.pcm

SwiftExplicitDependencyGeneratePcm arm64 /tmp/openplane-grid/build/ModuleCache.noindex/Darwin-625UTTGAUDG1SFOD9VZKGFDVW.pcm

SwiftExplicitDependencyGeneratePcm arm64 /tmp/openplane-grid/build/ModuleCache.noindex/simd-1D8R0PZGHDKVHFMUJCAZ20MUN.pcm

SwiftExplicitDependencyGeneratePcm arm64 /tmp/openplane-grid/build/ModuleCache.noindex/CUPS-7776Q31728XGMS7FZPEDUOMRG.pcm

SwiftExplicitDependencyGeneratePcm arm64 /tmp/openplane-grid/build/ModuleCache.noindex/libkern-CE9871L9HD4T5OYTFTLI371RW.pcm

SwiftExplicitDependencyGeneratePcm arm64 /tmp/openplane-grid/build/ModuleCache.noindex/MachO-BF94B1FBPWVSPL4TWNIXZJ8NG.pcm

SwiftExplicitDependencyGeneratePcm arm64 /tmp/openplane-grid/build/ModuleCache.noindex/launch-C4I3WG658H2YVYP9KIE402QTP.pcm

SwiftExplicitDependencyGeneratePcm arm64 /tmp/openplane-grid/build/ModuleCache.noindex/Spatial-A3RPY5TKLX3HY6F9UIYC6033S.pcm

SwiftExplicitDependencyGeneratePcm arm64 /tmp/openplane-grid/build/ModuleCache.noindex/ObjectiveC-27RE6WGZHZPZKGYPCYX5P14WP.pcm

SwiftExplicitDependencyGeneratePcm arm64 /tmp/openplane-grid/build/ModuleCache.noindex/os_object-DP46SPLWNBOMSYYA4VYGMEWN4.pcm

SwiftExplicitDependencyGeneratePcm arm64 /tmp/openplane-grid/build/ModuleCache.noindex/os_workgroup-3J8WXL4V5BXHNJ78Y8C4L81BE.pcm

SwiftExplicitDependencyGeneratePcm arm64 /tmp/openplane-grid/build/ModuleCache.noindex/Dispatch-3YLIB3ULUBWHM3EAOSJPBVLNI.pcm

SwiftExplicitDependencyGeneratePcm arm64 /tmp/openplane-grid/build/ModuleCache.noindex/CoreFoundation-A1KTWAVQEPACLF90UKHUZ3RGT.pcm

SwiftExplicitDependencyGeneratePcm arm64 /tmp/openplane-grid/build/ModuleCache.noindex/XPC-CPI2SYQD8R0I6YBRN6JM7A5DI.pcm

SwiftExplicitDependencyGeneratePcm arm64 /tmp/openplane-grid/build/ModuleCache.noindex/os-MILTDE0UKYJV1YX0GI2P7BNK.pcm

SwiftExplicitDependencyGeneratePcm arm64 /tmp/openplane-grid/build/ModuleCache.noindex/CFNetwork-4VPTO1JFROMPJJUMWE2L0Y7Y6.pcm

SwiftExplicitDependencyGeneratePcm arm64 /tmp/openplane-grid/build/ModuleCache.noindex/Security-CB8G5VWCW6SXUY8O323UJGUKZ.pcm

SwiftExplicitDependencyGeneratePcm arm64 /tmp/openplane-grid/build/ModuleCache.noindex/ColorSync-DI43D50KVA98OIDU4NJDR9LSJ.pcm

SwiftExplicitDependencyGeneratePcm arm64 /tmp/openplane-grid/build/ModuleCache.noindex/CoreAudioTypes-5E8IQG86MWZEGD92WRVGG0UB0.pcm

SwiftExplicitDependencyGeneratePcm arm64 /tmp/openplane-grid/build/ModuleCache.noindex/IOKit-5NNO3RUUF6H2WNLC6ODQPHEPN.pcm

SwiftExplicitDependencyGeneratePcm arm64 /tmp/openplane-grid/build/ModuleCache.noindex/DiskArbitration-BCN2SXEU32KNW31HXTZI4ATLS.pcm

SwiftExplicitDependencyGeneratePcm arm64 /tmp/openplane-grid/build/ModuleCache.noindex/CoreGraphics-3R9CUIPPWCJMPAF1FFDOPU2T1.pcm

SwiftExplicitDependencyGeneratePcm arm64 /tmp/openplane-grid/build/ModuleCache.noindex/CoreServices-5D20678H57FL3J6QWA7T21AG6.pcm

SwiftExplicitDependencyGeneratePcm arm64 /tmp/openplane-grid/build/ModuleCache.noindex/CoreText-1E4RZZ8PZL7YQ8CSKSRW7K0T.pcm

SwiftExplicitDependencyGeneratePcm arm64 /tmp/openplane-grid/build/ModuleCache.noindex/ImageIO-ALM501D3JFK9YZ5JDZKFBVTC3.pcm

SwiftExplicitDependencyGeneratePcm arm64 /tmp/openplane-grid/build/ModuleCache.noindex/Foundation-AYHOBG5VVRRYJ1EQ16SU2VVG2.pcm

SwiftExplicitDependencyGeneratePcm arm64 /tmp/openplane-grid/build/ModuleCache.noindex/CoreTransferable-DDCEYAUCV6OCD109PKP3LPCTZ.pcm

SwiftExplicitDependencyGeneratePcm arm64 /tmp/openplane-grid/build/ModuleCache.noindex/ApplicationServices-EGPILUTV9GFHJAXVAATKRGK7J.pcm

SwiftExplicitDependencyGeneratePcm arm64 /tmp/openplane-grid/build/ModuleCache.noindex/ServiceManagement-GCXTXD3LSSJV21KDIBYB73OI.pcm

SwiftExplicitDependencyGeneratePcm arm64 /tmp/openplane-grid/build/ModuleCache.noindex/CoreData-BZS8KI6V4AUFFP3G0G7NXCREG.pcm

SwiftExplicitDependencyGeneratePcm arm64 /tmp/openplane-grid/build/ModuleCache.noindex/Accessibility-3XMYDO2GWJ7WRV67U2P087XMR.pcm

SwiftExplicitDependencyGeneratePcm arm64 /tmp/openplane-grid/build/ModuleCache.noindex/DataDetection-BBS9BHMKVV1A5YAPJO1GTGRX8.pcm

SwiftExplicitDependencyGeneratePcm arm64 /tmp/openplane-grid/build/ModuleCache.noindex/IOSurface-50J3NZ2N8KOAKTRAG7BBVY3PW.pcm

SwiftExplicitDependencyGeneratePcm arm64 /tmp/openplane-grid/build/ModuleCache.noindex/CoreMIDI-DPUCIGC7OYK8VTC9OHF9XQ7GC.pcm

SwiftExplicitDependencyGeneratePcm arm64 /tmp/openplane-grid/build/ModuleCache.noindex/OSLog-81ULHZWR8OXT0H4M4PMKGGP40.pcm

SwiftExplicitDependencyGeneratePcm arm64 /tmp/openplane-grid/build/ModuleCache.noindex/UniformTypeIdentifiers-4ME4QCR6C2KD82M2ZEJBZ856W.pcm

SwiftExplicitDependencyGeneratePcm arm64 /tmp/openplane-grid/build/ModuleCache.noindex/CoreAudio-D5QSY6NY9YXWNMLQFL84TOYNR.pcm

SwiftExplicitDependencyGeneratePcm arm64 /tmp/openplane-grid/build/ModuleCache.noindex/Symbols-C9RIRJ5XRQS84JPFI62A1P5VS.pcm

SwiftExplicitDependencyGeneratePcm arm64 /tmp/openplane-grid/build/ModuleCache.noindex/Metal-B0RUEVF62DUAE0BOFH9GIWNEN.pcm

SwiftExplicitDependencyGeneratePcm arm64 /tmp/openplane-grid/build/ModuleCache.noindex/Carbon-BGD1SCPI96MOR5L92BX822EYS.pcm

SwiftExplicitDependencyGeneratePcm arm64 /tmp/openplane-grid/build/ModuleCache.noindex/CoreVideo-BFBGINNRABLWA63X3P5HD16I9.pcm

SwiftExplicitDependencyGeneratePcm arm64 /tmp/openplane-grid/build/ModuleCache.noindex/AudioToolbox-E7LNTUZFW7KRG26DUE8KLZZ46.pcm

SwiftExplicitDependencyGeneratePcm arm64 /tmp/openplane-grid/build/ModuleCache.noindex/CoreImage-AQIQ2NSEHQCQCTY3F9Q3JMAF2.pcm

SwiftExplicitDependencyGeneratePcm arm64 /tmp/openplane-grid/build/ModuleCache.noindex/QuartzCore-6KAW8I3T5B7GURQ0XJ44461VI.pcm

SwiftExplicitDependencyGeneratePcm arm64 /tmp/openplane-grid/build/ModuleCache.noindex/CoreMedia-1BC6KQZNA2RH4B8WQY5UJQXLA.pcm

SwiftExplicitDependencyGeneratePcm arm64 /tmp/openplane-grid/build/ModuleCache.noindex/SwiftUICore-BPX8HSBJ1HQ3NE1DOMGFS3NGX.pcm

SwiftExplicitDependencyGeneratePcm arm64 /tmp/openplane-grid/build/ModuleCache.noindex/AppKit-9PZS55UFC3BMEM2NPX6QNWK5L.pcm

SwiftExplicitDependencyGeneratePcm arm64 /tmp/openplane-grid/build/ModuleCache.noindex/AVFAudio-66RJR7C91NTVNXP6RQDOU4ERA.pcm

SwiftExplicitDependencyGeneratePcm arm64 /tmp/openplane-grid/build/ModuleCache.noindex/MediaToolbox-CE6MC0EVHB2W4BBRI01GIQ253.pcm

SwiftExplicitDependencyGeneratePcm arm64 /tmp/openplane-grid/build/ModuleCache.noindex/AVFoundation-29J9EELP7ICJERQ112S2UQ7UG.pcm

SwiftExplicitDependencyGeneratePcm arm64 /tmp/openplane-grid/build/ModuleCache.noindex/ScreenCaptureKit-2B5WB0BK7ZH7XOQI2WNOB943O.pcm

SwiftCompile normal arm64 Compiling\ OpenPlaneApp.swift,\ AppDelegate.swift,\ CanvasModel.swift,\ CanvasView.swift,\ WindowService.swift,\ PermissionView.swift,\ GeneratedAssetSymbols.swift /Users/ayalpani/dev/_products/openplane/OpenPlane/OpenPlaneApp.swift /Users/ayalpani/dev/_products/openplane/OpenPlane/AppDelegate.swift /Users/ayalpani/dev/_products/openplane/OpenPlane/CanvasModel.swift /Users/ayalpani/dev/_products/openplane/OpenPlane/CanvasView.swift /Users/ayalpani/dev/_products/openplane/OpenPlane/WindowService.swift /Users/ayalpani/dev/_products/openplane/OpenPlane/PermissionView.swift /tmp/openplane-grid/build/Build/Intermediates.noindex/OpenPlane.build/Release/OpenPlane.build/DerivedSources/GeneratedAssetSymbols.swift /Applications/Xcode.app/Contents/Developer/Toolchains/XcodeDefault.xctoolchain/usr/lib/swift/macosx/prebuilt-modules/26.5/AudioToolbox.swiftmodule/arm64e-apple-macos.swiftmodule /Applications/Xcode.app/Contents/Developer/Toolchains/XcodeDefault.xctoolchain/usr/lib/swift/macosx/prebuilt-modules/26.5/XPC.swiftmodule/arm64e-apple-macos.swiftmodule /Applications/Xcode.app/Contents/Developer/Toolchains/XcodeDefault.xctoolchain/usr/lib/swift/macosx/prebuilt-modules/26.5/Observation.swiftmodule/arm64e-apple-macos.swiftmodule /Applications/Xcode.app/Contents/Developer/Toolchains/XcodeDefault.xctoolchain/usr/lib/swift/macosx/prebuilt-modules/26.5/_DarwinFoundation3.swiftmodule/arm64e-apple-macos.swiftmodule /Applications/Xcode.app/Contents/Developer/Toolchains/XcodeDefault.xctoolchain/usr/lib/swift/macosx/prebuilt-modules/26.5/AVFAudio.swiftmodule/arm64e-apple-macos.swiftmodule /Applications/Xcode.app/Contents/Developer/Toolchains/XcodeDefault.xctoolchain/usr/lib/swift/macosx/prebuilt-modules/26.5/Swift.swiftmodule/arm64e-apple-macos.swiftmodule /Applications/Xcode.app/Contents/Developer/Toolchains/XcodeDefault.xctoolchain/usr/lib/swift/macosx/prebuilt-modules/26.5/SwiftUICore.swiftmodule/arm64e-apple-macos.swiftmodule /Applications/Xcode.app/Contents/Developer/Toolchains/XcodeDefault.xctoolchain/usr/lib/swift/macosx/prebuilt-modules/26.5/Metal.swiftmodule/arm64e-apple-macos.swiftmodule /Applications/Xcode.app/Contents/Developer/Toolchains/XcodeDefault.xctoolchain/usr/lib/swift/macosx/prebuilt-modules/26.5/DeveloperToolsSupport.swiftmodule/arm64e-apple-macos.swiftmodule /Applications/Xcode.app/Contents/Developer/Toolchains/XcodeDefault.xctoolchain/usr/lib/swift/macosx/prebuilt-modules/26.5/CoreText.swiftmodule/arm64e-apple-macos.swiftmodule /Applications/Xcode.app/Contents/Developer/Toolchains/XcodeDefault.xctoolchain/usr/lib/swift/macosx/prebuilt-modules/26.5/System.swiftmodule/arm64e-apple-macos.swiftmodule /Applications/Xcode.app/Contents/Developer/Toolchains/XcodeDefault.xctoolchain/usr/lib/swift/macosx/prebuilt-modules/26.5/CoreGraphics.swiftmodule/arm64e-apple-macos.swiftmodule /Applications/Xcode.app/Contents/Developer/Toolchains/XcodeDefault.xctoolchain/usr/lib/swift/macosx/prebuilt-modules/26.5/DataDetection.swiftmodule/arm64e-apple-macos.swiftmodule /Applications/Xcode.app/Contents/Developer/Toolchains/XcodeDefault.xctoolchain/usr/lib/swift/macosx/prebuilt-modules/26.5/CoreAudio.swiftmodule/arm64e-apple-macos.swiftmodule /Applications/Xcode.app/Contents/Developer/Toolchains/XcodeDefault.xctoolchain/usr/lib/swift/macosx/prebuilt-modules/26.5/IOKit.swiftmodule/arm64e-apple-macos.swiftmodule /Applications/Xcode.app/Contents/Developer/Toolchains/XcodeDefault.xctoolchain/usr/lib/swift/macosx/prebuilt-modules/26.5/UniformTypeIdentifiers.swiftmodule/arm64e-apple-macos.swiftmodule /Applications/Xcode.app/Contents/Developer/Toolchains/XcodeDefault.xctoolchain/usr/lib/swift/macosx/prebuilt-modules/26.5/CoreData.swiftmodule/arm64e-apple-macos.swiftmodule /Applications/Xcode.app/Contents/Developer/Toolchains/XcodeDefault.xctoolchain/usr/lib/swift/macosx/prebuilt-modules/26.5/Synchronization.swiftmodule/arm64e-apple-macos.swiftmodule /Applications/Xcode.app/Contents/Developer/Toolchains/XcodeDefault.xctoolchain/usr/lib/swift/macosx/prebuilt-modules/26.5/_DarwinFoundation1.swiftmodule/arm64e-apple-macos.swiftmodule /Applications/Xcode.app/Contents/Developer/Toolchains/XcodeDefault.xctoolchain/usr/lib/swift/macosx/prebuilt-modules/26.5/AppKit.swiftmodule/arm64e-apple-macos.swiftmodule /Applications/Xcode.app/Contents/Developer/Toolchains/XcodeDefault.xctoolchain/usr/lib/swift/macosx/prebuilt-modules/26.5/_StringProcessing.swiftmodule/arm64e-apple-macos.swiftmodule /Applications/Xcode.app/Contents/Developer/Toolchains/XcodeDefault.xctoolchain/usr/lib/swift/macosx/prebuilt-modules/26.5/Foundation.swiftmodule/arm64e-apple-macos.swiftmodule /Applications/Xcode.app/Contents/Developer/Toolchains/XcodeDefault.xctoolchain/usr/lib/swift/macosx/prebuilt-modules/26.5/Dispatch.swiftmodule/arm64e-apple-macos.swiftmodule /Applications/Xcode.app/Contents/Developer/Toolchains/XcodeDefault.xctoolchain/usr/lib/swift/macosx/prebuilt-modules/26.5/CoreTransferable.swiftmodule/arm64e-apple-macos.swiftmodule /Applications/Xcode.app/Contents/Developer/Toolchains/XcodeDefault.xctoolchain/usr/lib/swift/macosx/prebuilt-modules/26.5/ObjectiveC.swiftmodule/arm64e-apple-macos.swiftmodule /Applications/Xcode.app/Contents/Developer/Toolchains/XcodeDefault.xctoolchain/usr/lib/swift/macosx/prebuilt-modules/26.5/CoreFoundation.swiftmodule/arm64e-apple-macos.swiftmodule /Applications/Xcode.app/Contents/Developer/Toolchains/XcodeDefault.xctoolchain/usr/lib/swift/macosx/prebuilt-modules/26.5/_DarwinFoundation2.swiftmodule/arm64e-apple-macos.swiftmodule /Applications/Xcode.app/Contents/Developer/Toolchains/XcodeDefault.xctoolchain/usr/lib/swift/macosx/prebuilt-modules/26.5/Accessibility.swiftmodule/arm64e-apple-macos.swiftmodule /Applications/Xcode.app/Contents/Developer/Toolchains/XcodeDefault.xctoolchain/usr/lib/swift/macosx/prebuilt-modules/26.5/OSLog.swiftmodule/arm64e-apple-macos.swiftmodule /Applications/Xcode.app/Contents/Developer/Toolchains/XcodeDefault.xctoolchain/usr/lib/swift/macosx/prebuilt-modules/26.5/os.swiftmodule/arm64e-apple-macos.swiftmodule /Applications/Xcode.app/Contents/Developer/Toolchains/XcodeDefault.xctoolchain/usr/lib/swift/macosx/prebuilt-modules/26.5/CoreVideo.swiftmodule/arm64e-apple-macos.swiftmodule /Applications/Xcode.app/Contents/Developer/Toolchains/XcodeDefault.xctoolchain/usr/lib/swift/macosx/prebuilt-modules/26.5/Darwin.swiftmodule/arm64e-apple-macos.swiftmodule /Applications/Xcode.app/Contents/Developer/Toolchains/XcodeDefault.xctoolchain/usr/lib/swift/macosx/prebuilt-modules/26.5/CoreMIDI.swiftmodule/arm64e-apple-macos.swiftmodule /Applications/Xcode.app/Contents/Developer/Toolchains/XcodeDefault.xctoolchain/usr/lib/swift/macosx/prebuilt-modules/26.5/Combine.swiftmodule/arm64e-apple-macos.swiftmodule /Applications/Xcode.app/Contents/Developer/Toolchains/XcodeDefault.xctoolchain/usr/lib/swift/macosx/prebuilt-modules/26.5/CoreMedia.swiftmodule/arm64e-apple-macos.swiftmodule /Applications/Xcode.app/Contents/Developer/Toolchains/XcodeDefault.xctoolchain/usr/lib/swift/macosx/prebuilt-modules/26.5/AVFoundation.swiftmodule/arm64e-apple-macos.swiftmodule /Applications/Xcode.app/Contents/Developer/Toolchains/XcodeDefault.xctoolchain/usr/lib/swift/macosx/prebuilt-modules/26.5/QuartzCore.swiftmodule/arm64e-apple-macos.swiftmodule /Applications/Xcode.app/Contents/Developer/Toolchains/XcodeDefault.xctoolchain/usr/lib/swift/macosx/prebuilt-modules/26.5/CoreImage.swiftmodule/arm64e-apple-macos.swiftmodule /Applications/Xcode.app/Contents/Developer/Toolchains/XcodeDefault.xctoolchain/usr/lib/swift/macosx/prebuilt-modules/26.5/ScreenCaptureKit.swiftmodule/arm64e-apple-macos.swiftmodule /Applications/Xcode.app/Contents/Developer/Toolchains/XcodeDefault.xctoolchain/usr/lib/swift/macosx/prebuilt-modules/26.5/Spatial.swiftmodule/arm64e-apple-macos.swiftmodule /Applications/Xcode.app/Contents/Developer/Toolchains/XcodeDefault.xctoolchain/usr/lib/swift/macosx/prebuilt-modules/26.5/_Concurrency.swiftmodule/arm64e-apple-macos.swiftmodule /Applications/Xcode.app/Contents/Developer/Toolchains/XcodeDefault.xctoolchain/usr/lib/swift/macosx/prebuilt-modules/26.5/Symbols.swiftmodule/arm64e-apple-macos.swiftmodule /Applications/Xcode.app/Contents/Developer/Toolchains/XcodeDefault.xctoolchain/usr/lib/swift/macosx/prebuilt-modules/26.5/_Builtin_float.swiftmodule/arm64e-apple-macos.swiftmodule /Applications/Xcode.app/Contents/Developer/Toolchains/XcodeDefault.xctoolchain/usr/lib/swift/macosx/prebuilt-modules/26.5/simd.swiftmodule/arm64e-apple-macos.swiftmodule /tmp/openplane-grid/build/ModuleCache.noindex/Foundation-AYHOBG5VVRRYJ1EQ16SU2VVG2.pcm /tmp/openplane-grid/build/ModuleCache.noindex/os-MILTDE0UKYJV1YX0GI2P7BNK.pcm /tmp/openplane-grid/build/ModuleCache.noindex/CoreText-1E4RZZ8PZL7YQ8CSKSRW7K0T.pcm /tmp/openplane-grid/build/ModuleCache.noindex/AudioToolbox-E7LNTUZFW7KRG26DUE8KLZZ46.pcm /tmp/openplane-grid/build/ModuleCache.noindex/CFNetwork-4VPTO1JFROMPJJUMWE2L0Y7Y6.pcm /tmp/openplane-grid/build/ModuleCache.noindex/_Builtin_limits-6WHI18XOEB4EB4Y4PG653QJJK.pcm /tmp/openplane-grid/build/ModuleCache.noindex/CoreGraphics-3R9CUIPPWCJMPAF1FFDOPU2T1.pcm /tmp/openplane-grid/build/ModuleCache.noindex/ScreenCaptureKit-2B5WB0BK7ZH7XOQI2WNOB943O.pcm /tmp/openplane-grid/build/ModuleCache.noindex/_Builtin_stdatomic-8K26U2PSNWRPDD5E7D2BCCRCM.pcm /tmp/openplane-grid/build/ModuleCache.noindex/sys_types-BE8B07NZOTA1L32BK1O3OL63D.pcm /tmp/openplane-grid/build/ModuleCache.noindex/SwiftShims-34XOX4ILJFRLI3MJ0EXC5S531.pcm /tmp/openplane-grid/build/ModuleCache.noindex/Darwin-625UTTGAUDG1SFOD9VZKGFDVW.pcm /tmp/openplane-grid/build/ModuleCache.noindex/CoreAudioTypes-5E8IQG86MWZEGD92WRVGG0UB0.pcm /tmp/openplane-grid/build/ModuleCache.noindex/Carbon-BGD1SCPI96MOR5L92BX822EYS.pcm /tmp/openplane-grid/build/ModuleCache.noindex/os_workgroup-3J8WXL4V5BXHNJ78Y8C4L81BE.pcm /tmp/openplane-grid/build/ModuleCache.noindex/XPC-CPI2SYQD8R0I6YBRN6JM7A5DI.pcm /tmp/openplane-grid/build/ModuleCache.noindex/Dispatch-3YLIB3ULUBWHM3EAOSJPBVLNI.pcm /tmp/openplane-grid/build/ModuleCache.noindex/ptrauth-8VMRQ4ETT4LND4TUTT2DYH8K0.pcm /tmp/openplane-grid/build/ModuleCache.noindex/MediaToolbox-CE6MC0EVHB2W4BBRI01GIQ253.pcm /tmp/openplane-grid/build/ModuleCache.noindex/DeveloperToolsSupport-CLV8NA8DQ1I1CJMEKWBKHWSH7.pcm /tmp/openplane-grid/build/ModuleCache.noindex/libDER-84LES2K6SJRMSPMC0RPCRQ2R2.pcm /tmp/openplane-grid/build/ModuleCache.noindex/IOSurface-50J3NZ2N8KOAKTRAG7BBVY3PW.pcm /tmp/openplane-grid/build/ModuleCache.noindex/CUPS-7776Q31728XGMS7FZPEDUOMRG.pcm /tmp/openplane-grid/build/ModuleCache.noindex/ApplicationServices-EGPILUTV9GFHJAXVAATKRGK7J.pcm /tmp/openplane-grid/build/ModuleCache.noindex/CoreData-BZS8KI6V4AUFFP3G0G7NXCREG.pcm /tmp/openplane-grid/build/ModuleCache.noindex/_DarwinFoundation1-24LJWC0CGY5HGH3XZJHNGZZQ4.pcm /tmp/openplane-grid/build/ModuleCache.noindex/CoreVideo-BFBGINNRABLWA63X3P5HD16I9.pcm /tmp/openplane-grid/build/ModuleCache.noindex/_Builtin_intrinsics-8J4KU9DHGS9T8Q40HGUHDADUT.pcm /tmp/openplane-grid/build/ModuleCache.noindex/ObjectiveC-27RE6WGZHZPZKGYPCYX5P14WP.pcm /tmp/openplane-grid/build/ModuleCache.noindex/Metal-B0RUEVF62DUAE0BOFH9GIWNEN.pcm /tmp/openplane-grid/build/ModuleCache.noindex/OpenGL-382LWO1KFPE157CFAV01PYWHB.pcm /tmp/openplane-grid/build/ModuleCache.noindex/_Builtin_stdbool-139QCJD9EYCAGTGMQAOAC3MTL.pcm /tmp/openplane-grid/build/ModuleCache.noindex/MachO-BF94B1FBPWVSPL4TWNIXZJ8NG.pcm /tmp/openplane-grid/build/ModuleCache.noindex/_Builtin_stdarg-1H4A1IB6AG6JX9EVZVE7EET1S.pcm /tmp/openplane-grid/build/ModuleCache.noindex/CoreTransferable-DDCEYAUCV6OCD109PKP3LPCTZ.pcm /tmp/openplane-grid/build/ModuleCache.noindex/os_object-DP46SPLWNBOMSYYA4VYGMEWN4.pcm /tmp/openplane-grid/build/ModuleCache.noindex/_Builtin_stdint-CE7M2WBPW7WGR995ES7XSAE8S.pcm /tmp/openplane-grid/build/ModuleCache.noindex/_Builtin_float-56005Q8BSXMM59ALP3ZZ2OYBK.pcm /tmp/openplane-grid/build/ModuleCache.noindex/Security-CB8G5VWCW6SXUY8O323UJGUKZ.pcm /tmp/openplane-grid/build/ModuleCache.noindex/OSLog-81ULHZWR8OXT0H4M4PMKGGP40.pcm /tmp/openplane-grid/build/ModuleCache.noindex/_Builtin_stddef-ELTCQFE50DF72SUEO2AND267A.pcm /tmp/openplane-grid/build/ModuleCache.noindex/_AvailabilityInternal-E6HUJM3LE8M431Z6APNDNBGAR.pcm /tmp/openplane-grid/build/ModuleCache.noindex/AVFoundation-29J9EELP7ICJERQ112S2UQ7UG.pcm /tmp/openplane-grid/build/ModuleCache.noindex/launch-C4I3WG658H2YVYP9KIE402QTP.pcm /tmp/openplane-grid/build/ModuleCache.noindex/_SwiftConcurrencyShims-AS0C65LLHIO1VEP0E093PKEDQ.pcm /tmp/openplane-grid/build/ModuleCache.noindex/_DarwinFoundation2-D0GZP1VWJGY24VBV10L046UY5.pcm /tmp/openplane-grid/build/ModuleCache.noindex/Spatial-A3RPY5TKLX3HY6F9UIYC6033S.pcm /tmp/openplane-grid/build/ModuleCache.noindex/IOKit-5NNO3RUUF6H2WNLC6ODQPHEPN.pcm /tmp/openplane-grid/build/ModuleCache.noindex/_Builtin_tgmath-BCODLRIDDU9WNJ0VS1F8SL4DX.pcm /tmp/openplane-grid/build/ModuleCache.noindex/ServiceManagement-GCXTXD3LSSJV21KDIBYB73OI.pcm /tmp/openplane-grid/build/ModuleCache.noindex/DataDetection-BBS9BHMKVV1A5YAPJO1GTGRX8.pcm /tmp/openplane-grid/build/ModuleCache.noindex/CoreImage-AQIQ2NSEHQCQCTY3F9Q3JMAF2.pcm /tmp/openplane-grid/build/ModuleCache.noindex/CoreMIDI-DPUCIGC7OYK8VTC9OHF9XQ7GC.pcm /tmp/openplane-grid/build/ModuleCache.noindex/ColorSync-DI43D50KVA98OIDU4NJDR9LSJ.pcm /tmp/openplane-grid/build/ModuleCache.noindex/CoreServices-5D20678H57FL3J6QWA7T21AG6.pcm /tmp/openplane-grid/build/ModuleCache.noindex/_Builtin_inttypes-ZUIQBSBX0BFKUTJVJFIQYYDI.pcm /tmp/openplane-grid/build/ModuleCache.noindex/ImageIO-ALM501D3JFK9YZ5JDZKFBVTC3.pcm /tmp/openplane-grid/build/ModuleCache.noindex/CoreAudio-D5QSY6NY9YXWNMLQFL84TOYNR.pcm /tmp/openplane-grid/build/ModuleCache.noindex/AppKit-9PZS55UFC3BMEM2NPX6QNWK5L.pcm /tmp/openplane-grid/build/ModuleCache.noindex/ptrcheck-3XU1BP2FBNWHZMB6PQ5OGVR8Z.pcm /tmp/openplane-grid/build/ModuleCache.noindex/simd-1D8R0PZGHDKVHFMUJCAZ20MUN.pcm /tmp/openplane-grid/build/ModuleCache.noindex/CoreMedia-1BC6KQZNA2RH4B8WQY5UJQXLA.pcm /tmp/openplane-grid/build/ModuleCache.noindex/UniformTypeIdentifiers-4ME4QCR6C2KD82M2ZEJBZ856W.pcm /tmp/openplane-grid/build/ModuleCache.noindex/SwiftUICore-BPX8HSBJ1HQ3NE1DOMGFS3NGX.pcm /tmp/openplane-grid/build/ModuleCache.noindex/CoreFoundation-A1KTWAVQEPACLF90UKHUZ3RGT.pcm /tmp/openplane-grid/build/ModuleCache.noindex/Symbols-C9RIRJ5XRQS84JPFI62A1P5VS.pcm /tmp/openplane-grid/build/ModuleCache.noindex/_DarwinFoundation3-57N1QLO9TT4U14WXDGMMZ5C28.pcm /tmp/openplane-grid/build/ModuleCache.noindex/Accessibility-3XMYDO2GWJ7WRV67U2P087XMR.pcm /tmp/openplane-grid/build/ModuleCache.noindex/DiskArbitration-BCN2SXEU32KNW31HXTZI4ATLS.pcm /tmp/openplane-grid/build/ModuleCache.noindex/AVFAudio-66RJR7C91NTVNXP6RQDOU4ERA.pcm /tmp/openplane-grid/build/ModuleCache.noindex/QuartzCore-6KAW8I3T5B7GURQ0XJ44461VI.pcm /tmp/openplane-grid/build/ModuleCache.noindex/libkern-CE9871L9HD4T5OYTFTLI371RW.pcm /tmp/openplane-grid/build/Build/Intermediates.noindex/OpenPlane.build/Release/OpenPlane.build/Objects-normal/arm64/OpenPlane-dependencies-1.json (in target 'OpenPlane' from project 'OpenPlane')

CompileSwift normal arm64 (in target 'OpenPlane' from project 'OpenPlane')
    cd /Users/ayalpani/dev/_products/openplane
    

SwiftDriverJobDiscovery normal arm64 Compiling OpenPlaneApp.swift, AppDelegate.swift, CanvasModel.swift, CanvasView.swift, WindowService.swift, PermissionView.swift, GeneratedAssetSymbols.swift (in target 'OpenPlane' from project 'OpenPlane')

SwiftDriver\ Compilation\ Requirements OpenPlane normal arm64 com.apple.xcode.tools.swift.compiler (in target 'OpenPlane' from project 'OpenPlane')
    cd /Users/ayalpani/dev/_products/openplane
    builtin-Swift-Compilation-Requirements -- /Applications/Xcode.app/Contents/Developer/Toolchains/XcodeDefault.xctoolchain/usr/bin/swiftc -module-name OpenPlane -O -whole-module-optimization @/tmp/openplane-grid/build/Build/Intermediates.noindex/OpenPlane.build/Release/OpenPlane.build/Objects-normal/arm64/OpenPlane.SwiftFileList -enable-experimental-feature DebugDescriptionMacro -sdk /Applications/Xcode.app/Contents/Developer/Platforms/MacOSX.platform/Developer/SDKs/MacOSX26.5.sdk -target arm64-apple-macos26.0 -g -module-cache-path /tmp/openplane-grid/build/ModuleCache.noindex -Xfrontend -serialize-debugging-options -profile-coverage-mapping -profile-generate -swift-version 6 -I /tmp/openplane-grid/build/Build/Products/Release -F /tmp/openplane-grid/build/Build/Products/Release -emit-localized-strings -emit-localized-strings-path /tmp/openplane-grid/build/Build/Intermediates.noindex/OpenPlane.build/Release/OpenPlane.build/Objects-normal/arm64 -c -num-threads 12 -Xcc -ivfsstatcache -Xcc /tmp/openplane-grid/build/SDKStatCaches.noindex/macosx26.5-25F70-e082c4a02f00227109f4ed75e425c832.sdkstatcache -output-file-map /tmp/openplane-grid/build/Build/Intermediates.noindex/OpenPlane.build/Release/OpenPlane.build/Objects-normal/arm64/OpenPlane-OutputFileMap.json -use-frontend-parseable-output -save-temps -no-color-diagnostics -explicit-module-build -module-cache-path /tmp/openplane-grid/build/Build/Intermediates.noindex/SwiftExplicitPrecompiledModules -clang-scanner-module-cache-path /tmp/openplane-grid/build/ModuleCache.noindex -sdk-module-cache-path /tmp/openplane-grid/build/ModuleCache.noindex -serialize-diagnostics -emit-dependencies -emit-module -emit-module-path /tmp/openplane-grid/build/Build/Intermediates.noindex/OpenPlane.build/Release/OpenPlane.build/Objects-normal/arm64/OpenPlane.swiftmodule -validate-clang-modules-once -clang-build-session-file /tmp/openplane-grid/build/ModuleCache.noindex/Session.modulevalidation -Xcc -I/tmp/openplane-grid/build/Build/Intermediates.noindex/OpenPlane.build/Release/OpenPlane.build/swift-overrides.hmap -emit-const-values -Xfrontend -const-gather-protocols-file -Xfrontend /tmp/openplane-grid/build/Build/Intermediates.noindex/OpenPlane.build/Release/OpenPlane.build/Objects-normal/arm64/OpenPlane_const_extract_protocols.json -Xcc -iquote -Xcc /tmp/openplane-grid/build/Build/Intermediates.noindex/OpenPlane.build/Release/OpenPlane.build/OpenPlane-generated-files.hmap -Xcc -I/tmp/openplane-grid/build/Build/Intermediates.noindex/OpenPlane.build/Release/OpenPlane.build/OpenPlane-own-target-headers.hmap -Xcc -I/tmp/openplane-grid/build/Build/Intermediates.noindex/OpenPlane.build/Release/OpenPlane.build/OpenPlane-all-target-headers.hmap -Xcc -iquote -Xcc /tmp/openplane-grid/build/Build/Intermediates.noindex/OpenPlane.build/Release/OpenPlane.build/OpenPlane-project-headers.hmap -Xcc -I/tmp/openplane-grid/build/Build/Products/Release/include -Xcc -I/tmp/openplane-grid/build/Build/Intermediates.noindex/OpenPlane.build/Release/OpenPlane.build/DerivedSources-normal/arm64 -Xcc -I/tmp/openplane-grid/build/Build/Intermediates.noindex/OpenPlane.build/Release/OpenPlane.build/DerivedSources/arm64 -Xcc -I/tmp/openplane-grid/build/Build/Intermediates.noindex/OpenPlane.build/Release/OpenPlane.build/DerivedSources -emit-objc-header -emit-objc-header-path /tmp/openplane-grid/build/Build/Intermediates.noindex/OpenPlane.build/Release/OpenPlane.build/Objects-normal/arm64/OpenPlane-Swift.h -working-directory /Users/ayalpani/dev/_products/openplane -no-emit-module-separately-wmo

SwiftMergeGeneratedHeaders /tmp/openplane-grid/build/Build/Intermediates.noindex/OpenPlane.build/Release/OpenPlane.build/DerivedSources/OpenPlane-Swift.h /tmp/openplane-grid/build/Build/Intermediates.noindex/OpenPlane.build/Release/OpenPlane.build/Objects-normal/arm64/OpenPlane-Swift.h (in target 'OpenPlane' from project 'OpenPlane')
    cd /Users/ayalpani/dev/_products/openplane
    builtin-swiftHeaderTool -arch arm64 /tmp/openplane-grid/build/Build/Intermediates.noindex/OpenPlane.build/Release/OpenPlane.build/Objects-normal/arm64/OpenPlane-Swift.h -o /tmp/openplane-grid/build/Build/Intermediates.noindex/OpenPlane.build/Release/OpenPlane.build/DerivedSources/OpenPlane-Swift.h

Copy /tmp/openplane-grid/build/Build/Products/Release/OpenPlane.swiftmodule/arm64-apple-macos.abi.json /tmp/openplane-grid/build/Build/Intermediates.noindex/OpenPlane.build/Release/OpenPlane.build/Objects-normal/arm64/OpenPlane.abi.json (in target 'OpenPlane' from project 'OpenPlane')
    cd /Users/ayalpani/dev/_products/openplane
    builtin-copy -exclude .DS_Store -exclude CVS -exclude .svn -exclude .git -exclude .hg -strip-unsigned-binaries -strip-deterministic -strip-tool /Applications/Xcode.app/Contents/Developer/Toolchains/XcodeDefault.xctoolchain/usr/bin/strip -resolve-src-symlinks -rename /tmp/openplane-grid/build/Build/Intermediates.noindex/OpenPlane.build/Release/OpenPlane.build/Objects-normal/arm64/OpenPlane.abi.json /tmp/openplane-grid/build/Build/Products/Release/OpenPlane.swiftmodule/arm64-apple-macos.abi.json

Copy /tmp/openplane-grid/build/Build/Products/Release/OpenPlane.swiftmodule/arm64-apple-macos.swiftmodule /tmp/openplane-grid/build/Build/Intermediates.noindex/OpenPlane.build/Release/OpenPlane.build/Objects-normal/arm64/OpenPlane.swiftmodule (in target 'OpenPlane' from project 'OpenPlane')
    cd /Users/ayalpani/dev/_products/openplane
    builtin-copy -exclude .DS_Store -exclude CVS -exclude .svn -exclude .git -exclude .hg -strip-unsigned-binaries -strip-deterministic -strip-tool /Applications/Xcode.app/Contents/Developer/Toolchains/XcodeDefault.xctoolchain/usr/bin/strip -resolve-src-symlinks -rename /tmp/openplane-grid/build/Build/Intermediates.noindex/OpenPlane.build/Release/OpenPlane.build/Objects-normal/arm64/OpenPlane.swiftmodule /tmp/openplane-grid/build/Build/Products/Release/OpenPlane.swiftmodule/arm64-apple-macos.swiftmodule

Copy /tmp/openplane-grid/build/Build/Products/Release/OpenPlane.swiftmodule/arm64-apple-macos.swiftdoc /tmp/openplane-grid/build/Build/Intermediates.noindex/OpenPlane.build/Release/OpenPlane.build/Objects-normal/arm64/OpenPlane.swiftdoc (in target 'OpenPlane' from project 'OpenPlane')
    cd /Users/ayalpani/dev/_products/openplane
    builtin-copy -exclude .DS_Store -exclude CVS -exclude .svn -exclude .git -exclude .hg -strip-unsigned-binaries -strip-deterministic -strip-tool /Applications/Xcode.app/Contents/Developer/Toolchains/XcodeDefault.xctoolchain/usr/bin/strip -resolve-src-symlinks -rename /tmp/openplane-grid/build/Build/Intermediates.noindex/OpenPlane.build/Release/OpenPlane.build/Objects-normal/arm64/OpenPlane.swiftdoc /tmp/openplane-grid/build/Build/Products/Release/OpenPlane.swiftmodule/arm64-apple-macos.swiftdoc

Copy /tmp/openplane-grid/build/Build/Products/Release/OpenPlane.swiftmodule/Project/arm64-apple-macos.swiftsourceinfo /tmp/openplane-grid/build/Build/Intermediates.noindex/OpenPlane.build/Release/OpenPlane.build/Objects-normal/arm64/OpenPlane.swiftsourceinfo (in target 'OpenPlane' from project 'OpenPlane')
    cd /Users/ayalpani/dev/_products/openplane
    builtin-copy -exclude .DS_Store -exclude CVS -exclude .svn -exclude .git -exclude .hg -strip-unsigned-binaries -strip-deterministic -strip-tool /Applications/Xcode.app/Contents/Developer/Toolchains/XcodeDefault.xctoolchain/usr/bin/strip -resolve-src-symlinks -rename /tmp/openplane-grid/build/Build/Intermediates.noindex/OpenPlane.build/Release/OpenPlane.build/Objects-normal/arm64/OpenPlane.swiftsourceinfo /tmp/openplane-grid/build/Build/Products/Release/OpenPlane.swiftmodule/Project/arm64-apple-macos.swiftsourceinfo

Ld /tmp/openplane-grid/build/Build/Products/Release/OpenPlane.app/Contents/MacOS/OpenPlane normal (in target 'OpenPlane' from project 'OpenPlane')
    cd /Users/ayalpani/dev/_products/openplane
    /Applications/Xcode.app/Contents/Developer/Toolchains/XcodeDefault.xctoolchain/usr/bin/clang -Xlinker -reproducible -target arm64-apple-macos26.0 -isysroot /Applications/Xcode.app/Contents/Developer/Platforms/MacOSX.platform/Developer/SDKs/MacOSX26.5.sdk -Os -L/tmp/openplane-grid/build/Build/Intermediates.noindex/EagerLinkingTBDs/Release -L/tmp/openplane-grid/build/Build/Products/Release -F/tmp/openplane-grid/build/Build/Intermediates.noindex/EagerLinkingTBDs/Release -F/tmp/openplane-grid/build/Build/Products/Release -filelist /tmp/openplane-grid/build/Build/Intermediates.noindex/OpenPlane.build/Release/OpenPlane.build/Objects-normal/arm64/OpenPlane.LinkFileList -Xlinker -rpath -Xlinker @executable_path/../Frameworks -Xlinker -object_path_lto -Xlinker /tmp/openplane-grid/build/Build/Intermediates.noindex/OpenPlane.build/Release/OpenPlane.build/Objects-normal/arm64/OpenPlane_lto.o -Xlinker -debug_variant -Xlinker -dependency_info -Xlinker /tmp/openplane-grid/build/Build/Intermediates.noindex/OpenPlane.build/Release/OpenPlane.build/Objects-normal/arm64/OpenPlane_dependency_info.dat -fobjc-link-runtime -fprofile-instr-generate -L/Applications/Xcode.app/Contents/Developer/Toolchains/XcodeDefault.xctoolchain/usr/lib/swift/macosx -L/usr/lib/swift -Xlinker -add_ast_path -Xlinker /tmp/openplane-grid/build/Build/Intermediates.noindex/OpenPlane.build/Release/OpenPlane.build/Objects-normal/arm64/OpenPlane.swiftmodule @/tmp/openplane-grid/build/Build/Intermediates.noindex/OpenPlane.build/Release/OpenPlane.build/Objects-normal/arm64/OpenPlane-linker-args.resp -Xlinker -no_adhoc_codesign -o /tmp/openplane-grid/build/Build/Products/Release/OpenPlane.app/Contents/MacOS/OpenPlane

CopySwiftLibs /tmp/openplane-grid/build/Build/Products/Release/OpenPlane.app (in target 'OpenPlane' from project 'OpenPlane')
    cd /Users/ayalpani/dev/_products/openplane
    builtin-swiftStdLibTool --copy --verbose --sign FE0F0ABAB1006B294A5BD7EF23AAD0C7DF4296C7 --scan-executable /tmp/openplane-grid/build/Build/Products/Release/OpenPlane.app/Contents/MacOS/OpenPlane --scan-folder /tmp/openplane-grid/build/Build/Products/Release/OpenPlane.app/Contents/Frameworks --scan-folder /tmp/openplane-grid/build/Build/Products/Release/OpenPlane.app/Contents/PlugIns --scan-folder /tmp/openplane-grid/build/Build/Products/Release/OpenPlane.app/Contents/Library/SystemExtensions --scan-folder /tmp/openplane-grid/build/Build/Products/Release/OpenPlane.app/Contents/Extensions --platform macosx --toolchain /Applications/Xcode.app/Contents/Developer/Toolchains/XcodeDefault.xctoolchain --destination /tmp/openplane-grid/build/Build/Products/Release/OpenPlane.app/Contents/Frameworks --strip-bitcode --strip-bitcode-tool /Applications/Xcode.app/Contents/Developer/Toolchains/XcodeDefault.xctoolchain/usr/bin/bitcode_strip --emit-dependency-info /tmp/openplane-grid/build/Build/Intermediates.noindex/OpenPlane.build/Release/OpenPlane.build/SwiftStdLibToolInputDependencies.dep --filter-for-swift-os

ExtractAppIntentsMetadata (in target 'OpenPlane' from project 'OpenPlane')
    cd /Users/ayalpani/dev/_products/openplane
    /Applications/Xcode.app/Contents/Developer/Toolchains/XcodeDefault.xctoolchain/usr/bin/appintentsmetadataprocessor --toolchain-dir /Applications/Xcode.app/Contents/Developer/Toolchains/XcodeDefault.xctoolchain --module-name OpenPlane --sdk-root /Applications/Xcode.app/Contents/Developer/Platforms/MacOSX.platform/Developer/SDKs/MacOSX26.5.sdk --xcode-version 17F113 --platform-family macOS --deployment-target 26.0 --bundle-identifier com.yalpani.openplane.poc --output /tmp/openplane-grid/build/Build/Products/Release/OpenPlane.app/Contents/Resources --target-triple arm64-apple-macos26.0 --binary-file /tmp/openplane-grid/build/Build/Products/Release/OpenPlane.app/Contents/MacOS/OpenPlane --dependency-file /tmp/openplane-grid/build/Build/Intermediates.noindex/OpenPlane.build/Release/OpenPlane.build/Objects-normal/arm64/OpenPlane_dependency_info.dat --stringsdata-file /tmp/openplane-grid/build/Build/Intermediates.noindex/OpenPlane.build/Release/OpenPlane.build/Objects-normal/arm64/ExtractedAppShortcutsMetadata.stringsdata --source-file-list /tmp/openplane-grid/build/Build/Intermediates.noindex/OpenPlane.build/Release/OpenPlane.build/Objects-normal/arm64/OpenPlane.SwiftFileList --metadata-file-list /tmp/openplane-grid/build/Build/Intermediates.noindex/OpenPlane.build/Release/OpenPlane.build/OpenPlane.DependencyMetadataFileList --static-metadata-file-list /tmp/openplane-grid/build/Build/Intermediates.noindex/OpenPlane.build/Release/OpenPlane.build/OpenPlane.DependencyStaticMetadataFileList --swift-const-vals-list /tmp/openplane-grid/build/Build/Intermediates.noindex/OpenPlane.build/Release/OpenPlane.build/Objects-normal/arm64/OpenPlane.SwiftConstValuesFileList --compile-time-extraction --deployment-aware-processing --validate-assistant-intents --no-app-shortcuts-localization
2026-09-06 00:59:56.735 appintentsmetadataprocessor[5101:1445771] Starting appintentsmetadataprocessor export
2026-09-06 00:59:56.736 appintentsmetadataprocessor[5101:1445771] warning: Metadata extraction skipped. No AppIntents.framework dependency found.

GenerateDSYMFile /tmp/openplane-grid/build/Build/Products/Release/OpenPlane.app.dSYM /tmp/openplane-grid/build/Build/Products/Release/OpenPlane.app/Contents/MacOS/OpenPlane (in target 'OpenPlane' from project 'OpenPlane')
    cd /Users/ayalpani/dev/_products/openplane
    /Applications/Xcode.app/Contents/Developer/Toolchains/XcodeDefault.xctoolchain/usr/bin/dsymutil /tmp/openplane-grid/build/Build/Products/Release/OpenPlane.app/Contents/MacOS/OpenPlane -o /tmp/openplane-grid/build/Build/Products/Release/OpenPlane.app.dSYM

CodeSign /tmp/openplane-grid/build/Build/Products/Release/OpenPlane.app (in target 'OpenPlane' from project 'OpenPlane')
    cd /Users/ayalpani/dev/_products/openplane
    
    Signing Identity:     "Apple Development: arash@yalpani.de (HWW447PPN9)"
    
    /usr/bin/codesign --force --sign FE0F0ABAB1006B294A5BD7EF23AAD0C7DF4296C7 --entitlements /tmp/openplane-grid/build/Build/Intermediates.noindex/OpenPlane.build/Release/OpenPlane.build/OpenPlane.app.xcent --timestamp\=none --generate-entitlement-der /tmp/openplane-grid/build/Build/Products/Release/OpenPlane.app

RegisterExecutionPolicyException /tmp/openplane-grid/build/Build/Products/Release/OpenPlane.app (in target 'OpenPlane' from project 'OpenPlane')
    cd /Users/ayalpani/dev/_products/openplane
    builtin-RegisterExecutionPolicyException /tmp/openplane-grid/build/Build/Products/Release/OpenPlane.app

Validate /tmp/openplane-grid/build/Build/Products/Release/OpenPlane.app (in target 'OpenPlane' from project 'OpenPlane')
    cd /Users/ayalpani/dev/_products/openplane
    builtin-validationUtility /tmp/openplane-grid/build/Build/Products/Release/OpenPlane.app -no-validate-extension -infoplist-subpath Contents/Info.plist

Touch /tmp/openplane-grid/build/Build/Products/Release/OpenPlane.app (in target 'OpenPlane' from project 'OpenPlane')
    cd /Users/ayalpani/dev/_products/openplane
    /usr/bin/touch -c /tmp/openplane-grid/build/Build/Products/Release/OpenPlane.app

RegisterWithLaunchServices /tmp/openplane-grid/build/Build/Products/Release/OpenPlane.app (in target 'OpenPlane' from project 'OpenPlane')
    cd /Users/ayalpani/dev/_products/openplane
    /System/Library/Frameworks/CoreServices.framework/Versions/Current/Frameworks/LaunchServices.framework/Versions/Current/Support/lsregister -f -R -trusted /tmp/openplane-grid/build/Build/Products/Release/OpenPlane.app

** BUILD SUCCEEDED **

